******************************************************************************
            TI ARM Clang Linker PC v4.0.2                      
******************************************************************************
>> Linked Mon Aug  3 15:10:34 2026

OUTPUT FILE NAME:   <RMR.out>
ENTRY POINT SYMBOL: "_c_int00_noargs"  address: 00003359


MEMORY CONFIGURATION

         name            origin    length      used     unused   attr    fill
----------------------  --------  ---------  --------  --------  ----  --------
  FLASH                 00000000   000037f0  000036b8  00000138  R  X
  FLASH_VERSION         000037f0   00000010  00000010  00000000  R     ffffffff 
  FLASH_NVM_A           00003800   00000400  00000400  00000000  R     ffffffff 
  FLASH_NVM_B           00003c00   00000400  00000400  00000000  R     ffffffff 
  SRAM                  20000000   00000400  00000309  000000f7  RW X
  BCR_CONFIG            41c00000   000000ff  00000000  000000ff  R   


SEGMENT ALLOCATION MAP

run origin  load origin   length   init length attrs members
----------  ----------- ---------- ----------- ----- -------
00000000    00000000    000035a0   000035a0    r-x
  00000000    00000000    000000c0   000000c0    r-- .intvecs
  000000c0    000000c0    000034e0   000034e0    r-x .text
00003600    00003600    000000b8   000000b8    r--
  00003600    00003600    00000038   00000038    r-- .rodata
  00003638    00003638    00000070   00000070    r-- .cinit
  000036a8    000036a8    00000010   00000010    r-- .binit
000037f0    000037f0    00000810   00000810    r--
  000037f0    000037f0    00000010   00000010    r-- .fw_version
  00003800    00003800    00000400   00000400    r-- $fill000
  00003c00    00003c00    00000400   00000400    r-- $fill001
20000000    20000000    000001a4   00000000    rw-
  20000000    20000000    00000121   00000000    rw- .data
  20000124    20000124    00000080   00000000    rw- .bss
200001a8    000035a0    00000060   00000060    r-x
  200001a8    000035a0    00000060   00000060    r-x .TI.ramfunc
20000208    20000208    00000008   00000000    rw-
  20000208    20000208    00000008   00000000    rw- .TI.noinit
20000300    20000300    00000100   00000000    rw-
  20000300    20000300    00000100   00000000    rw- .stack


SECTION ALLOCATION MAP

 output                                  attributes/
section   page    origin      length       input sections
--------  ----  ----------  ----------   ----------------
.intvecs   0    00000000    000000c0     
                  00000000    000000c0     startup_mspm0c110x_ticlang.o (.intvecs)

.text      0    000000c0    000034e0     
                  000000c0    000007b8     empty_mspm0c1104.o (.text.key_task)
                  00000878    0000069c     empty_mspm0c1104.o (.text.test_mode_task)
                  00000f14    0000066c     empty_mspm0c1104.o (.text.als_task)
                  00001580    00000470     empty_mspm0c1104.o (.text.save_memory_to_flash)
                  000019f0    0000032c     empty_mspm0c1104.o (.text.main)
                  00001d1c    000002a0     empty_mspm0c1104.o (.text.calculate_safe_brt)
                  00001fbc    0000028c     empty_mspm0c1104.o (.text.load_memory_from_flash)
                  00002248    00000224     empty_mspm0c1104.o (.text.protection_task)
                  0000246c    000001f0     empty_mspm0c1104.o (.text.pwm_output_task)
                  0000265c    000001c0     empty_mspm0c1104.o (.text.scheduler_run)
                  0000281c    00000194     empty_mspm0c1104.o (.text.i2c_write_byte)
                  000029b0    00000180     empty_mspm0c1104.o (.text.i2c_read_byte)
                  00002b30    00000104     driverlib.a : dl_timer.o (.text.DL_Timer_initFourCCPWMMode)
                  00002c34    000000d8                 : dl_flashctl.o (.text.DL_FlashCTL_unprotectSector)
                  00002d0c    000000a2     libclang_rt.builtins.a : udivmoddi4.S.obj (.text)
                  00002dae    0000009a     libc.a : memcpy16.S.obj (.text:memcpy)
                  00002e48    0000007c            : copy_decompress_lzss.c.obj (.text:decompress:lzss)
                  00002ec4    0000006c     ti_msp_dl_config.o (.text.SYSCFG_DL_PWM_0_init)
                  00002f30    00000064     empty_mspm0c1104.o (.text.i2c_start)
                  00002f94    00000062     libc.a : memset16.S.obj (.text:memset)
                  00002ff6    00000002     startup_mspm0c110x_ticlang.o (.text.Default_Handler)
                  00002ff8    00000060     empty_mspm0c1104.o (.text.user_als_lux_to_brt_curve)
                  00003058    00000056     libclang_rt.builtins.a : aeabi_idivmod.S.obj (.text.__aeabi_idivmod)
                  000030ae    00000002                            : aeabi_div0.c.obj (.text.__aeabi_idiv0)
                  000030b0    0000004c     ti_msp_dl_config.o (.text.SYSCFG_DL_ADC12_0_init)
                  000030fc    0000004c     ti_msp_dl_config.o (.text.SYSCFG_DL_GPIO_init)
                  00003148    0000004c     ti_msp_dl_config.o (.text.SYSCFG_DL_initPower)
                  00003194    0000004c     libc.a : cpy_tbl.c.obj (.text.copy_in)
                  000031e0    0000004c            : autoinit.c.obj (.text:__TI_auto_init_nopinit)
                  0000322c    00000040     driverlib.a : dl_adc12.o (.text.DL_ADC12_setClockConfig)
                  0000326c    00000040     libclang_rt.builtins.a : aeabi_uidivmod.S.obj (.text.__aeabi_uidivmod)
                  000032ac    0000003a                            : muldsi3.S.obj (.text.__muldsi3)
                  000032e6    00000002                            : aeabi_div0.c.obj (.text.__aeabi_ldiv0)
                  000032e8    00000038     driverlib.a : dl_sysctl_mspm0c110x.o (.text.DL_SYSCTL_switchMCLKfromLFCLKtoSYSOSC)
                  00003320    00000038     empty_mspm0c1104.o (.text.i2c_stop)
                  00003358    00000028     libc.a : boot_cortex_m.c.obj (.text:_c_int00_noargs)
                  00003380    00000024     driverlib.a : dl_flashctl.o (.text.DL_FlashCTL_programMemoryFromRAM64)
                  000033a4    00000010                 : dl_flashctl.o (.tramp.DL_FlashCTL_executeCommandFromRAM.1)
                  000033b4    00000024     ti_msp_dl_config.o (.text.SYSCFG_DL_SYSCTL_init)
                  000033d8    00000024     libclang_rt.builtins.a : muldi3.S.obj (.text.__muldi3)
                  000033fc    00000022     driverlib.a : dl_vref.o (.text.DL_VREF_configReference)
                  0000341e    00000020     ti_msp_dl_config.o (.text.SYSCFG_DL_init)
                  0000343e    00000002     --HOLE-- [fill = 0]
                  00003440    0000001e     libclang_rt.builtins.a : ashldi3.S.obj (.text.__ashldi3)
                  0000345e    00000002     --HOLE-- [fill = 0]
                  00003460    0000001c     driverlib.a : dl_timer.o (.text.DL_Timer_setCaptCompUpdateMethod)
                  0000347c    0000001c                 : dl_timer.o (.text.DL_Timer_setClockConfig)
                  00003498    00000018                 : dl_flashctl.o (.text.DL_FlashCTL_eraseMemoryFromRAM)
                  000034b0    00000018                 : dl_timer.o (.text.DL_Timer_setCaptureCompareOutCtl)
                  000034c8    00000018     ti_msp_dl_config.o (.text.SYSCFG_DL_WWDT0_init)
                  000034e0    00000016     libc.a : copy_zero_init.c.obj (.text:decompress:ZI:__TI_zero_init_nomemset)
                  000034f6    00000002     --HOLE-- [fill = 0]
                  000034f8    00000014     empty_mspm0c1104.o (.text.GPIOA_IRQHandler)
                  0000350c    00000014     ti_msp_dl_config.o (.text.SYSCFG_DL_VREF_init)
                  00003520    00000014     libclang_rt.builtins.a : aeabi_uldivmod.S.obj (.text.__aeabi_uldivmod)
                  00003534    00000012     libc.a : copy_decompress_none.c.obj (.text:decompress:none)
                  00003546    00000002     --HOLE-- [fill = 0]
                  00003548    00000010     driverlib.a : dl_timer.o (.text.DL_Timer_setCaptureCompareValue)
                  00003558    00000010     empty_mspm0c1104.o (.text.SysTick_Handler)
                  00003568    0000000c     libclang_rt.builtins.a : aeabi_memset.S.obj (.text.__aeabi_memclr)
                  00003574    0000000a     driverlib.a : dl_common.o (.text.DL_Common_delayCycles)
                  0000357e    00000002     --HOLE-- [fill = 0]
                  00003580    00000008     libclang_rt.builtins.a : aeabi_memcpy.S.obj (.text.__aeabi_memcpy)
                  00003588    00000006     libc.a : exit.c.obj (.text:abort)
                  0000358e    00000004     libsysbm.a : hostexit.c.obj (.text.HOSTexit)
                  00003592    00000004     startup_mspm0c110x_ticlang.o (.text.Reset_Handler)
                  00003596    00000004     libc.a : pre_init.c.obj (.text._system_pre_init)
                  0000359a    00000006     --HOLE-- [fill = 0]

.TI.ramfunc 
*          0    000035a0    00000060     RUN ADDR = 200001a8
                  000035a0    00000060     driverlib.a : dl_flashctl.o (.TI.ramfunc)

.cinit     0    00003638    00000070     
                  00003638    00000038     (.cinit..data.load) [load image, compression = lzss]
                  00003670    0000000c     (__TI_handler_table)
                  0000367c    00000008     (.cinit..TI.noinit.load) [load image, compression = zero_init]
                  00003684    00000008     (.cinit..bss.load) [load image, compression = zero_init]
                  0000368c    00000018     (__TI_cinit_table)
                  000036a4    00000004     --HOLE-- [fill = 0]

.rodata    0    00003600    00000038     
                  00003600    00000012     empty_mspm0c1104.o (.rodata.CFG_BRT_MAP)
                  00003612    0000000a     empty_mspm0c1104.o (.rodata.AUTO_OFFSET_PCT)
                  0000361c    00000008     ti_msp_dl_config.o (.rodata.gADC12_0ClockConfig)
                  00003624    00000008     ti_msp_dl_config.o (.rodata.gPWM_0Config)
                  0000362c    00000008     ti_msp_dl_config.o (.rodata.gVREFConfig)
                  00003634    00000003     ti_msp_dl_config.o (.rodata.gPWM_0ClockConfig)
                  00003637    00000001     --HOLE-- [fill = 0]

.init_array 
*          0    00000000    00000000     UNINITIALIZED

.binit     0    000036a8    00000010     
                  000036a8    00000010     (.binit)

.fw_version 
*          0    000037f0    00000010     
                  000037f0    00000010     empty_mspm0c1104.o (.fw_version)

.TI.noinit 
*          0    20000208    00000008     UNINITIALIZED
                  20000208    00000008     empty_mspm0c1104.o (.TI.noinit)

.data      0    20000000    00000121     UNINITIALIZED
                  20000000    000000ac     empty_mspm0c1104.o (.data.g_test_box)
                  200000ac    00000008     empty_mspm0c1104.o (.data.g_anim)
                  200000b4    00000004     empty_mspm0c1104.o (.data.adc_task.adc_tick)
                  200000b8    00000004     empty_mspm0c1104.o (.data.als_err_start_tick)
                  200000bc    00000004     empty_mspm0c1104.o (.data.als_task.als_tick)
                  200000c0    00000004     empty_mspm0c1104.o (.data.als_task.lux_avg)
                  200000c4    00000004     empty_mspm0c1104.o (.data.brt_cache_last_vbatt)
                  200000c8    00000004     empty_mspm0c1104.o (.data.current_nvm_slot)
                  200000cc    00000004     empty_mspm0c1104.o (.data.current_sector_addr)
                  200000d0    00000004     empty_mspm0c1104.o (.data.flash_mode_start_tick)
                  200000d4    00000004     empty_mspm0c1104.o (.data.g_tick_ms)
                  200000d8    00000004     empty_mspm0c1104.o (.data.g_vbatt_mv_filtered)
                  200000dc    00000004     empty_mspm0c1104.o (.data.g_vbatt_mv_raw)
                  200000e0    00000004     empty_mspm0c1104.o (.data.inactivity_sec)
                  200000e4    00000004     empty_mspm0c1104.o (.data.last_user_action_tick)
                  200000e8    00000004     empty_mspm0c1104.o (.data.max_both_ms)
                  200000ec    00000004     empty_mspm0c1104.o (.data.nvm_dirty_start_tick)
                  200000f0    00000004     empty_mspm0c1104.o (.data.protection_task.last_1s_tick)
                  200000f4    00000004     empty_mspm0c1104.o (.data.t_both_ms)
                  200000f8    00000004     empty_mspm0c1104.o (.data.t_minus_ms)
                  200000fc    00000004     empty_mspm0c1104.o (.data.t_plus_ms)
                  20000100    00000002     empty_mspm0c1104.o (.data.als_task.last_als_brt)
                  20000102    00000002     empty_mspm0c1104.o (.data.brt_cache_last_req)
                  20000104    00000002     empty_mspm0c1104.o (.data.brt_cache_val)
                  20000106    00000002     empty_mspm0c1104.o (.data.current_brt_calculated)
                  20000108    00000002     empty_mspm0c1104.o (.data.current_pwm)
                  2000010a    00000002     empty_mspm0c1104.o (.data.g_last_applied_pwm)
                  2000010c    00000002     empty_mspm0c1104.o (.data.target_pwm)
                  2000010e    00000002     empty_mspm0c1104.o (.data.virtual_max_brt)
                  20000110    00000001     empty_mspm0c1104.o (.data.adc_task.first_read)
                  20000111    00000001     empty_mspm0c1104.o (.data.adc_task.is_converting)
                  20000112    00000001     empty_mspm0c1104.o (.data.als_task.als_err_cnt)
                  20000113    00000001     empty_mspm0c1104.o (.data.als_task.als_st)
                  20000114    00000001     empty_mspm0c1104.o (.data.anim_5s_done)
                  20000115    00000001     empty_mspm0c1104.o (.data.hist_minus)
                  20000116    00000001     empty_mspm0c1104.o (.data.hist_plus)
                  20000117    00000001     empty_mspm0c1104.o (.data.is_dimmed)
                  20000118    00000001     empty_mspm0c1104.o (.data.is_overshot)
                  20000119    00000001     empty_mspm0c1104.o (.data.nvm_dirty)
                  2000011a    00000001     empty_mspm0c1104.o (.data.prev_db_minus)
                  2000011b    00000001     empty_mspm0c1104.o (.data.prev_db_plus)
                  2000011c    00000001     empty_mspm0c1104.o (.data.protection_task.lvp_crit_cnt)
                  2000011d    00000001     empty_mspm0c1104.o (.data.protection_task.lvp_ext_cnt)
                  2000011e    00000001     empty_mspm0c1104.o (.data.protection_task.pwr_loss_cnt)
                  2000011f    00000001     empty_mspm0c1104.o (.data.sys_state)
                  20000120    00000001     empty_mspm0c1104.o (.data.test_mode_task.test_mode_active)

.bss       0    20000124    00000080     UNINITIALIZED
                  20000124    00000040     (.common:flash_shadow)
                  20000164    00000040     (.common:sys_memory)

.stack     0    20000300    00000100     UNINITIALIZED
                  20000300    00000004     libc.a : boot_cortex_m.c.obj (.stack)
                  20000304    000000fc     --HOLE--

__llvm_prf_cnts 
*          0    20000000    00000000     UNINITIALIZED

__llvm_prf_bits 
*          0    20000000    00000000     UNINITIALIZED

$fill000   0    00003800    00000400     
                  00003800    00000400     --HOLE-- [fill = ffffffff]

$fill001   0    00003c00    00000400     
                  00003c00    00000400     --HOLE-- [fill = ffffffff]

MODULE SUMMARY

       Module                         code    ro data   rw data
       ------                         ----    -------   -------
    .\
       empty_mspm0c1104.o             11152   44        425    
       startup_mspm0c110x_ticlang.o   6       192       0      
    +--+------------------------------+-------+---------+---------+
       Total:                         11158   236       425    
                                                               
    .\syscfg\
       ti_msp_dl_config.o             448     27        0      
    +--+------------------------------+-------+---------+---------+
       Total:                         448     27        0      
                                                               
    C:/ti/mspm0_sdk_2_11_00_07/source/ti/driverlib/lib/ticlang/m0p/mspm0c110x/driverlib.a
       dl_flashctl.o                  484     0         0      
       dl_timer.o                     356     0         0      
       dl_adc12.o                     64      0         0      
       dl_sysctl_mspm0c110x.o         56      0         0      
       dl_vref.o                      34      0         0      
       dl_common.o                    10      0         0      
    +--+------------------------------+-------+---------+---------+
       Total:                         1004    0         0      
                                                               
    C:\ti\ti_cgt_arm_llvm_4.0.2.LTS\lib\armv6m-ti-none-eabi/c/libc.a
       memcpy16.S.obj                 154     0         0      
       copy_decompress_lzss.c.obj     124     0         0      
       memset16.S.obj                 98      0         0      
       autoinit.c.obj                 76      0         0      
       cpy_tbl.c.obj                  76      0         0      
       boot_cortex_m.c.obj            40      0         0      
       copy_zero_init.c.obj           22      0         0      
       copy_decompress_none.c.obj     18      0         0      
       exit.c.obj                     6       0         0      
       pre_init.c.obj                 4       0         0      
    +--+------------------------------+-------+---------+---------+
       Total:                         618     0         0      
                                                               
    C:\ti\ti_cgt_arm_llvm_4.0.2.LTS\lib\armv6m-ti-none-eabi/c/libsysbm.a
       hostexit.c.obj                 4       0         0      
    +--+------------------------------+-------+---------+---------+
       Total:                         4       0         0      
                                                               
    C:\ti\ti_cgt_arm_llvm_4.0.2.LTS\lib\armv6m-ti-none-eabi/libclang_rt.builtins.a
       udivmoddi4.S.obj               162     0         0      
       aeabi_idivmod.S.obj            86      0         0      
       aeabi_uidivmod.S.obj           64      0         0      
       muldsi3.S.obj                  58      0         0      
       muldi3.S.obj                   36      0         0      
       ashldi3.S.obj                  30      0         0      
       aeabi_uldivmod.S.obj           20      0         0      
       aeabi_memset.S.obj             12      0         0      
       aeabi_memcpy.S.obj             8       0         0      
       aeabi_div0.c.obj               4       0         0      
    +--+------------------------------+-------+---------+---------+
       Total:                         480     0         0      
                                                               
       Stack:                         0       0         256    
       Linker Generated:              0       124       0      
    +--+------------------------------+-------+---------+---------+
       Grand Total:                   13712   387       681    


LINKER GENERATED COPY TABLES

__TI_cinit_table @ 0000368c records: 3, size/record: 8, table size: 24
	.data: load addr=00003638, load size=00000038 bytes, run addr=20000000, run size=00000121 bytes, compression=lzss
	.TI.noinit: load addr=0000367c, load size=00000008 bytes, run addr=20000208, run size=00000008 bytes, compression=zero_init
	.bss: load addr=00003684, load size=00000008 bytes, run addr=20000124, run size=00000080 bytes, compression=zero_init
binit @ 000036a8 records: 1, size/record: 12, table size: 16
	.TI.ramfunc: load addr=000035a0, load size=00000060, run addr=200001a8, run size=00000060, compression=none


LINKER GENERATED HANDLER TABLE

__TI_handler_table @ 00003670 records: 3, size/record: 4, table size: 12
	index: 0, handler: __TI_zero_init
	index: 1, handler: __TI_decompress_lzss
	index: 2, handler: __TI_decompress_none


FAR CALL TRAMPOLINES

callee name               trampoline name
   callee addr  tramp addr   call addr  call info
--------------  -----------  ---------  ----------------
DL_FlashCTL_executeCommandFromRAM  $Tramp$TT$L$PI$$DL_FlashCTL_executeCommandFromRAM
   200001a9     000033a4     00003398   driverlib.a : dl_flashctl.o (.text.DL_FlashCTL_programMemoryFromRAM64)
                             000034a6               : dl_flashctl.o (.text.DL_FlashCTL_eraseMemoryFromRAM)

[1 trampolines]
[2 trampoline calls]


GLOBAL SYMBOLS: SORTED ALPHABETICALLY BY Name 

address   name                                 
-------   ----                                 
00002ff7  ADC0_IRQHandler                      
00003612  AUTO_OFFSET_PCT                      
0000358e  C$$EXIT                              
00003600  CFG_BRT_MAP                          
0000322d  DL_ADC12_setClockConfig              
00003575  DL_Common_delayCycles                
00003499  DL_FlashCTL_eraseMemoryFromRAM       
00003381  DL_FlashCTL_programMemoryFromRAM64   
00002c35  DL_FlashCTL_unprotectSector          
000032e9  DL_SYSCTL_switchMCLKfromLFCLKtoSYSOSC
00002b31  DL_Timer_initFourCCPWMMode           
00003461  DL_Timer_setCaptCompUpdateMethod     
000034b1  DL_Timer_setCaptureCompareOutCtl     
00003549  DL_Timer_setCaptureCompareValue      
0000347d  DL_Timer_setClockConfig              
000033fd  DL_VREF_configReference              
00002ff7  DMA_IRQHandler                       
00002ff7  Default_Handler                      
000034f9  GPIOA_IRQHandler                     
00002ff7  GROUP0_IRQHandler                    
0000358f  HOSTexit                             
00002ff7  HardFault_Handler                    
00002ff7  I2C0_IRQHandler                      
00002ff7  NMI_Handler                          
00002ff7  PendSV_Handler                       
00003593  Reset_Handler                        
00002ff7  SPI0_IRQHandler                      
00002ff7  SVC_Handler                          
000030b1  SYSCFG_DL_ADC12_0_init               
000030fd  SYSCFG_DL_GPIO_init                  
00002ec5  SYSCFG_DL_PWM_0_init                 
000033b5  SYSCFG_DL_SYSCTL_init                
0000350d  SYSCFG_DL_VREF_init                  
000034c9  SYSCFG_DL_WWDT0_init                 
0000341f  SYSCFG_DL_init                       
00003149  SYSCFG_DL_initPower                  
00003559  SysTick_Handler                      
00002ff7  TIMA0_IRQHandler                     
00002ff7  TIMG14_IRQHandler                    
00002ff7  TIMG8_IRQHandler                     
00002ff7  UART0_IRQHandler                     
20000400  __STACK_END                          
00000100  __STACK_SIZE                         
00000000  __TI_ATRegion0_region_sz             
00000000  __TI_ATRegion0_src_addr              
00000000  __TI_ATRegion0_trg_addr              
00000000  __TI_ATRegion1_region_sz             
00000000  __TI_ATRegion1_src_addr              
00000000  __TI_ATRegion1_trg_addr              
00000000  __TI_ATRegion2_region_sz             
00000000  __TI_ATRegion2_src_addr              
00000000  __TI_ATRegion2_trg_addr              
0000368c  __TI_CINIT_Base                      
000036a4  __TI_CINIT_Limit                     
000036a4  __TI_CINIT_Warm                      
00003670  __TI_Handler_Table_Base              
0000367c  __TI_Handler_Table_Limit             
000031e1  __TI_auto_init_nopinit               
00002e49  __TI_decompress_lzss                 
00003535  __TI_decompress_none                 
ffffffff  __TI_pprof_out_hndl                  
ffffffff  __TI_prof_data_size                  
ffffffff  __TI_prof_data_start                 
00000000  __TI_static_base__                   
000036a8  __TI_table_binit                     
000034e1  __TI_zero_init_nomemset              
00003059  __aeabi_idiv                         
000030af  __aeabi_idiv0                        
00003059  __aeabi_idivmod                      
000032e7  __aeabi_ldiv0                        
00003441  __aeabi_llsl                         
000033d9  __aeabi_lmul                         
00003569  __aeabi_memclr                       
00003569  __aeabi_memclr4                      
00003569  __aeabi_memclr8                      
00003581  __aeabi_memcpy                       
00003581  __aeabi_memcpy4                      
00003581  __aeabi_memcpy8                      
0000326d  __aeabi_uidiv                        
0000326d  __aeabi_uidivmod                     
00003521  __aeabi_uldivmod                     
00003441  __ashldi3                            
000036a8  __binit__                            
UNDEFED   __mpu_init                           
000033d9  __muldi3                             
000032ad  __muldsi3                            
20000300  __stack                              
20000000  __start___llvm_prf_bits              
20000000  __start___llvm_prf_cnts              
20000000  __stop___llvm_prf_bits               
20000000  __stop___llvm_prf_cnts               
00002d0d  __udivmoddi4                         
00003359  _c_int00_noargs                      
UNDEFED   _system_post_cinit                   
00003597  _system_pre_init                     
00003589  abort                                
200000b8  als_err_start_tick                   
00000f15  als_task                             
000036a8  binit                                
00001d1d  calculate_safe_brt                   
00003195  copy_in                              
20000106  current_brt_calculated               
200000c8  current_nvm_slot                     
20000108  current_pwm                          
200000cc  current_sector_addr                  
200000d0  flash_mode_start_tick                
20000124  flash_shadow                         
200000ac  g_anim                               
20000208  g_flash_mode_used                    
000037f0  g_fw_version_flash                   
2000010a  g_last_applied_pwm                   
2000020c  g_por_magic                          
20000000  g_test_box                           
200000d4  g_tick_ms                            
200000d8  g_vbatt_mv_filtered                  
200000dc  g_vbatt_mv_raw                       
000029b1  i2c_read_byte                        
00002f31  i2c_start                            
00003321  i2c_stop                             
0000281d  i2c_write_byte                       
200000e0  inactivity_sec                       
00000000  interruptVectors                     
20000117  is_dimmed                            
20000118  is_overshot                          
000000c1  key_task                             
200000e4  last_user_action_tick                
00001fbd  load_memory_from_flash               
000019f1  main                                 
00002daf  memcpy                               
00002f95  memset                               
20000119  nvm_dirty                            
200000ec  nvm_dirty_start_tick                 
00002249  protection_task                      
0000246d  pwm_output_task                      
00001581  save_memory_to_flash                 
0000265d  scheduler_run                        
20000164  sys_memory                           
2000011f  sys_state                            
2000010c  target_pwm                           
00000879  test_mode_task                       
2000010e  virtual_max_brt                      


GLOBAL SYMBOLS: SORTED BY Symbol Address 

address   name                                 
-------   ----                                 
00000000  __TI_ATRegion0_region_sz             
00000000  __TI_ATRegion0_src_addr              
00000000  __TI_ATRegion0_trg_addr              
00000000  __TI_ATRegion1_region_sz             
00000000  __TI_ATRegion1_src_addr              
00000000  __TI_ATRegion1_trg_addr              
00000000  __TI_ATRegion2_region_sz             
00000000  __TI_ATRegion2_src_addr              
00000000  __TI_ATRegion2_trg_addr              
00000000  __TI_static_base__                   
00000000  interruptVectors                     
000000c1  key_task                             
00000100  __STACK_SIZE                         
00000879  test_mode_task                       
00000f15  als_task                             
00001581  save_memory_to_flash                 
000019f1  main                                 
00001d1d  calculate_safe_brt                   
00001fbd  load_memory_from_flash               
00002249  protection_task                      
0000246d  pwm_output_task                      
0000265d  scheduler_run                        
0000281d  i2c_write_byte                       
000029b1  i2c_read_byte                        
00002b31  DL_Timer_initFourCCPWMMode           
00002c35  DL_FlashCTL_unprotectSector          
00002d0d  __udivmoddi4                         
00002daf  memcpy                               
00002e49  __TI_decompress_lzss                 
00002ec5  SYSCFG_DL_PWM_0_init                 
00002f31  i2c_start                            
00002f95  memset                               
00002ff7  ADC0_IRQHandler                      
00002ff7  DMA_IRQHandler                       
00002ff7  Default_Handler                      
00002ff7  GROUP0_IRQHandler                    
00002ff7  HardFault_Handler                    
00002ff7  I2C0_IRQHandler                      
00002ff7  NMI_Handler                          
00002ff7  PendSV_Handler                       
00002ff7  SPI0_IRQHandler                      
00002ff7  SVC_Handler                          
00002ff7  TIMA0_IRQHandler                     
00002ff7  TIMG14_IRQHandler                    
00002ff7  TIMG8_IRQHandler                     
00002ff7  UART0_IRQHandler                     
00003059  __aeabi_idiv                         
00003059  __aeabi_idivmod                      
000030af  __aeabi_idiv0                        
000030b1  SYSCFG_DL_ADC12_0_init               
000030fd  SYSCFG_DL_GPIO_init                  
00003149  SYSCFG_DL_initPower                  
00003195  copy_in                              
000031e1  __TI_auto_init_nopinit               
0000322d  DL_ADC12_setClockConfig              
0000326d  __aeabi_uidiv                        
0000326d  __aeabi_uidivmod                     
000032ad  __muldsi3                            
000032e7  __aeabi_ldiv0                        
000032e9  DL_SYSCTL_switchMCLKfromLFCLKtoSYSOSC
00003321  i2c_stop                             
00003359  _c_int00_noargs                      
00003381  DL_FlashCTL_programMemoryFromRAM64   
000033b5  SYSCFG_DL_SYSCTL_init                
000033d9  __aeabi_lmul                         
000033d9  __muldi3                             
000033fd  DL_VREF_configReference              
0000341f  SYSCFG_DL_init                       
00003441  __aeabi_llsl                         
00003441  __ashldi3                            
00003461  DL_Timer_setCaptCompUpdateMethod     
0000347d  DL_Timer_setClockConfig              
00003499  DL_FlashCTL_eraseMemoryFromRAM       
000034b1  DL_Timer_setCaptureCompareOutCtl     
000034c9  SYSCFG_DL_WWDT0_init                 
000034e1  __TI_zero_init_nomemset              
000034f9  GPIOA_IRQHandler                     
0000350d  SYSCFG_DL_VREF_init                  
00003521  __aeabi_uldivmod                     
00003535  __TI_decompress_none                 
00003549  DL_Timer_setCaptureCompareValue      
00003559  SysTick_Handler                      
00003569  __aeabi_memclr                       
00003569  __aeabi_memclr4                      
00003569  __aeabi_memclr8                      
00003575  DL_Common_delayCycles                
00003581  __aeabi_memcpy                       
00003581  __aeabi_memcpy4                      
00003581  __aeabi_memcpy8                      
00003589  abort                                
0000358e  C$$EXIT                              
0000358f  HOSTexit                             
00003593  Reset_Handler                        
00003597  _system_pre_init                     
00003600  CFG_BRT_MAP                          
00003612  AUTO_OFFSET_PCT                      
00003670  __TI_Handler_Table_Base              
0000367c  __TI_Handler_Table_Limit             
0000368c  __TI_CINIT_Base                      
000036a4  __TI_CINIT_Limit                     
000036a4  __TI_CINIT_Warm                      
000036a8  __TI_table_binit                     
000036a8  __binit__                            
000036a8  binit                                
000037f0  g_fw_version_flash                   
20000000  __start___llvm_prf_bits              
20000000  __start___llvm_prf_cnts              
20000000  __stop___llvm_prf_bits               
20000000  __stop___llvm_prf_cnts               
20000000  g_test_box                           
200000ac  g_anim                               
200000b8  als_err_start_tick                   
200000c8  current_nvm_slot                     
200000cc  current_sector_addr                  
200000d0  flash_mode_start_tick                
200000d4  g_tick_ms                            
200000d8  g_vbatt_mv_filtered                  
200000dc  g_vbatt_mv_raw                       
200000e0  inactivity_sec                       
200000e4  last_user_action_tick                
200000ec  nvm_dirty_start_tick                 
20000106  current_brt_calculated               
20000108  current_pwm                          
2000010a  g_last_applied_pwm                   
2000010c  target_pwm                           
2000010e  virtual_max_brt                      
20000117  is_dimmed                            
20000118  is_overshot                          
20000119  nvm_dirty                            
2000011f  sys_state                            
20000124  flash_shadow                         
20000164  sys_memory                           
20000208  g_flash_mode_used                    
2000020c  g_por_magic                          
20000300  __stack                              
20000400  __STACK_END                          
ffffffff  __TI_pprof_out_hndl                  
ffffffff  __TI_prof_data_size                  
ffffffff  __TI_prof_data_start                 
UNDEFED   __mpu_init                           
UNDEFED   _system_post_cinit                   

[141 symbols]
