<?xml version="1.0" encoding="ISO-8859-1" ?>
<link_info>
   <banner>TI ARM Clang Linker PC v4.0.2.LTS</banner>
   <copyright>Copyright (c) 1996-2018 Texas Instruments Incorporated</copyright>
   <command_line>C:\ti\ti_cgt_arm_llvm_4.0.2.LTS\bin\tiarmlnk -IC:\ti\ti_cgt_arm_llvm_4.0.2.LTS\lib -o RMR.out -mRMR.map -iC:/ti/mspm0_sdk_2_11_00_07/source -iC:/Users/Nalani/workspace_v12/RMR/Debug/syscfg -iC:/ti/ti_cgt_arm_llvm_4.0.2.LTS/lib --diag_wrap=off --display_error_number --warn_sections --xml_link_info=RMR_linkInfo.xml --rom_model ./empty_mspm0c1104.o ./syscfg/ti_msp_dl_config.o ./startup_mspm0c110x_ticlang.o ../device_linker.cmd -ldevice.cmd.genlibs -llibc.a --start-group -llibc++.a -llibc++abi.a -llibc.a -llibsys.a -llibsysbm.a -llibclang_rt.builtins.a -llibclang_rt.profile.a --end-group --cg_opt_level=2</command_line>
   <link_time>0x6a703eea</link_time>
   <link_errors>0x0</link_errors>
   <output_file>C:\Users\Nalani\workspace_v12\RMR\Debug\RMR.out</output_file>
   <entry_point>
      <name>_c_int00_noargs</name>
      <address>0x3359</address>
   </entry_point>
   <input_file_list>
      <input_file id="fl-1">
         <path>C:\Users\Nalani\workspace_v12\RMR\Debug\.\</path>
         <kind>object</kind>
         <file>empty_mspm0c1104.o</file>
         <name>empty_mspm0c1104.o</name>
      </input_file>
      <input_file id="fl-2">
         <path>C:\Users\Nalani\workspace_v12\RMR\Debug\.\syscfg\</path>
         <kind>object</kind>
         <file>ti_msp_dl_config.o</file>
         <name>ti_msp_dl_config.o</name>
      </input_file>
      <input_file id="fl-3">
         <path>C:\Users\Nalani\workspace_v12\RMR\Debug\.\</path>
         <kind>object</kind>
         <file>startup_mspm0c110x_ticlang.o</file>
         <name>startup_mspm0c110x_ticlang.o</name>
      </input_file>
      <input_file id="fl-10">
         <path>C:\Users\Nalani\workspace_v12\RMR\Debug\</path>
         <kind>object</kind>
         <file>&lt;internal&gt;</file>
         <name>&lt;internal&gt;</name>
      </input_file>
      <input_file id="fl-11">
         <path>C:\ti\mspm0_sdk_2_11_00_07\source\ti\driverlib\lib\ticlang\m0p\mspm0c110x\</path>
         <kind>archive</kind>
         <file>driverlib.a</file>
         <name>dl_adc12.o</name>
      </input_file>
      <input_file id="fl-12">
         <path>C:\ti\mspm0_sdk_2_11_00_07\source\ti\driverlib\lib\ticlang\m0p\mspm0c110x\</path>
         <kind>archive</kind>
         <file>driverlib.a</file>
         <name>dl_common.o</name>
      </input_file>
      <input_file id="fl-13">
         <path>C:\ti\mspm0_sdk_2_11_00_07\source\ti\driverlib\lib\ticlang\m0p\mspm0c110x\</path>
         <kind>archive</kind>
         <file>driverlib.a</file>
         <name>dl_flashctl.o</name>
      </input_file>
      <input_file id="fl-14">
         <path>C:\ti\mspm0_sdk_2_11_00_07\source\ti\driverlib\lib\ticlang\m0p\mspm0c110x\</path>
         <kind>archive</kind>
         <file>driverlib.a</file>
         <name>dl_timer.o</name>
      </input_file>
      <input_file id="fl-15">
         <path>C:\ti\mspm0_sdk_2_11_00_07\source\ti\driverlib\lib\ticlang\m0p\mspm0c110x\</path>
         <kind>archive</kind>
         <file>driverlib.a</file>
         <name>dl_vref.o</name>
      </input_file>
      <input_file id="fl-16">
         <path>C:\ti\mspm0_sdk_2_11_00_07\source\ti\driverlib\lib\ticlang\m0p\mspm0c110x\</path>
         <kind>archive</kind>
         <file>driverlib.a</file>
         <name>dl_sysctl_mspm0c110x.o</name>
      </input_file>
      <input_file id="fl-2d">
         <path>C:\ti\ti_cgt_arm_llvm_4.0.2.LTS\lib\armv6m-ti-none-eabi\c\</path>
         <kind>archive</kind>
         <file>libc.a</file>
         <name>boot_cortex_m.c.obj</name>
      </input_file>
      <input_file id="fl-2e">
         <path>C:\ti\ti_cgt_arm_llvm_4.0.2.LTS\lib\armv6m-ti-none-eabi\c\</path>
         <kind>archive</kind>
         <file>libc.a</file>
         <name>mathacl_init.c.obj</name>
      </input_file>
      <input_file id="fl-2f">
         <path>C:\ti\ti_cgt_arm_llvm_4.0.2.LTS\lib\armv6m-ti-none-eabi\c\</path>
         <kind>archive</kind>
         <file>libc.a</file>
         <name>autoinit.c.obj</name>
      </input_file>
      <input_file id="fl-30">
         <path>C:\ti\ti_cgt_arm_llvm_4.0.2.LTS\lib\armv6m-ti-none-eabi\c\</path>
         <kind>archive</kind>
         <file>libc.a</file>
         <name>pre_init.c.obj</name>
      </input_file>
      <input_file id="fl-31">
         <path>C:\ti\ti_cgt_arm_llvm_4.0.2.LTS\lib\armv6m-ti-none-eabi\c\</path>
         <kind>archive</kind>
         <file>libc.a</file>
         <name>cpy_tbl.c.obj</name>
      </input_file>
      <input_file id="fl-32">
         <path>C:\ti\ti_cgt_arm_llvm_4.0.2.LTS\lib\armv6m-ti-none-eabi\c\</path>
         <kind>archive</kind>
         <file>libc.a</file>
         <name>copy_zero_init.c.obj</name>
      </input_file>
      <input_file id="fl-33">
         <path>C:\ti\ti_cgt_arm_llvm_4.0.2.LTS\lib\armv6m-ti-none-eabi\c\</path>
         <kind>archive</kind>
         <file>libc.a</file>
         <name>copy_decompress_none.c.obj</name>
      </input_file>
      <input_file id="fl-34">
         <path>C:\ti\ti_cgt_arm_llvm_4.0.2.LTS\lib\armv6m-ti-none-eabi\c\</path>
         <kind>archive</kind>
         <file>libc.a</file>
         <name>copy_decompress_lzss.c.obj</name>
      </input_file>
      <input_file id="fl-35">
         <path>C:\ti\ti_cgt_arm_llvm_4.0.2.LTS\lib\armv6m-ti-none-eabi\c\</path>
         <kind>archive</kind>
         <file>libc.a</file>
         <name>exit.c.obj</name>
      </input_file>
      <input_file id="fl-36">
         <path>C:\ti\ti_cgt_arm_llvm_4.0.2.LTS\lib\armv6m-ti-none-eabi\c\</path>
         <kind>archive</kind>
         <file>libc.a</file>
         <name>_lock.c.obj</name>
      </input_file>
      <input_file id="fl-37">
         <path>C:\ti\ti_cgt_arm_llvm_4.0.2.LTS\lib\armv6m-ti-none-eabi\c\</path>
         <kind>archive</kind>
         <file>libc.a</file>
         <name>args_main.c.obj</name>
      </input_file>
      <input_file id="fl-d7">
         <path>C:\ti\ti_cgt_arm_llvm_4.0.2.LTS\lib\armv6m-ti-none-eabi\c\</path>
         <kind>archive</kind>
         <file>libsysbm.a</file>
         <name>hostexit.c.obj</name>
      </input_file>
      <input_file id="fl-d8">
         <path>C:\ti\ti_cgt_arm_llvm_4.0.2.LTS\lib\armv6m-ti-none-eabi\</path>
         <kind>archive</kind>
         <file>libclang_rt.builtins.a</file>
         <name>muldi3.S.obj</name>
      </input_file>
      <input_file id="fl-d9">
         <path>C:\ti\ti_cgt_arm_llvm_4.0.2.LTS\lib\armv6m-ti-none-eabi\</path>
         <kind>archive</kind>
         <file>libclang_rt.builtins.a</file>
         <name>aeabi_idivmod.S.obj</name>
      </input_file>
      <input_file id="fl-da">
         <path>C:\ti\ti_cgt_arm_llvm_4.0.2.LTS\lib\armv6m-ti-none-eabi\</path>
         <kind>archive</kind>
         <file>libclang_rt.builtins.a</file>
         <name>aeabi_memcpy.S.obj</name>
      </input_file>
      <input_file id="fl-db">
         <path>C:\ti\ti_cgt_arm_llvm_4.0.2.LTS\lib\armv6m-ti-none-eabi\</path>
         <kind>archive</kind>
         <file>libclang_rt.builtins.a</file>
         <name>aeabi_memset.S.obj</name>
      </input_file>
      <input_file id="fl-dc">
         <path>C:\ti\ti_cgt_arm_llvm_4.0.2.LTS\lib\armv6m-ti-none-eabi\</path>
         <kind>archive</kind>
         <file>libclang_rt.builtins.a</file>
         <name>aeabi_uidivmod.S.obj</name>
      </input_file>
      <input_file id="fl-dd">
         <path>C:\ti\ti_cgt_arm_llvm_4.0.2.LTS\lib\armv6m-ti-none-eabi\</path>
         <kind>archive</kind>
         <file>libclang_rt.builtins.a</file>
         <name>aeabi_uldivmod.S.obj</name>
      </input_file>
      <input_file id="fl-de">
         <path>C:\ti\ti_cgt_arm_llvm_4.0.2.LTS\lib\armv6m-ti-none-eabi\</path>
         <kind>archive</kind>
         <file>libclang_rt.builtins.a</file>
         <name>udivmoddi4.S.obj</name>
      </input_file>
      <input_file id="fl-df">
         <path>C:\ti\ti_cgt_arm_llvm_4.0.2.LTS\lib\armv6m-ti-none-eabi\</path>
         <kind>archive</kind>
         <file>libclang_rt.builtins.a</file>
         <name>muldsi3.S.obj</name>
      </input_file>
      <input_file id="fl-e0">
         <path>C:\ti\ti_cgt_arm_llvm_4.0.2.LTS\lib\armv6m-ti-none-eabi\</path>
         <kind>archive</kind>
         <file>libclang_rt.builtins.a</file>
         <name>ashldi3.S.obj</name>
      </input_file>
      <input_file id="fl-e1">
         <path>C:\ti\ti_cgt_arm_llvm_4.0.2.LTS\lib\armv6m-ti-none-eabi\</path>
         <kind>archive</kind>
         <file>libclang_rt.builtins.a</file>
         <name>aeabi_div0.c.obj</name>
      </input_file>
      <input_file id="fl-e2">
         <path>C:\ti\ti_cgt_arm_llvm_4.0.2.LTS\lib\armv6m-ti-none-eabi\c\</path>
         <kind>archive</kind>
         <file>libc.a</file>
         <name>memcpy16.S.obj</name>
      </input_file>
      <input_file id="fl-e3">
         <path>C:\ti\ti_cgt_arm_llvm_4.0.2.LTS\lib\armv6m-ti-none-eabi\c\</path>
         <kind>archive</kind>
         <file>libc.a</file>
         <name>memset16.S.obj</name>
      </input_file>
   </input_file_list>
   <object_component_list>
      <object_component id="oc-1d">
         <name>.intvecs</name>
         <load_address>0x0</load_address>
         <readonly>true</readonly>
         <run_address>0x0</run_address>
         <size>0xc0</size>
         <alignment>0x4</alignment>
         <input_file_ref idref="fl-3"/>
      </object_component>
      <object_component id="oc-fa">
         <name>.text.key_task</name>
         <load_address>0xc0</load_address>
         <readonly>true</readonly>
         <executable>true</executable>
         <run_address>0xc0</run_address>
         <size>0x7b8</size>
         <alignment>0x4</alignment>
         <input_file_ref idref="fl-1"/>
      </object_component>
      <object_component id="oc-fc">
         <name>.text.test_mode_task</name>
         <load_address>0x878</load_address>
         <readonly>true</readonly>
         <executable>true</executable>
         <run_address>0x878</run_address>
         <size>0x69c</size>
         <alignment>0x4</alignment>
         <input_file_ref idref="fl-1"/>
      </object_component>
      <object_component id="oc-fb">
         <name>.text.als_task</name>
         <load_address>0xf14</load_address>
         <readonly>true</readonly>
         <executable>true</executable>
         <run_address>0xf14</run_address>
         <size>0x66c</size>
         <alignment>0x4</alignment>
         <input_file_ref idref="fl-1"/>
      </object_component>
      <object_component id="oc-fd">
         <name>.text.save_memory_to_flash</name>
         <load_address>0x1580</load_address>
         <readonly>true</readonly>
         <executable>true</executable>
         <run_address>0x1580</run_address>
         <size>0x470</size>
         <alignment>0x4</alignment>
         <input_file_ref idref="fl-1"/>
      </object_component>
      <object_component id="oc-71">
         <name>.text.main</name>
         <load_address>0x19f0</load_address>
         <readonly>true</readonly>
         <executable>true</executable>
         <run_address>0x19f0</run_address>
         <size>0x32c</size>
         <alignment>0x4</alignment>
         <input_file_ref idref="fl-1"/>
      </object_component>
      <object_component id="oc-d6">
         <name>.text.calculate_safe_brt</name>
         <load_address>0x1d1c</load_address>
         <readonly>true</readonly>
         <executable>true</executable>
         <run_address>0x1d1c</run_address>
         <size>0x2a0</size>
         <alignment>0x4</alignment>
         <input_file_ref idref="fl-1"/>
      </object_component>
      <object_component id="oc-8b">
         <name>.text.load_memory_from_flash</name>
         <load_address>0x1fbc</load_address>
         <readonly>true</readonly>
         <executable>true</executable>
         <run_address>0x1fbc</run_address>
         <size>0x28c</size>
         <alignment>0x4</alignment>
         <input_file_ref idref="fl-1"/>
      </object_component>
      <object_component id="oc-f9">
         <name>.text.protection_task</name>
         <load_address>0x2248</load_address>
         <readonly>true</readonly>
         <executable>true</executable>
         <run_address>0x2248</run_address>
         <size>0x224</size>
         <alignment>0x4</alignment>
         <input_file_ref idref="fl-1"/>
      </object_component>
      <object_component id="oc-8c">
         <name>.text.pwm_output_task</name>
         <load_address>0x246c</load_address>
         <readonly>true</readonly>
         <executable>true</executable>
         <run_address>0x246c</run_address>
         <size>0x1f0</size>
         <alignment>0x4</alignment>
         <input_file_ref idref="fl-1"/>
      </object_component>
      <object_component id="oc-99">
         <name>.text.scheduler_run</name>
         <load_address>0x265c</load_address>
         <readonly>true</readonly>
         <executable>true</executable>
         <run_address>0x265c</run_address>
         <size>0x1c0</size>
         <alignment>0x4</alignment>
         <input_file_ref idref="fl-1"/>
      </object_component>
      <object_component id="oc-13e">
         <name>.text.i2c_write_byte</name>
         <load_address>0x281c</load_address>
         <readonly>true</readonly>
         <executable>true</executable>
         <run_address>0x281c</run_address>
         <size>0x194</size>
         <alignment>0x4</alignment>
         <input_file_ref idref="fl-1"/>
      </object_component>
      <object_component id="oc-141">
         <name>.text.i2c_read_byte</name>
         <load_address>0x29b0</load_address>
         <readonly>true</readonly>
         <executable>true</executable>
         <run_address>0x29b0</run_address>
         <size>0x180</size>
         <alignment>0x4</alignment>
         <input_file_ref idref="fl-1"/>
      </object_component>
      <object_component id="oc-118">
         <name>.text.DL_Timer_initFourCCPWMMode</name>
         <load_address>0x2b30</load_address>
         <readonly>true</readonly>
         <executable>true</executable>
         <run_address>0x2b30</run_address>
         <size>0x104</size>
         <alignment>0x4</alignment>
         <input_file_ref idref="fl-14"/>
      </object_component>
      <object_component id="oc-14a">
         <name>.text.DL_FlashCTL_unprotectSector</name>
         <load_address>0x2c34</load_address>
         <readonly>true</readonly>
         <executable>true</executable>
         <run_address>0x2c34</run_address>
         <size>0xd8</size>
         <alignment>0x4</alignment>
         <input_file_ref idref="fl-13"/>
      </object_component>
      <object_component id="oc-165">
         <name>.text</name>
         <load_address>0x2d0c</load_address>
         <readonly>true</readonly>
         <executable>true</executable>
         <run_address>0x2d0c</run_address>
         <size>0xa2</size>
         <alignment>0x4</alignment>
         <input_file_ref idref="fl-de"/>
      </object_component>
      <object_component id="oc-81">
         <name>.text:memcpy</name>
         <load_address>0x2dae</load_address>
         <readonly>true</readonly>
         <executable>true</executable>
         <run_address>0x2dae</run_address>
         <size>0x9a</size>
         <alignment>0x1</alignment>
         <input_file_ref idref="fl-e2"/>
      </object_component>
      <object_component id="oc-21">
         <name>.text:decompress:lzss</name>
         <load_address>0x2e48</load_address>
         <readonly>true</readonly>
         <executable>true</executable>
         <run_address>0x2e48</run_address>
         <size>0x7c</size>
         <alignment>0x4</alignment>
         <input_file_ref idref="fl-34"/>
      </object_component>
      <object_component id="oc-cc">
         <name>.text.SYSCFG_DL_PWM_0_init</name>
         <load_address>0x2ec4</load_address>
         <readonly>true</readonly>
         <executable>true</executable>
         <run_address>0x2ec4</run_address>
         <size>0x6c</size>
         <alignment>0x4</alignment>
         <input_file_ref idref="fl-2"/>
      </object_component>
      <object_component id="oc-140">
         <name>.text.i2c_start</name>
         <load_address>0x2f30</load_address>
         <readonly>true</readonly>
         <executable>true</executable>
         <run_address>0x2f30</run_address>
         <size>0x64</size>
         <alignment>0x4</alignment>
         <input_file_ref idref="fl-1"/>
      </object_component>
      <object_component id="oc-c8">
         <name>.text:memset</name>
         <load_address>0x2f94</load_address>
         <readonly>true</readonly>
         <executable>true</executable>
         <run_address>0x2f94</run_address>
         <size>0x62</size>
         <alignment>0x1</alignment>
         <input_file_ref idref="fl-e3"/>
      </object_component>
      <object_component id="oc-3d">
         <name>.text.Default_Handler</name>
         <load_address>0x2ff6</load_address>
         <readonly>true</readonly>
         <executable>true</executable>
         <run_address>0x2ff6</run_address>
         <size>0x2</size>
         <alignment>0x2</alignment>
         <input_file_ref idref="fl-3"/>
      </object_component>
      <object_component id="oc-142">
         <name>.text.user_als_lux_to_brt_curve</name>
         <load_address>0x2ff8</load_address>
         <readonly>true</readonly>
         <executable>true</executable>
         <run_address>0x2ff8</run_address>
         <size>0x60</size>
         <alignment>0x4</alignment>
         <input_file_ref idref="fl-1"/>
      </object_component>
      <object_component id="oc-143">
         <name>.text.__aeabi_idivmod</name>
         <load_address>0x3058</load_address>
         <readonly>true</readonly>
         <executable>true</executable>
         <run_address>0x3058</run_address>
         <size>0x56</size>
         <alignment>0x4</alignment>
         <input_file_ref idref="fl-d9"/>
      </object_component>
      <object_component id="oc-f3">
         <name>.text.__aeabi_idiv0</name>
         <load_address>0x30ae</load_address>
         <readonly>true</readonly>
         <executable>true</executable>
         <run_address>0x30ae</run_address>
         <size>0x2</size>
         <alignment>0x2</alignment>
         <input_file_ref idref="fl-e1"/>
      </object_component>
      <object_component id="oc-93">
         <name>.text.SYSCFG_DL_ADC12_0_init</name>
         <load_address>0x30b0</load_address>
         <readonly>true</readonly>
         <executable>true</executable>
         <run_address>0x30b0</run_address>
         <size>0x4c</size>
         <alignment>0x4</alignment>
         <input_file_ref idref="fl-2"/>
      </object_component>
      <object_component id="oc-ca">
         <name>.text.SYSCFG_DL_GPIO_init</name>
         <load_address>0x30fc</load_address>
         <readonly>true</readonly>
         <executable>true</executable>
         <run_address>0x30fc</run_address>
         <size>0x4c</size>
         <alignment>0x4</alignment>
         <input_file_ref idref="fl-2"/>
      </object_component>
      <object_component id="oc-c9">
         <name>.text.SYSCFG_DL_initPower</name>
         <load_address>0x3148</load_address>
         <readonly>true</readonly>
         <executable>true</executable>
         <run_address>0x3148</run_address>
         <size>0x4c</size>
         <alignment>0x4</alignment>
         <input_file_ref idref="fl-2"/>
      </object_component>
      <object_component id="oc-10e">
         <name>.text.copy_in</name>
         <load_address>0x3194</load_address>
         <readonly>true</readonly>
         <executable>true</executable>
         <run_address>0x3194</run_address>
         <size>0x4c</size>
         <alignment>0x4</alignment>
         <input_file_ref idref="fl-31"/>
      </object_component>
      <object_component id="oc-b7">
         <name>.text:__TI_auto_init_nopinit</name>
         <load_address>0x31e0</load_address>
         <readonly>true</readonly>
         <executable>true</executable>
         <run_address>0x31e0</run_address>
         <size>0x4c</size>
         <alignment>0x4</alignment>
         <input_file_ref idref="fl-2f"/>
      </object_component>
      <object_component id="oc-ec">
         <name>.text.DL_ADC12_setClockConfig</name>
         <load_address>0x322c</load_address>
         <readonly>true</readonly>
         <executable>true</executable>
         <run_address>0x322c</run_address>
         <size>0x40</size>
         <alignment>0x4</alignment>
         <input_file_ref idref="fl-11"/>
      </object_component>
      <object_component id="oc-95">
         <name>.text.__aeabi_uidivmod</name>
         <load_address>0x326c</load_address>
         <readonly>true</readonly>
         <executable>true</executable>
         <run_address>0x326c</run_address>
         <size>0x40</size>
         <alignment>0x4</alignment>
         <input_file_ref idref="fl-dc"/>
      </object_component>
      <object_component id="oc-160">
         <name>.text.__muldsi3</name>
         <load_address>0x32ac</load_address>
         <readonly>true</readonly>
         <executable>true</executable>
         <run_address>0x32ac</run_address>
         <size>0x3a</size>
         <alignment>0x4</alignment>
         <input_file_ref idref="fl-df"/>
      </object_component>
      <object_component id="oc-16f">
         <name>.text.__aeabi_ldiv0</name>
         <load_address>0x32e6</load_address>
         <readonly>true</readonly>
         <executable>true</executable>
         <run_address>0x32e6</run_address>
         <size>0x2</size>
         <alignment>0x2</alignment>
         <input_file_ref idref="fl-e1"/>
      </object_component>
      <object_component id="oc-8d">
         <name>.text.DL_SYSCTL_switchMCLKfromLFCLKtoSYSOSC</name>
         <load_address>0x32e8</load_address>
         <readonly>true</readonly>
         <executable>true</executable>
         <run_address>0x32e8</run_address>
         <size>0x38</size>
         <alignment>0x4</alignment>
         <input_file_ref idref="fl-16"/>
      </object_component>
      <object_component id="oc-13f">
         <name>.text.i2c_stop</name>
         <load_address>0x3320</load_address>
         <readonly>true</readonly>
         <executable>true</executable>
         <run_address>0x3320</run_address>
         <size>0x38</size>
         <alignment>0x4</alignment>
         <input_file_ref idref="fl-1"/>
      </object_component>
      <object_component id="oc-5c">
         <name>.text:_c_int00_noargs</name>
         <load_address>0x3358</load_address>
         <readonly>true</readonly>
         <executable>true</executable>
         <run_address>0x3358</run_address>
         <size>0x28</size>
         <alignment>0x4</alignment>
         <input_file_ref idref="fl-2d"/>
      </object_component>
      <object_component id="oc-151">
         <name>.text.DL_FlashCTL_programMemoryFromRAM64</name>
         <load_address>0x3380</load_address>
         <readonly>true</readonly>
         <executable>true</executable>
         <run_address>0x3380</run_address>
         <size>0x24</size>
         <alignment>0x4</alignment>
         <input_file_ref idref="fl-13"/>
      </object_component>
      <object_component id="oc-1bc">
         <name>.tramp.DL_FlashCTL_executeCommandFromRAM.1</name>
         <load_address>0x33a4</load_address>
         <readonly>true</readonly>
         <executable>true</executable>
         <run_address>0x33a4</run_address>
         <size>0x10</size>
         <alignment>0x4</alignment>
         <input_file_ref idref="fl-13"/>
      </object_component>
      <object_component id="oc-cb">
         <name>.text.SYSCFG_DL_SYSCTL_init</name>
         <load_address>0x33b4</load_address>
         <readonly>true</readonly>
         <executable>true</executable>
         <run_address>0x33b4</run_address>
         <size>0x24</size>
         <alignment>0x4</alignment>
         <input_file_ref idref="fl-2"/>
      </object_component>
      <object_component id="oc-11d">
         <name>.text.__muldi3</name>
         <load_address>0x33d8</load_address>
         <readonly>true</readonly>
         <executable>true</executable>
         <run_address>0x33d8</run_address>
         <size>0x24</size>
         <alignment>0x4</alignment>
         <input_file_ref idref="fl-d8"/>
      </object_component>
      <object_component id="oc-e5">
         <name>.text.DL_VREF_configReference</name>
         <load_address>0x33fc</load_address>
         <readonly>true</readonly>
         <executable>true</executable>
         <run_address>0x33fc</run_address>
         <size>0x22</size>
         <alignment>0x2</alignment>
         <input_file_ref idref="fl-15"/>
      </object_component>
      <object_component id="oc-86">
         <name>.text.SYSCFG_DL_init</name>
         <load_address>0x341e</load_address>
         <readonly>true</readonly>
         <executable>true</executable>
         <run_address>0x341e</run_address>
         <size>0x20</size>
         <alignment>0x2</alignment>
         <input_file_ref idref="fl-2"/>
      </object_component>
      <object_component id="oc-170">
         <name>.text.__ashldi3</name>
         <load_address>0x3440</load_address>
         <readonly>true</readonly>
         <executable>true</executable>
         <run_address>0x3440</run_address>
         <size>0x1e</size>
         <alignment>0x4</alignment>
         <input_file_ref idref="fl-e0"/>
      </object_component>
      <object_component id="oc-11a">
         <name>.text.DL_Timer_setCaptCompUpdateMethod</name>
         <load_address>0x3460</load_address>
         <readonly>true</readonly>
         <executable>true</executable>
         <run_address>0x3460</run_address>
         <size>0x1c</size>
         <alignment>0x4</alignment>
         <input_file_ref idref="fl-14"/>
      </object_component>
      <object_component id="oc-117">
         <name>.text.DL_Timer_setClockConfig</name>
         <load_address>0x347c</load_address>
         <readonly>true</readonly>
         <executable>true</executable>
         <run_address>0x347c</run_address>
         <size>0x1c</size>
         <alignment>0x4</alignment>
         <input_file_ref idref="fl-14"/>
      </object_component>
      <object_component id="oc-150">
         <name>.text.DL_FlashCTL_eraseMemoryFromRAM</name>
         <load_address>0x3498</load_address>
         <readonly>true</readonly>
         <executable>true</executable>
         <run_address>0x3498</run_address>
         <size>0x18</size>
         <alignment>0x4</alignment>
         <input_file_ref idref="fl-13"/>
      </object_component>
      <object_component id="oc-119">
         <name>.text.DL_Timer_setCaptureCompareOutCtl</name>
         <load_address>0x34b0</load_address>
         <readonly>true</readonly>
         <executable>true</executable>
         <run_address>0x34b0</run_address>
         <size>0x18</size>
         <alignment>0x4</alignment>
         <input_file_ref idref="fl-14"/>
      </object_component>
      <object_component id="oc-cd">
         <name>.text.SYSCFG_DL_WWDT0_init</name>
         <load_address>0x34c8</load_address>
         <readonly>true</readonly>
         <executable>true</executable>
         <run_address>0x34c8</run_address>
         <size>0x18</size>
         <alignment>0x4</alignment>
         <input_file_ref idref="fl-2"/>
      </object_component>
      <object_component id="oc-53">
         <name>.text:decompress:ZI:__TI_zero_init_nomemset</name>
         <load_address>0x34e0</load_address>
         <readonly>true</readonly>
         <executable>true</executable>
         <run_address>0x34e0</run_address>
         <size>0x16</size>
         <alignment>0x2</alignment>
         <input_file_ref idref="fl-32"/>
      </object_component>
      <object_component id="oc-40">
         <name>.text.GPIOA_IRQHandler</name>
         <load_address>0x34f8</load_address>
         <readonly>true</readonly>
         <executable>true</executable>
         <run_address>0x34f8</run_address>
         <size>0x14</size>
         <alignment>0x4</alignment>
         <input_file_ref idref="fl-1"/>
      </object_component>
      <object_component id="oc-92">
         <name>.text.SYSCFG_DL_VREF_init</name>
         <load_address>0x350c</load_address>
         <readonly>true</readonly>
         <executable>true</executable>
         <run_address>0x350c</run_address>
         <size>0x14</size>
         <alignment>0x4</alignment>
         <input_file_ref idref="fl-2"/>
      </object_component>
      <object_component id="oc-121">
         <name>.text.__aeabi_uldivmod</name>
         <load_address>0x3520</load_address>
         <readonly>true</readonly>
         <executable>true</executable>
         <run_address>0x3520</run_address>
         <size>0x14</size>
         <alignment>0x4</alignment>
         <input_file_ref idref="fl-dd"/>
      </object_component>
      <object_component id="oc-25">
         <name>.text:decompress:none</name>
         <load_address>0x3534</load_address>
         <readonly>true</readonly>
         <executable>true</executable>
         <run_address>0x3534</run_address>
         <size>0x12</size>
         <alignment>0x2</alignment>
         <input_file_ref idref="fl-33"/>
      </object_component>
      <object_component id="oc-d7">
         <name>.text.DL_Timer_setCaptureCompareValue</name>
         <load_address>0x3548</load_address>
         <readonly>true</readonly>
         <executable>true</executable>
         <run_address>0x3548</run_address>
         <size>0x10</size>
         <alignment>0x4</alignment>
         <input_file_ref idref="fl-14"/>
      </object_component>
      <object_component id="oc-3e">
         <name>.text.SysTick_Handler</name>
         <load_address>0x3558</load_address>
         <readonly>true</readonly>
         <executable>true</executable>
         <run_address>0x3558</run_address>
         <size>0x10</size>
         <alignment>0x4</alignment>
         <input_file_ref idref="fl-1"/>
      </object_component>
      <object_component id="oc-68">
         <name>.text.__aeabi_memclr</name>
         <load_address>0x3568</load_address>
         <readonly>true</readonly>
         <executable>true</executable>
         <run_address>0x3568</run_address>
         <size>0xc</size>
         <alignment>0x4</alignment>
         <input_file_ref idref="fl-db"/>
      </object_component>
      <object_component id="oc-113">
         <name>.text.DL_Common_delayCycles</name>
         <load_address>0x3574</load_address>
         <readonly>true</readonly>
         <executable>true</executable>
         <run_address>0x3574</run_address>
         <size>0xa</size>
         <alignment>0x2</alignment>
         <input_file_ref idref="fl-12"/>
      </object_component>
      <object_component id="oc-4c">
         <name>.text.__aeabi_memcpy</name>
         <load_address>0x3580</load_address>
         <readonly>true</readonly>
         <executable>true</executable>
         <run_address>0x3580</run_address>
         <size>0x8</size>
         <alignment>0x4</alignment>
         <input_file_ref idref="fl-da"/>
      </object_component>
      <object_component id="oc-a9">
         <name>.text:abort</name>
         <load_address>0x3588</load_address>
         <readonly>true</readonly>
         <executable>true</executable>
         <run_address>0x3588</run_address>
         <size>0x6</size>
         <alignment>0x2</alignment>
         <input_file_ref idref="fl-35"/>
      </object_component>
      <object_component id="oc-102">
         <name>.text.HOSTexit</name>
         <load_address>0x358e</load_address>
         <readonly>true</readonly>
         <executable>true</executable>
         <run_address>0x358e</run_address>
         <size>0x4</size>
         <alignment>0x2</alignment>
         <input_file_ref idref="fl-d7"/>
      </object_component>
      <object_component id="oc-39">
         <name>.text.Reset_Handler</name>
         <load_address>0x3592</load_address>
         <readonly>true</readonly>
         <executable>true</executable>
         <run_address>0x3592</run_address>
         <size>0x4</size>
         <alignment>0x2</alignment>
         <input_file_ref idref="fl-3"/>
      </object_component>
      <object_component id="oc-6d">
         <name>.text._system_pre_init</name>
         <load_address>0x3596</load_address>
         <readonly>true</readonly>
         <executable>true</executable>
         <run_address>0x3596</run_address>
         <size>0x4</size>
         <alignment>0x2</alignment>
         <input_file_ref idref="fl-30"/>
      </object_component>
      <object_component id="oc-1b8">
         <name>.cinit..data.load</name>
         <load_address>0x3638</load_address>
         <readonly>true</readonly>
         <run_address>0x3638</run_address>
         <size>0x38</size>
         <alignment>0x1</alignment>
      </object_component>
      <object_component id="oc-1b5">
         <name>__TI_handler_table</name>
         <load_address>0x3670</load_address>
         <readonly>true</readonly>
         <run_address>0x3670</run_address>
         <size>0xc</size>
         <alignment>0x4</alignment>
      </object_component>
      <object_component id="oc-1b7">
         <name>.cinit..TI.noinit.load</name>
         <load_address>0x367c</load_address>
         <readonly>true</readonly>
         <run_address>0x367c</run_address>
         <size>0x8</size>
         <alignment>0x4</alignment>
      </object_component>
      <object_component id="oc-1b9">
         <name>.cinit..bss.load</name>
         <load_address>0x3684</load_address>
         <readonly>true</readonly>
         <run_address>0x3684</run_address>
         <size>0x8</size>
         <alignment>0x4</alignment>
      </object_component>
      <object_component id="oc-1b6">
         <name>__TI_cinit_table</name>
         <load_address>0x368c</load_address>
         <readonly>true</readonly>
         <run_address>0x368c</run_address>
         <size>0x18</size>
         <alignment>0x4</alignment>
      </object_component>
      <object_component id="oc-df">
         <name>.rodata.CFG_BRT_MAP</name>
         <load_address>0x3600</load_address>
         <readonly>true</readonly>
         <run_address>0x3600</run_address>
         <size>0x12</size>
         <alignment>0x2</alignment>
         <input_file_ref idref="fl-1"/>
      </object_component>
      <object_component id="oc-148">
         <name>.rodata.AUTO_OFFSET_PCT</name>
         <load_address>0x3612</load_address>
         <readonly>true</readonly>
         <run_address>0x3612</run_address>
         <size>0xa</size>
         <alignment>0x2</alignment>
         <input_file_ref idref="fl-1"/>
      </object_component>
      <object_component id="oc-f2">
         <name>.rodata.gADC12_0ClockConfig</name>
         <load_address>0x361c</load_address>
         <readonly>true</readonly>
         <run_address>0x361c</run_address>
         <size>0x8</size>
         <alignment>0x4</alignment>
         <input_file_ref idref="fl-2"/>
      </object_component>
      <object_component id="oc-11c">
         <name>.rodata.gPWM_0Config</name>
         <load_address>0x3624</load_address>
         <readonly>true</readonly>
         <run_address>0x3624</run_address>
         <size>0x8</size>
         <alignment>0x4</alignment>
         <input_file_ref idref="fl-2"/>
      </object_component>
      <object_component id="oc-eb">
         <name>.rodata.gVREFConfig</name>
         <load_address>0x362c</load_address>
         <readonly>true</readonly>
         <run_address>0x362c</run_address>
         <size>0x8</size>
         <alignment>0x2</alignment>
         <input_file_ref idref="fl-2"/>
      </object_component>
      <object_component id="oc-11b">
         <name>.rodata.gPWM_0ClockConfig</name>
         <load_address>0x3634</load_address>
         <readonly>true</readonly>
         <run_address>0x3634</run_address>
         <size>0x3</size>
         <alignment>0x1</alignment>
         <input_file_ref idref="fl-2"/>
      </object_component>
      <object_component id="oc-17e">
         <name>.binit</name>
         <load_address>0x36a8</load_address>
         <readonly>true</readonly>
         <run_address>0x36a8</run_address>
         <size>0x10</size>
         <alignment>0x4</alignment>
      </object_component>
      <object_component id="oc-16d">
         <name>.TI.ramfunc</name>
         <load_address>0x35a0</load_address>
         <readonly>true</readonly>
         <executable>true</executable>
         <run_address>0x200001a8</run_address>
         <size>0x60</size>
         <alignment>0x4</alignment>
         <input_file_ref idref="fl-13"/>
      </object_component>
      <object_component id="oc-1c">
         <name>.fw_version</name>
         <load_address>0x37f0</load_address>
         <readonly>true</readonly>
         <run_address>0x37f0</run_address>
         <size>0x10</size>
         <alignment>0x1</alignment>
         <input_file_ref idref="fl-1"/>
      </object_component>
      <object_component id="oc-9a">
         <name>.TI.noinit</name>
         <uninitialized>true</uninitialized>
         <readwrite>true</readwrite>
         <run_address>0x20000208</run_address>
         <size>0x8</size>
         <alignment>0x4</alignment>
         <input_file_ref idref="fl-1"/>
      </object_component>
      <object_component id="oc-9d">
         <name>.data.sys_state</name>
         <load_address>0x2000011f</load_address>
         <readwrite>true</readwrite>
         <run_address>0x2000011f</run_address>
         <size>0x1</size>
         <alignment>0x1</alignment>
         <input_file_ref idref="fl-1"/>
      </object_component>
      <object_component id="oc-1a">
         <name>.data.g_test_box</name>
         <load_address>0x20000000</load_address>
         <readwrite>true</readwrite>
         <run_address>0x20000000</run_address>
         <size>0xac</size>
         <alignment>0x4</alignment>
         <input_file_ref idref="fl-1"/>
      </object_component>
      <object_component id="oc-63">
         <name>.data.g_tick_ms</name>
         <load_address>0x200000d4</load_address>
         <readwrite>true</readwrite>
         <run_address>0x200000d4</run_address>
         <size>0x4</size>
         <alignment>0x4</alignment>
         <input_file_ref idref="fl-1"/>
      </object_component>
      <object_component id="oc-a5">
         <name>.data.g_vbatt_mv_raw</name>
         <load_address>0x200000dc</load_address>
         <readwrite>true</readwrite>
         <run_address>0x200000dc</run_address>
         <size>0x4</size>
         <alignment>0x4</alignment>
         <input_file_ref idref="fl-1"/>
      </object_component>
      <object_component id="oc-a6">
         <name>.data.g_vbatt_mv_filtered</name>
         <load_address>0x200000d8</load_address>
         <readwrite>true</readwrite>
         <run_address>0x200000d8</run_address>
         <size>0x4</size>
         <alignment>0x4</alignment>
         <input_file_ref idref="fl-1"/>
      </object_component>
      <object_component id="oc-d0">
         <name>.data.current_sector_addr</name>
         <load_address>0x200000cc</load_address>
         <readwrite>true</readwrite>
         <run_address>0x200000cc</run_address>
         <size>0x4</size>
         <alignment>0x4</alignment>
         <input_file_ref idref="fl-1"/>
      </object_component>
      <object_component id="oc-d1">
         <name>.data.current_nvm_slot</name>
         <load_address>0x200000c8</load_address>
         <readwrite>true</readwrite>
         <run_address>0x200000c8</run_address>
         <size>0x4</size>
         <alignment>0x4</alignment>
         <input_file_ref idref="fl-1"/>
      </object_component>
      <object_component id="oc-d3">
         <name>.data.nvm_dirty</name>
         <load_address>0x20000119</load_address>
         <readwrite>true</readwrite>
         <run_address>0x20000119</run_address>
         <size>0x1</size>
         <alignment>0x1</alignment>
         <input_file_ref idref="fl-1"/>
      </object_component>
      <object_component id="oc-de">
         <name>.data.nvm_dirty_start_tick</name>
         <load_address>0x200000ec</load_address>
         <readwrite>true</readwrite>
         <run_address>0x200000ec</run_address>
         <size>0x4</size>
         <alignment>0x4</alignment>
         <input_file_ref idref="fl-1"/>
      </object_component>
      <object_component id="oc-e1">
         <name>.data.g_anim</name>
         <load_address>0x200000ac</load_address>
         <readwrite>true</readwrite>
         <run_address>0x200000ac</run_address>
         <size>0x8</size>
         <alignment>0x4</alignment>
         <input_file_ref idref="fl-1"/>
      </object_component>
      <object_component id="oc-9b">
         <name>.data.current_pwm</name>
         <load_address>0x20000108</load_address>
         <readwrite>true</readwrite>
         <run_address>0x20000108</run_address>
         <size>0x2</size>
         <alignment>0x2</alignment>
         <input_file_ref idref="fl-1"/>
      </object_component>
      <object_component id="oc-9c">
         <name>.data.target_pwm</name>
         <load_address>0x2000010c</load_address>
         <readwrite>true</readwrite>
         <run_address>0x2000010c</run_address>
         <size>0x2</size>
         <alignment>0x2</alignment>
         <input_file_ref idref="fl-1"/>
      </object_component>
      <object_component id="oc-e0">
         <name>.data.current_brt_calculated</name>
         <load_address>0x20000106</load_address>
         <readwrite>true</readwrite>
         <run_address>0x20000106</run_address>
         <size>0x2</size>
         <alignment>0x2</alignment>
         <input_file_ref idref="fl-1"/>
      </object_component>
      <object_component id="oc-a7">
         <name>.data.g_last_applied_pwm</name>
         <load_address>0x2000010a</load_address>
         <readwrite>true</readwrite>
         <run_address>0x2000010a</run_address>
         <size>0x2</size>
         <alignment>0x2</alignment>
         <input_file_ref idref="fl-1"/>
      </object_component>
      <object_component id="oc-a8">
         <name>.data.inactivity_sec</name>
         <load_address>0x200000e0</load_address>
         <readwrite>true</readwrite>
         <run_address>0x200000e0</run_address>
         <size>0x4</size>
         <alignment>0x4</alignment>
         <input_file_ref idref="fl-1"/>
      </object_component>
      <object_component id="oc-101">
         <name>.data.last_user_action_tick</name>
         <load_address>0x200000e4</load_address>
         <readwrite>true</readwrite>
         <run_address>0x200000e4</run_address>
         <size>0x4</size>
         <alignment>0x4</alignment>
         <input_file_ref idref="fl-1"/>
      </object_component>
      <object_component id="oc-135">
         <name>.data.flash_mode_start_tick</name>
         <load_address>0x200000d0</load_address>
         <readwrite>true</readwrite>
         <run_address>0x200000d0</run_address>
         <size>0x4</size>
         <alignment>0x4</alignment>
         <input_file_ref idref="fl-1"/>
      </object_component>
      <object_component id="oc-dd">
         <name>.data.als_err_start_tick</name>
         <load_address>0x200000b8</load_address>
         <readwrite>true</readwrite>
         <run_address>0x200000b8</run_address>
         <size>0x4</size>
         <alignment>0x4</alignment>
         <input_file_ref idref="fl-1"/>
      </object_component>
      <object_component id="oc-133">
         <name>.data.is_dimmed</name>
         <load_address>0x20000117</load_address>
         <readwrite>true</readwrite>
         <run_address>0x20000117</run_address>
         <size>0x1</size>
         <alignment>0x1</alignment>
         <input_file_ref idref="fl-1"/>
      </object_component>
      <object_component id="oc-139">
         <name>.data.virtual_max_brt</name>
         <load_address>0x2000010e</load_address>
         <readwrite>true</readwrite>
         <run_address>0x2000010e</run_address>
         <size>0x2</size>
         <alignment>0x2</alignment>
         <input_file_ref idref="fl-1"/>
      </object_component>
      <object_component id="oc-138">
         <name>.data.is_overshot</name>
         <load_address>0x20000118</load_address>
         <readwrite>true</readwrite>
         <run_address>0x20000118</run_address>
         <size>0x1</size>
         <alignment>0x1</alignment>
         <input_file_ref idref="fl-1"/>
      </object_component>
      <object_component id="oc-d5">
         <name>.data.brt_cache_last_vbatt</name>
         <load_address>0x200000c4</load_address>
         <readwrite>true</readwrite>
         <run_address>0x200000c4</run_address>
         <size>0x4</size>
         <alignment>0x4</alignment>
         <input_file_ref idref="fl-1"/>
      </object_component>
      <object_component id="oc-d4">
         <name>.data.brt_cache_last_req</name>
         <load_address>0x20000102</load_address>
         <readwrite>true</readwrite>
         <run_address>0x20000102</run_address>
         <size>0x2</size>
         <alignment>0x2</alignment>
         <input_file_ref idref="fl-1"/>
      </object_component>
      <object_component id="oc-125">
         <name>.data.brt_cache_val</name>
         <load_address>0x20000104</load_address>
         <readwrite>true</readwrite>
         <run_address>0x20000104</run_address>
         <size>0x2</size>
         <alignment>0x2</alignment>
         <input_file_ref idref="fl-1"/>
      </object_component>
      <object_component id="oc-13a">
         <name>.data.als_task.als_st</name>
         <load_address>0x20000113</load_address>
         <readwrite>true</readwrite>
         <run_address>0x20000113</run_address>
         <size>0x1</size>
         <alignment>0x1</alignment>
         <input_file_ref idref="fl-1"/>
      </object_component>
      <object_component id="oc-13d">
         <name>.data.als_task.als_tick</name>
         <load_address>0x200000bc</load_address>
         <readwrite>true</readwrite>
         <run_address>0x200000bc</run_address>
         <size>0x4</size>
         <alignment>0x4</alignment>
         <input_file_ref idref="fl-1"/>
      </object_component>
      <object_component id="oc-147">
         <name>.data.als_task.als_err_cnt</name>
         <load_address>0x20000112</load_address>
         <readwrite>true</readwrite>
         <run_address>0x20000112</run_address>
         <size>0x1</size>
         <alignment>0x1</alignment>
         <input_file_ref idref="fl-1"/>
      </object_component>
      <object_component id="oc-13b">
         <name>.data.als_task.lux_avg</name>
         <load_address>0x200000c0</load_address>
         <readwrite>true</readwrite>
         <run_address>0x200000c0</run_address>
         <size>0x4</size>
         <alignment>0x4</alignment>
         <input_file_ref idref="fl-1"/>
      </object_component>
      <object_component id="oc-13c">
         <name>.data.als_task.last_als_brt</name>
         <load_address>0x20000100</load_address>
         <readwrite>true</readwrite>
         <run_address>0x20000100</run_address>
         <size>0x2</size>
         <alignment>0x2</alignment>
         <input_file_ref idref="fl-1"/>
      </object_component>
      <object_component id="oc-ff">
         <name>.data.adc_task.adc_tick</name>
         <load_address>0x200000b4</load_address>
         <readwrite>true</readwrite>
         <run_address>0x200000b4</run_address>
         <size>0x4</size>
         <alignment>0x4</alignment>
         <input_file_ref idref="fl-1"/>
      </object_component>
      <object_component id="oc-fe">
         <name>.data.adc_task.is_converting</name>
         <load_address>0x20000111</load_address>
         <readwrite>true</readwrite>
         <run_address>0x20000111</run_address>
         <size>0x1</size>
         <alignment>0x1</alignment>
         <input_file_ref idref="fl-1"/>
      </object_component>
      <object_component id="oc-100">
         <name>.data.adc_task.first_read</name>
         <load_address>0x20000110</load_address>
         <readwrite>true</readwrite>
         <run_address>0x20000110</run_address>
         <size>0x1</size>
         <alignment>0x1</alignment>
         <input_file_ref idref="fl-1"/>
      </object_component>
      <object_component id="oc-12f">
         <name>.data.protection_task.pwr_loss_cnt</name>
         <load_address>0x2000011e</load_address>
         <readwrite>true</readwrite>
         <run_address>0x2000011e</run_address>
         <size>0x1</size>
         <alignment>0x1</alignment>
         <input_file_ref idref="fl-1"/>
      </object_component>
      <object_component id="oc-131">
         <name>.data.protection_task.lvp_crit_cnt</name>
         <load_address>0x2000011c</load_address>
         <readwrite>true</readwrite>
         <run_address>0x2000011c</run_address>
         <size>0x1</size>
         <alignment>0x1</alignment>
         <input_file_ref idref="fl-1"/>
      </object_component>
      <object_component id="oc-130">
         <name>.data.protection_task.lvp_ext_cnt</name>
         <load_address>0x2000011d</load_address>
         <readwrite>true</readwrite>
         <run_address>0x2000011d</run_address>
         <size>0x1</size>
         <alignment>0x1</alignment>
         <input_file_ref idref="fl-1"/>
      </object_component>
      <object_component id="oc-132">
         <name>.data.protection_task.last_1s_tick</name>
         <load_address>0x200000f0</load_address>
         <readwrite>true</readwrite>
         <run_address>0x200000f0</run_address>
         <size>0x4</size>
         <alignment>0x4</alignment>
         <input_file_ref idref="fl-1"/>
      </object_component>
      <object_component id="oc-9e">
         <name>.data.hist_minus</name>
         <load_address>0x20000115</load_address>
         <readwrite>true</readwrite>
         <run_address>0x20000115</run_address>
         <size>0x1</size>
         <alignment>0x1</alignment>
         <input_file_ref idref="fl-1"/>
      </object_component>
      <object_component id="oc-9f">
         <name>.data.hist_plus</name>
         <load_address>0x20000116</load_address>
         <readwrite>true</readwrite>
         <run_address>0x20000116</run_address>
         <size>0x1</size>
         <alignment>0x1</alignment>
         <input_file_ref idref="fl-1"/>
      </object_component>
      <object_component id="oc-a0">
         <name>.data.t_minus_ms</name>
         <load_address>0x200000f8</load_address>
         <readwrite>true</readwrite>
         <run_address>0x200000f8</run_address>
         <size>0x4</size>
         <alignment>0x4</alignment>
         <input_file_ref idref="fl-1"/>
      </object_component>
      <object_component id="oc-a1">
         <name>.data.t_plus_ms</name>
         <load_address>0x200000fc</load_address>
         <readwrite>true</readwrite>
         <run_address>0x200000fc</run_address>
         <size>0x4</size>
         <alignment>0x4</alignment>
         <input_file_ref idref="fl-1"/>
      </object_component>
      <object_component id="oc-a2">
         <name>.data.t_both_ms</name>
         <load_address>0x200000f4</load_address>
         <readwrite>true</readwrite>
         <run_address>0x200000f4</run_address>
         <size>0x4</size>
         <alignment>0x4</alignment>
         <input_file_ref idref="fl-1"/>
      </object_component>
      <object_component id="oc-a3">
         <name>.data.max_both_ms</name>
         <load_address>0x200000e8</load_address>
         <readwrite>true</readwrite>
         <run_address>0x200000e8</run_address>
         <size>0x4</size>
         <alignment>0x4</alignment>
         <input_file_ref idref="fl-1"/>
      </object_component>
      <object_component id="oc-136">
         <name>.data.anim_5s_done</name>
         <load_address>0x20000114</load_address>
         <readwrite>true</readwrite>
         <run_address>0x20000114</run_address>
         <size>0x1</size>
         <alignment>0x1</alignment>
         <input_file_ref idref="fl-1"/>
      </object_component>
      <object_component id="oc-134">
         <name>.data.prev_db_minus</name>
         <load_address>0x2000011a</load_address>
         <readwrite>true</readwrite>
         <run_address>0x2000011a</run_address>
         <size>0x1</size>
         <alignment>0x1</alignment>
         <input_file_ref idref="fl-1"/>
      </object_component>
      <object_component id="oc-137">
         <name>.data.prev_db_plus</name>
         <load_address>0x2000011b</load_address>
         <readwrite>true</readwrite>
         <run_address>0x2000011b</run_address>
         <size>0x1</size>
         <alignment>0x1</alignment>
         <input_file_ref idref="fl-1"/>
      </object_component>
      <object_component id="oc-149">
         <name>.data.test_mode_task.test_mode_active</name>
         <load_address>0x20000120</load_address>
         <readwrite>true</readwrite>
         <run_address>0x20000120</run_address>
         <size>0x1</size>
         <alignment>0x1</alignment>
         <input_file_ref idref="fl-1"/>
      </object_component>
      <object_component id="oc-a4">
         <name>.common:sys_memory</name>
         <uninitialized>true</uninitialized>
         <readwrite>true</readwrite>
         <run_address>0x20000164</run_address>
         <size>0x40</size>
         <alignment>0x4</alignment>
      </object_component>
      <object_component id="oc-d2">
         <name>.common:flash_shadow</name>
         <uninitialized>true</uninitialized>
         <readwrite>true</readwrite>
         <run_address>0x20000124</run_address>
         <size>0x40</size>
         <alignment>0x4</alignment>
      </object_component>
      <object_component id="oc-1f">
         <name>.stack</name>
         <uninitialized>true</uninitialized>
         <readwrite>true</readwrite>
         <run_address>0x20000300</run_address>
         <size>0x4</size>
         <alignment>0x4</alignment>
         <input_file_ref idref="fl-2d"/>
      </object_component>
      <object_component id="oc-1bb">
         <name>.stack</name>
         <uninitialized>true</uninitialized>
         <readwrite>true</readwrite>
         <run_address>0x20000300</run_address>
         <size>0x0</size>
         <alignment>0x8</alignment>
      </object_component>
      <object_component id="oc-38">
         <name>.debug_loc</name>
         <load_address>0x0</load_address>
         <run_address>0x0</run_address>
         <size>0x1e74</size>
         <alignment>0x1</alignment>
         <input_file_ref idref="fl-1"/>
      </object_component>
      <object_component id="oc-94">
         <name>.debug_loc</name>
         <load_address>0x1e74</load_address>
         <run_address>0x1e74</run_address>
         <size>0xa8</size>
         <alignment>0x1</alignment>
         <input_file_ref idref="fl-2"/>
      </object_component>
      <object_component id="oc-f1">
         <name>.debug_loc</name>
         <load_address>0x1f1c</load_address>
         <run_address>0x1f1c</run_address>
         <size>0xc7</size>
         <alignment>0x1</alignment>
         <input_file_ref idref="fl-11"/>
      </object_component>
      <object_component id="oc-15f">
         <name>.debug_loc</name>
         <load_address>0x1fe3</load_address>
         <run_address>0x1fe3</run_address>
         <size>0x13</size>
         <alignment>0x1</alignment>
         <input_file_ref idref="fl-12"/>
      </object_component>
      <object_component id="oc-14b">
         <name>.debug_loc</name>
         <load_address>0x1ff6</load_address>
         <run_address>0x1ff6</run_address>
         <size>0x46a0</size>
         <alignment>0x1</alignment>
         <input_file_ref idref="fl-13"/>
      </object_component>
      <object_component id="oc-db">
         <name>.debug_loc</name>
         <load_address>0x6696</load_address>
         <run_address>0x6696</run_address>
         <size>0x1b12</size>
         <alignment>0x1</alignment>
         <input_file_ref idref="fl-14"/>
      </object_component>
      <object_component id="oc-e6">
         <name>.debug_loc</name>
         <load_address>0x81a8</load_address>
         <run_address>0x81a8</run_address>
         <size>0xa0</size>
         <alignment>0x1</alignment>
         <input_file_ref idref="fl-15"/>
      </object_component>
      <object_component id="oc-e4">
         <name>.debug_loc</name>
         <load_address>0x8248</load_address>
         <run_address>0x8248</run_address>
         <size>0x1a4</size>
         <alignment>0x1</alignment>
         <input_file_ref idref="fl-16"/>
      </object_component>
      <object_component id="oc-47">
         <name>.debug_loc</name>
         <load_address>0x83ec</load_address>
         <run_address>0x83ec</run_address>
         <size>0xd8</size>
         <alignment>0x1</alignment>
         <input_file_ref idref="fl-2d"/>
      </object_component>
      <object_component id="oc-b5">
         <name>.debug_loc</name>
         <load_address>0x84c4</load_address>
         <run_address>0x84c4</run_address>
         <size>0x424</size>
         <alignment>0x1</alignment>
         <input_file_ref idref="fl-2f"/>
      </object_component>
      <object_component id="oc-15c">
         <name>.debug_loc</name>
         <load_address>0x88e8</load_address>
         <run_address>0x88e8</run_address>
         <size>0x102</size>
         <alignment>0x1</alignment>
         <input_file_ref idref="fl-31"/>
      </object_component>
      <object_component id="oc-54">
         <name>.debug_loc</name>
         <load_address>0x89ea</load_address>
         <run_address>0x89ea</run_address>
         <size>0x16c</size>
         <alignment>0x1</alignment>
         <input_file_ref idref="fl-32"/>
      </object_component>
      <object_component id="oc-52">
         <name>.debug_loc</name>
         <load_address>0x8b56</load_address>
         <run_address>0x8b56</run_address>
         <size>0x6f</size>
         <alignment>0x1</alignment>
         <input_file_ref idref="fl-33"/>
      </object_component>
      <object_component id="oc-4a">
         <name>.debug_loc</name>
         <load_address>0x8bc5</load_address>
         <run_address>0x8bc5</run_address>
         <size>0x167</size>
         <alignment>0x1</alignment>
         <input_file_ref idref="fl-34"/>
      </object_component>
      <object_component id="oc-af">
         <name>.debug_loc</name>
         <load_address>0x8d2c</load_address>
         <run_address>0x8d2c</run_address>
         <size>0x26</size>
         <alignment>0x1</alignment>
         <input_file_ref idref="fl-35"/>
      </object_component>
      <object_component id="oc-12e">
         <name>.debug_loc</name>
         <load_address>0x8d52</load_address>
         <run_address>0x8d52</run_address>
         <size>0x20</size>
         <alignment>0x1</alignment>
         <input_file_ref idref="fl-e1"/>
      </object_component>
      <object_component id="oc-34">
         <name>.debug_abbrev</name>
         <load_address>0x0</load_address>
         <run_address>0x0</run_address>
         <size>0x398</size>
         <alignment>0x1</alignment>
         <input_file_ref idref="fl-1"/>
      </object_component>
      <object_component id="oc-ce">
         <name>.debug_abbrev</name>
         <load_address>0x398</load_address>
         <run_address>0x398</run_address>
         <size>0x19e</size>
         <alignment>0x1</alignment>
         <input_file_ref idref="fl-2"/>
      </object_component>
      <object_component id="oc-41">
         <name>.debug_abbrev</name>
         <load_address>0x536</load_address>
         <run_address>0x536</run_address>
         <size>0x6d</size>
         <alignment>0x1</alignment>
         <input_file_ref idref="fl-3"/>
      </object_component>
      <object_component id="oc-12a">
         <name>.debug_abbrev</name>
         <load_address>0x5a3</load_address>
         <run_address>0x5a3</run_address>
         <size>0x171</size>
         <alignment>0x1</alignment>
         <input_file_ref idref="fl-11"/>
      </object_component>
      <object_component id="oc-15d">
         <name>.debug_abbrev</name>
         <load_address>0x714</load_address>
         <run_address>0x714</run_address>
         <size>0x62</size>
         <alignment>0x1</alignment>
         <input_file_ref idref="fl-12"/>
      </object_component>
      <object_component id="oc-16b">
         <name>.debug_abbrev</name>
         <load_address>0x776</load_address>
         <run_address>0x776</run_address>
         <size>0x2e6</size>
         <alignment>0x1</alignment>
         <input_file_ref idref="fl-13"/>
      </object_component>
      <object_component id="oc-126">
         <name>.debug_abbrev</name>
         <load_address>0xa5c</load_address>
         <run_address>0xa5c</run_address>
         <size>0x2a4</size>
         <alignment>0x1</alignment>
         <input_file_ref idref="fl-14"/>
      </object_component>
      <object_component id="oc-128">
         <name>.debug_abbrev</name>
         <load_address>0xd00</load_address>
         <run_address>0xd00</run_address>
         <size>0xd6</size>
         <alignment>0x1</alignment>
         <input_file_ref idref="fl-15"/>
      </object_component>
      <object_component id="oc-e2">
         <name>.debug_abbrev</name>
         <load_address>0xdd6</load_address>
         <run_address>0xdd6</run_address>
         <size>0x1d1</size>
         <alignment>0x1</alignment>
         <input_file_ref idref="fl-16"/>
      </object_component>
      <object_component id="oc-43">
         <name>.debug_abbrev</name>
         <load_address>0xfa7</load_address>
         <run_address>0xfa7</run_address>
         <size>0xaf</size>
         <alignment>0x1</alignment>
         <input_file_ref idref="fl-2d"/>
      </object_component>
      <object_component id="oc-10c">
         <name>.debug_abbrev</name>
         <load_address>0x1056</load_address>
         <run_address>0x1056</run_address>
         <size>0x170</size>
         <alignment>0x1</alignment>
         <input_file_ref idref="fl-2f"/>
      </object_component>
      <object_component id="oc-84">
         <name>.debug_abbrev</name>
         <load_address>0x11c6</load_address>
         <run_address>0x11c6</run_address>
         <size>0x39</size>
         <alignment>0x1</alignment>
         <input_file_ref idref="fl-30"/>
      </object_component>
      <object_component id="oc-15a">
         <name>.debug_abbrev</name>
         <load_address>0x11ff</load_address>
         <run_address>0x11ff</run_address>
         <size>0xda</size>
         <alignment>0x1</alignment>
         <input_file_ref idref="fl-31"/>
      </object_component>
      <object_component id="oc-66">
         <name>.debug_abbrev</name>
         <load_address>0x12d9</load_address>
         <run_address>0x12d9</run_address>
         <size>0xc2</size>
         <alignment>0x1</alignment>
         <input_file_ref idref="fl-32"/>
      </object_component>
      <object_component id="oc-50">
         <name>.debug_abbrev</name>
         <load_address>0x139b</load_address>
         <run_address>0x139b</run_address>
         <size>0x70</size>
         <alignment>0x1</alignment>
         <input_file_ref idref="fl-33"/>
      </object_component>
      <object_component id="oc-48">
         <name>.debug_abbrev</name>
         <load_address>0x140b</load_address>
         <run_address>0x140b</run_address>
         <size>0x8d</size>
         <alignment>0x1</alignment>
         <input_file_ref idref="fl-34"/>
      </object_component>
      <object_component id="oc-106">
         <name>.debug_abbrev</name>
         <load_address>0x1498</load_address>
         <run_address>0x1498</run_address>
         <size>0x98</size>
         <alignment>0x1</alignment>
         <input_file_ref idref="fl-35"/>
      </object_component>
      <object_component id="oc-152">
         <name>.debug_abbrev</name>
         <load_address>0x1530</load_address>
         <run_address>0x1530</run_address>
         <size>0x2c</size>
         <alignment>0x1</alignment>
         <input_file_ref idref="fl-d7"/>
      </object_component>
      <object_component id="oc-164">
         <name>.debug_abbrev</name>
         <load_address>0x155c</load_address>
         <run_address>0x155c</run_address>
         <size>0x27</size>
         <alignment>0x1</alignment>
         <input_file_ref idref="fl-d8"/>
      </object_component>
      <object_component id="oc-16a">
         <name>.debug_abbrev</name>
         <load_address>0x1583</load_address>
         <run_address>0x1583</run_address>
         <size>0x27</size>
         <alignment>0x1</alignment>
         <input_file_ref idref="fl-d9"/>
      </object_component>
      <object_component id="oc-65">
         <name>.debug_abbrev</name>
         <load_address>0x15aa</load_address>
         <run_address>0x15aa</run_address>
         <size>0x27</size>
         <alignment>0x1</alignment>
         <input_file_ref idref="fl-da"/>
      </object_component>
      <object_component id="oc-83">
         <name>.debug_abbrev</name>
         <load_address>0x15d1</load_address>
         <run_address>0x15d1</run_address>
         <size>0x25</size>
         <alignment>0x1</alignment>
         <input_file_ref idref="fl-db"/>
      </object_component>
      <object_component id="oc-f8">
         <name>.debug_abbrev</name>
         <load_address>0x15f6</load_address>
         <run_address>0x15f6</run_address>
         <size>0x27</size>
         <alignment>0x1</alignment>
         <input_file_ref idref="fl-dc"/>
      </object_component>
      <object_component id="oc-169">
         <name>.debug_abbrev</name>
         <load_address>0x161d</load_address>
         <run_address>0x161d</run_address>
         <size>0x27</size>
         <alignment>0x1</alignment>
         <input_file_ref idref="fl-dd"/>
      </object_component>
      <object_component id="oc-174">
         <name>.debug_abbrev</name>
         <load_address>0x1644</load_address>
         <run_address>0x1644</run_address>
         <size>0x27</size>
         <alignment>0x1</alignment>
         <input_file_ref idref="fl-de"/>
      </object_component>
      <object_component id="oc-16e">
         <name>.debug_abbrev</name>
         <load_address>0x166b</load_address>
         <run_address>0x166b</run_address>
         <size>0x27</size>
         <alignment>0x1</alignment>
         <input_file_ref idref="fl-df"/>
      </object_component>
      <object_component id="oc-175">
         <name>.debug_abbrev</name>
         <load_address>0x1692</load_address>
         <run_address>0x1692</run_address>
         <size>0x27</size>
         <alignment>0x1</alignment>
         <input_file_ref idref="fl-e0"/>
      </object_component>
      <object_component id="oc-12c">
         <name>.debug_abbrev</name>
         <load_address>0x16b9</load_address>
         <run_address>0x16b9</run_address>
         <size>0x59</size>
         <alignment>0x1</alignment>
         <input_file_ref idref="fl-e1"/>
      </object_component>
      <object_component id="oc-c2">
         <name>.debug_abbrev</name>
         <load_address>0x1712</load_address>
         <run_address>0x1712</run_address>
         <size>0x25</size>
         <alignment>0x1</alignment>
         <input_file_ref idref="fl-e2"/>
      </object_component>
      <object_component id="oc-112">
         <name>.debug_abbrev</name>
         <load_address>0x1737</load_address>
         <run_address>0x1737</run_address>
         <size>0x25</size>
         <alignment>0x1</alignment>
         <input_file_ref idref="fl-e3"/>
      </object_component>
      <object_component id="oc-1be">
         <name>.debug_abbrev</name>
         <load_address>0x175c</load_address>
         <run_address>0x175c</run_address>
         <size>0x23</size>
         <alignment>0x0</alignment>
      </object_component>
      <object_component id="oc-1b">
         <name>.debug_info</name>
         <load_address>0x0</load_address>
         <run_address>0x0</run_address>
         <size>0x5974</size>
         <alignment>0x1</alignment>
         <input_file_ref idref="fl-1"/>
      </object_component>
      <object_component id="oc-87">
         <name>.debug_info</name>
         <load_address>0x5974</load_address>
         <run_address>0x5974</run_address>
         <size>0x2aca</size>
         <alignment>0x1</alignment>
         <input_file_ref idref="fl-2"/>
      </object_component>
      <object_component id="oc-1e">
         <name>.debug_info</name>
         <load_address>0x843e</load_address>
         <run_address>0x843e</run_address>
         <size>0x80</size>
         <alignment>0x1</alignment>
         <input_file_ref idref="fl-3"/>
      </object_component>
      <object_component id="oc-ef">
         <name>.debug_info</name>
         <load_address>0x84be</load_address>
         <run_address>0x84be</run_address>
         <size>0x745</size>
         <alignment>0x1</alignment>
         <input_file_ref idref="fl-11"/>
      </object_component>
      <object_component id="oc-114">
         <name>.debug_info</name>
         <load_address>0x8c03</load_address>
         <run_address>0x8c03</run_address>
         <size>0x75</size>
         <alignment>0x1</alignment>
         <input_file_ref idref="fl-12"/>
      </object_component>
      <object_component id="oc-14c">
         <name>.debug_info</name>
         <load_address>0x8c78</load_address>
         <run_address>0x8c78</run_address>
         <size>0x5084</size>
         <alignment>0x1</alignment>
         <input_file_ref idref="fl-13"/>
      </object_component>
      <object_component id="oc-d8">
         <name>.debug_info</name>
         <load_address>0xdcfc</load_address>
         <run_address>0xdcfc</run_address>
         <size>0x3344</size>
         <alignment>0x1</alignment>
         <input_file_ref idref="fl-14"/>
      </object_component>
      <object_component id="oc-e8">
         <name>.debug_info</name>
         <load_address>0x11040</load_address>
         <run_address>0x11040</run_address>
         <size>0x368</size>
         <alignment>0x1</alignment>
         <input_file_ref idref="fl-15"/>
      </object_component>
      <object_component id="oc-91">
         <name>.debug_info</name>
         <load_address>0x113a8</load_address>
         <run_address>0x113a8</run_address>
         <size>0x809</size>
         <alignment>0x1</alignment>
         <input_file_ref idref="fl-16"/>
      </object_component>
      <object_component id="oc-20">
         <name>.debug_info</name>
         <load_address>0x11bb1</load_address>
         <run_address>0x11bb1</run_address>
         <size>0x423</size>
         <alignment>0x1</alignment>
         <input_file_ref idref="fl-2d"/>
      </object_component>
      <object_component id="oc-b3">
         <name>.debug_info</name>
         <load_address>0x11fd4</load_address>
         <run_address>0x11fd4</run_address>
         <size>0x744</size>
         <alignment>0x1</alignment>
         <input_file_ref idref="fl-2f"/>
      </object_component>
      <object_component id="oc-70">
         <name>.debug_info</name>
         <load_address>0x12718</load_address>
         <run_address>0x12718</run_address>
         <size>0x46</size>
         <alignment>0x1</alignment>
         <input_file_ref idref="fl-30"/>
      </object_component>
      <object_component id="oc-110">
         <name>.debug_info</name>
         <load_address>0x1275e</load_address>
         <run_address>0x1275e</run_address>
         <size>0x1b1</size>
         <alignment>0x1</alignment>
         <input_file_ref idref="fl-31"/>
      </object_component>
      <object_component id="oc-55">
         <name>.debug_info</name>
         <load_address>0x1290f</load_address>
         <run_address>0x1290f</run_address>
         <size>0x192</size>
         <alignment>0x1</alignment>
         <input_file_ref idref="fl-32"/>
      </object_component>
      <object_component id="oc-27">
         <name>.debug_info</name>
         <load_address>0x12aa1</load_address>
         <run_address>0x12aa1</run_address>
         <size>0xc6</size>
         <alignment>0x1</alignment>
         <input_file_ref idref="fl-33"/>
      </object_component>
      <object_component id="oc-22">
         <name>.debug_info</name>
         <load_address>0x12b67</load_address>
         <run_address>0x12b67</run_address>
         <size>0x17c</size>
         <alignment>0x1</alignment>
         <input_file_ref idref="fl-34"/>
      </object_component>
      <object_component id="oc-ad">
         <name>.debug_info</name>
         <load_address>0x12ce3</load_address>
         <run_address>0x12ce3</run_address>
         <size>0xf8</size>
         <alignment>0x1</alignment>
         <input_file_ref idref="fl-35"/>
      </object_component>
      <object_component id="oc-105">
         <name>.debug_info</name>
         <load_address>0x12ddb</load_address>
         <run_address>0x12ddb</run_address>
         <size>0x3b</size>
         <alignment>0x1</alignment>
         <input_file_ref idref="fl-d7"/>
      </object_component>
      <object_component id="oc-120">
         <name>.debug_info</name>
         <load_address>0x12e16</load_address>
         <run_address>0x12e16</run_address>
         <size>0x18d</size>
         <alignment>0x1</alignment>
         <input_file_ref idref="fl-d8"/>
      </object_component>
      <object_component id="oc-144">
         <name>.debug_info</name>
         <load_address>0x12fa3</load_address>
         <run_address>0x12fa3</run_address>
         <size>0x1b9</size>
         <alignment>0x1</alignment>
         <input_file_ref idref="fl-d9"/>
      </object_component>
      <object_component id="oc-4d">
         <name>.debug_info</name>
         <load_address>0x1315c</load_address>
         <run_address>0x1315c</run_address>
         <size>0x199</size>
         <alignment>0x1</alignment>
         <input_file_ref idref="fl-da"/>
      </object_component>
      <object_component id="oc-69">
         <name>.debug_info</name>
         <load_address>0x132f5</load_address>
         <run_address>0x132f5</run_address>
         <size>0x1b5</size>
         <alignment>0x1</alignment>
         <input_file_ref idref="fl-db"/>
      </object_component>
      <object_component id="oc-97">
         <name>.debug_info</name>
         <load_address>0x134aa</load_address>
         <run_address>0x134aa</run_address>
         <size>0x1bc</size>
         <alignment>0x1</alignment>
         <input_file_ref idref="fl-dc"/>
      </object_component>
      <object_component id="oc-124">
         <name>.debug_info</name>
         <load_address>0x13666</load_address>
         <run_address>0x13666</run_address>
         <size>0x19d</size>
         <alignment>0x1</alignment>
         <input_file_ref idref="fl-dd"/>
      </object_component>
      <object_component id="oc-166">
         <name>.debug_info</name>
         <load_address>0x13803</load_address>
         <run_address>0x13803</run_address>
         <size>0x195</size>
         <alignment>0x1</alignment>
         <input_file_ref idref="fl-de"/>
      </object_component>
      <object_component id="oc-163">
         <name>.debug_info</name>
         <load_address>0x13998</load_address>
         <run_address>0x13998</run_address>
         <size>0x18f</size>
         <alignment>0x1</alignment>
         <input_file_ref idref="fl-df"/>
      </object_component>
      <object_component id="oc-173">
         <name>.debug_info</name>
         <load_address>0x13b27</load_address>
         <run_address>0x13b27</run_address>
         <size>0x18f</size>
         <alignment>0x1</alignment>
         <input_file_ref idref="fl-e0"/>
      </object_component>
      <object_component id="oc-f5">
         <name>.debug_info</name>
         <load_address>0x13cb6</load_address>
         <run_address>0x13cb6</run_address>
         <size>0x85</size>
         <alignment>0x1</alignment>
         <input_file_ref idref="fl-e1"/>
      </object_component>
      <object_component id="oc-7e">
         <name>.debug_info</name>
         <load_address>0x13d3b</load_address>
         <run_address>0x13d3b</run_address>
         <size>0x2fa</size>
         <alignment>0x1</alignment>
         <input_file_ref idref="fl-e2"/>
      </object_component>
      <object_component id="oc-c6">
         <name>.debug_info</name>
         <load_address>0x14035</load_address>
         <run_address>0x14035</run_address>
         <size>0x244</size>
         <alignment>0x1</alignment>
         <input_file_ref idref="fl-e3"/>
      </object_component>
      <object_component id="oc-1bd">
         <name>.debug_info</name>
         <load_address>0x14279</load_address>
         <run_address>0x14279</run_address>
         <size>0x10c</size>
         <alignment>0x0</alignment>
      </object_component>
      <object_component id="oc-37">
         <name>.debug_ranges</name>
         <load_address>0x0</load_address>
         <run_address>0x0</run_address>
         <size>0x928</size>
         <alignment>0x1</alignment>
         <input_file_ref idref="fl-1"/>
      </object_component>
      <object_component id="oc-8a">
         <name>.debug_ranges</name>
         <load_address>0x928</load_address>
         <run_address>0x928</run_address>
         <size>0x48</size>
         <alignment>0x1</alignment>
         <input_file_ref idref="fl-2"/>
      </object_component>
      <object_component id="oc-3a">
         <name>.debug_ranges</name>
         <load_address>0x970</load_address>
         <run_address>0x970</run_address>
         <size>0x18</size>
         <alignment>0x1</alignment>
         <input_file_ref idref="fl-3"/>
      </object_component>
      <object_component id="oc-f0">
         <name>.debug_ranges</name>
         <load_address>0x988</load_address>
         <run_address>0x988</run_address>
         <size>0x18</size>
         <alignment>0x1</alignment>
         <input_file_ref idref="fl-11"/>
      </object_component>
      <object_component id="oc-14e">
         <name>.debug_ranges</name>
         <load_address>0x9a0</load_address>
         <run_address>0x9a0</run_address>
         <size>0x2b0</size>
         <alignment>0x1</alignment>
         <input_file_ref idref="fl-13"/>
      </object_component>
      <object_component id="oc-d9">
         <name>.debug_ranges</name>
         <load_address>0xc50</load_address>
         <run_address>0xc50</run_address>
         <size>0x208</size>
         <alignment>0x1</alignment>
         <input_file_ref idref="fl-14"/>
      </object_component>
      <object_component id="oc-e7">
         <name>.debug_ranges</name>
         <load_address>0xe58</load_address>
         <run_address>0xe58</run_address>
         <size>0x20</size>
         <alignment>0x1</alignment>
         <input_file_ref idref="fl-15"/>
      </object_component>
      <object_component id="oc-90">
         <name>.debug_ranges</name>
         <load_address>0xe78</load_address>
         <run_address>0xe78</run_address>
         <size>0xc8</size>
         <alignment>0x1</alignment>
         <input_file_ref idref="fl-16"/>
      </object_component>
      <object_component id="oc-46">
         <name>.debug_ranges</name>
         <load_address>0xf40</load_address>
         <run_address>0xf40</run_address>
         <size>0x48</size>
         <alignment>0x1</alignment>
         <input_file_ref idref="fl-2d"/>
      </object_component>
      <object_component id="oc-b4">
         <name>.debug_ranges</name>
         <load_address>0xf88</load_address>
         <run_address>0xf88</run_address>
         <size>0x48</size>
         <alignment>0x1</alignment>
         <input_file_ref idref="fl-2f"/>
      </object_component>
      <object_component id="oc-56">
         <name>.debug_ranges</name>
         <load_address>0xfd0</load_address>
         <run_address>0xfd0</run_address>
         <size>0x18</size>
[...]
      <symbol id="sm-c">
         <name>__binit__</name>
         <value>0x36a8</value>
      </symbol>
      <symbol id="sm-d">
         <name>__STACK_SIZE</name>
         <value>0x100</value>
      </symbol>
      <symbol id="sm-e">
         <name>__STACK_END</name>
         <value>0x20000400</value>
      </symbol>
      <symbol id="sm-f">
         <name>__TI_pprof_out_hndl</name>
         <value>0xffffffff</value>
      </symbol>
      <symbol id="sm-10">
         <name>__TI_prof_data_start</name>
         <value>0xffffffff</value>
      </symbol>
      <symbol id="sm-11">
         <name>__TI_prof_data_size</name>
         <value>0xffffffff</value>
      </symbol>
      <symbol id="sm-b2">
         <name>SysTick_Handler</name>
         <value>0x3559</value>
         <object_component_ref idref="oc-3e"/>
      </symbol>
      <symbol id="sm-b3">
         <name>g_tick_ms</name>
         <value>0x200000d4</value>
         <object_component_ref idref="oc-63"/>
      </symbol>
      <symbol id="sm-b4">
         <name>sys_memory</name>
         <value>0x20000164</value>
      </symbol>
      <symbol id="sm-b5">
         <name>load_memory_from_flash</name>
         <value>0x1fbd</value>
         <object_component_ref idref="oc-8b"/>
      </symbol>
      <symbol id="sm-b6">
         <name>current_sector_addr</name>
         <value>0x200000cc</value>
         <object_component_ref idref="oc-d0"/>
      </symbol>
      <symbol id="sm-b7">
         <name>current_nvm_slot</name>
         <value>0x200000c8</value>
         <object_component_ref idref="oc-d1"/>
      </symbol>
      <symbol id="sm-b8">
         <name>flash_shadow</name>
         <value>0x20000124</value>
      </symbol>
      <symbol id="sm-b9">
         <name>nvm_dirty</name>
         <value>0x20000119</value>
         <object_component_ref idref="oc-d3"/>
      </symbol>
      <symbol id="sm-ba">
         <name>save_memory_to_flash</name>
         <value>0x1581</value>
         <object_component_ref idref="oc-fd"/>
      </symbol>
      <symbol id="sm-bb">
         <name>sys_state</name>
         <value>0x2000011f</value>
         <object_component_ref idref="oc-9d"/>
      </symbol>
      <symbol id="sm-bc">
         <name>last_user_action_tick</name>
         <value>0x200000e4</value>
         <object_component_ref idref="oc-101"/>
      </symbol>
      <symbol id="sm-bd">
         <name>nvm_dirty_start_tick</name>
         <value>0x200000ec</value>
         <object_component_ref idref="oc-de"/>
      </symbol>
      <symbol id="sm-be">
         <name>calculate_safe_brt</name>
         <value>0x1d1d</value>
         <object_component_ref idref="oc-d6"/>
      </symbol>
      <symbol id="sm-bf">
         <name>g_vbatt_mv_filtered</name>
         <value>0x200000d8</value>
         <object_component_ref idref="oc-a6"/>
      </symbol>
      <symbol id="sm-c0">
         <name>g_test_box</name>
         <value>0x20000000</value>
         <object_component_ref idref="oc-1a"/>
      </symbol>
      <symbol id="sm-c1">
         <name>current_pwm</name>
         <value>0x20000108</value>
         <object_component_ref idref="oc-9b"/>
      </symbol>
      <symbol id="sm-c2">
         <name>current_brt_calculated</name>
         <value>0x20000106</value>
         <object_component_ref idref="oc-e0"/>
      </symbol>
      <symbol id="sm-c3">
         <name>target_pwm</name>
         <value>0x2000010c</value>
         <object_component_ref idref="oc-9c"/>
      </symbol>
      <symbol id="sm-c4">
         <name>pwm_output_task</name>
         <value>0x246d</value>
         <object_component_ref idref="oc-8c"/>
      </symbol>
      <symbol id="sm-c5">
         <name>als_err_start_tick</name>
         <value>0x200000b8</value>
         <object_component_ref idref="oc-dd"/>
      </symbol>
      <symbol id="sm-c6">
         <name>CFG_BRT_MAP</name>
         <value>0x3600</value>
         <object_component_ref idref="oc-df"/>
      </symbol>
      <symbol id="sm-c7">
         <name>g_anim</name>
         <value>0x200000ac</value>
         <object_component_ref idref="oc-e1"/>
      </symbol>
      <symbol id="sm-c8">
         <name>g_last_applied_pwm</name>
         <value>0x2000010a</value>
         <object_component_ref idref="oc-a7"/>
      </symbol>
      <symbol id="sm-c9">
         <name>i2c_stop</name>
         <value>0x3321</value>
         <object_component_ref idref="oc-13f"/>
      </symbol>
      <symbol id="sm-ca">
         <name>i2c_start</name>
         <value>0x2f31</value>
         <object_component_ref idref="oc-140"/>
      </symbol>
      <symbol id="sm-cb">
         <name>i2c_write_byte</name>
         <value>0x281d</value>
         <object_component_ref idref="oc-13e"/>
      </symbol>
      <symbol id="sm-cc">
         <name>i2c_read_byte</name>
         <value>0x29b1</value>
         <object_component_ref idref="oc-141"/>
      </symbol>
      <symbol id="sm-cd">
         <name>als_task</name>
         <value>0xf15</value>
         <object_component_ref idref="oc-fb"/>
      </symbol>
      <symbol id="sm-ce">
         <name>is_dimmed</name>
         <value>0x20000117</value>
         <object_component_ref idref="oc-133"/>
      </symbol>
      <symbol id="sm-cf">
         <name>AUTO_OFFSET_PCT</name>
         <value>0x3612</value>
         <object_component_ref idref="oc-148"/>
      </symbol>
      <symbol id="sm-d0">
         <name>g_vbatt_mv_raw</name>
         <value>0x200000dc</value>
         <object_component_ref idref="oc-a5"/>
      </symbol>
      <symbol id="sm-d1">
         <name>protection_task</name>
         <value>0x2249</value>
         <object_component_ref idref="oc-f9"/>
      </symbol>
      <symbol id="sm-d2">
         <name>inactivity_sec</name>
         <value>0x200000e0</value>
         <object_component_ref idref="oc-a8"/>
      </symbol>
      <symbol id="sm-d3">
         <name>key_task</name>
         <value>0xc1</value>
         <object_component_ref idref="oc-fa"/>
      </symbol>
      <symbol id="sm-d4">
         <name>g_flash_mode_used</name>
         <value>0x20000208</value>
         <object_component_ref idref="oc-9a"/>
      </symbol>
      <symbol id="sm-d5">
         <name>flash_mode_start_tick</name>
         <value>0x200000d0</value>
         <object_component_ref idref="oc-135"/>
      </symbol>
      <symbol id="sm-d6">
         <name>is_overshot</name>
         <value>0x20000118</value>
         <object_component_ref idref="oc-138"/>
      </symbol>
      <symbol id="sm-d7">
         <name>virtual_max_brt</name>
         <value>0x2000010e</value>
         <object_component_ref idref="oc-139"/>
      </symbol>
      <symbol id="sm-d8">
         <name>test_mode_task</name>
         <value>0x879</value>
         <object_component_ref idref="oc-fc"/>
      </symbol>
      <symbol id="sm-d9">
         <name>GPIOA_IRQHandler</name>
         <value>0x34f9</value>
         <object_component_ref idref="oc-40"/>
      </symbol>
      <symbol id="sm-da">
         <name>scheduler_run</name>
         <value>0x265d</value>
         <object_component_ref idref="oc-99"/>
      </symbol>
      <symbol id="sm-db">
         <name>main</name>
         <value>0x19f1</value>
         <object_component_ref idref="oc-71"/>
      </symbol>
      <symbol id="sm-dc">
         <name>g_por_magic</name>
         <value>0x2000020c</value>
         <object_component_ref idref="oc-9a"/>
      </symbol>
      <symbol id="sm-dd">
         <name>g_fw_version_flash</name>
         <value>0x37f0</value>
         <object_component_ref idref="oc-1c"/>
      </symbol>
      <symbol id="sm-104">
         <name>SYSCFG_DL_init</name>
         <value>0x341f</value>
         <object_component_ref idref="oc-86"/>
      </symbol>
      <symbol id="sm-105">
         <name>SYSCFG_DL_initPower</name>
         <value>0x3149</value>
         <object_component_ref idref="oc-c9"/>
      </symbol>
      <symbol id="sm-106">
         <name>SYSCFG_DL_GPIO_init</name>
         <value>0x30fd</value>
         <object_component_ref idref="oc-ca"/>
      </symbol>
      <symbol id="sm-107">
         <name>SYSCFG_DL_SYSCTL_init</name>
         <value>0x33b5</value>
         <object_component_ref idref="oc-cb"/>
      </symbol>
      <symbol id="sm-108">
         <name>SYSCFG_DL_PWM_0_init</name>
         <value>0x2ec5</value>
         <object_component_ref idref="oc-cc"/>
      </symbol>
      <symbol id="sm-109">
         <name>SYSCFG_DL_ADC12_0_init</name>
         <value>0x30b1</value>
         <object_component_ref idref="oc-93"/>
      </symbol>
      <symbol id="sm-10a">
         <name>SYSCFG_DL_VREF_init</name>
         <value>0x350d</value>
         <object_component_ref idref="oc-92"/>
      </symbol>
      <symbol id="sm-10b">
         <name>SYSCFG_DL_WWDT0_init</name>
         <value>0x34c9</value>
         <object_component_ref idref="oc-cd"/>
      </symbol>
      <symbol id="sm-116">
         <name>Default_Handler</name>
         <value>0x2ff7</value>
         <object_component_ref idref="oc-3d"/>
      </symbol>
      <symbol id="sm-117">
         <name>Reset_Handler</name>
         <value>0x3593</value>
         <object_component_ref idref="oc-39"/>
      </symbol>
      <symbol id="sm-118">
         <name>interruptVectors</name>
         <value>0x0</value>
         <object_component_ref idref="oc-1d"/>
      </symbol>
      <symbol id="sm-119">
         <name>NMI_Handler</name>
         <value>0x2ff7</value>
         <object_component_ref idref="oc-3d"/>
      </symbol>
      <symbol id="sm-11a">
         <name>HardFault_Handler</name>
         <value>0x2ff7</value>
         <object_component_ref idref="oc-3d"/>
      </symbol>
      <symbol id="sm-11b">
         <name>SVC_Handler</name>
         <value>0x2ff7</value>
         <object_component_ref idref="oc-3d"/>
      </symbol>
      <symbol id="sm-11c">
         <name>PendSV_Handler</name>
         <value>0x2ff7</value>
         <object_component_ref idref="oc-3d"/>
      </symbol>
      <symbol id="sm-11d">
         <name>GROUP0_IRQHandler</name>
         <value>0x2ff7</value>
         <object_component_ref idref="oc-3d"/>
      </symbol>
      <symbol id="sm-11e">
         <name>TIMG8_IRQHandler</name>
         <value>0x2ff7</value>
         <object_component_ref idref="oc-3d"/>
      </symbol>
      <symbol id="sm-11f">
         <name>ADC0_IRQHandler</name>
         <value>0x2ff7</value>
         <object_component_ref idref="oc-3d"/>
      </symbol>
      <symbol id="sm-120">
         <name>SPI0_IRQHandler</name>
         <value>0x2ff7</value>
         <object_component_ref idref="oc-3d"/>
      </symbol>
      <symbol id="sm-121">
         <name>UART0_IRQHandler</name>
         <value>0x2ff7</value>
         <object_component_ref idref="oc-3d"/>
      </symbol>
      <symbol id="sm-122">
         <name>TIMG14_IRQHandler</name>
         <value>0x2ff7</value>
         <object_component_ref idref="oc-3d"/>
      </symbol>
      <symbol id="sm-123">
         <name>TIMA0_IRQHandler</name>
         <value>0x2ff7</value>
         <object_component_ref idref="oc-3d"/>
      </symbol>
      <symbol id="sm-124">
         <name>I2C0_IRQHandler</name>
         <value>0x2ff7</value>
         <object_component_ref idref="oc-3d"/>
      </symbol>
      <symbol id="sm-125">
         <name>DMA_IRQHandler</name>
         <value>0x2ff7</value>
         <object_component_ref idref="oc-3d"/>
      </symbol>
      <symbol id="sm-126">
         <name>__TI_ATRegion0_src_addr</name>
         <value>0x0</value>
      </symbol>
      <symbol id="sm-127">
         <name>__TI_ATRegion0_trg_addr</name>
         <value>0x0</value>
      </symbol>
      <symbol id="sm-128">
         <name>__TI_ATRegion0_region_sz</name>
         <value>0x0</value>
      </symbol>
      <symbol id="sm-129">
         <name>__TI_ATRegion1_src_addr</name>
         <value>0x0</value>
      </symbol>
      <symbol id="sm-12a">
         <name>__TI_ATRegion1_trg_addr</name>
         <value>0x0</value>
      </symbol>
      <symbol id="sm-12b">
         <name>__TI_ATRegion1_region_sz</name>
         <value>0x0</value>
      </symbol>
      <symbol id="sm-12c">
         <name>__TI_ATRegion2_src_addr</name>
         <value>0x0</value>
      </symbol>
      <symbol id="sm-12d">
         <name>__TI_ATRegion2_trg_addr</name>
         <value>0x0</value>
      </symbol>
      <symbol id="sm-12e">
         <name>__TI_ATRegion2_region_sz</name>
         <value>0x0</value>
      </symbol>
      <symbol id="sm-139">
         <name>DL_ADC12_setClockConfig</name>
         <value>0x322d</value>
         <object_component_ref idref="oc-ec"/>
      </symbol>
      <symbol id="sm-142">
         <name>DL_Common_delayCycles</name>
         <value>0x3575</value>
         <object_component_ref idref="oc-113"/>
      </symbol>
      <symbol id="sm-157">
         <name>DL_FlashCTL_eraseMemoryFromRAM</name>
         <value>0x3499</value>
         <object_component_ref idref="oc-150"/>
      </symbol>
      <symbol id="sm-158">
         <name>DL_FlashCTL_unprotectSector</name>
         <value>0x2c35</value>
         <object_component_ref idref="oc-14a"/>
      </symbol>
      <symbol id="sm-159">
         <name>DL_FlashCTL_programMemoryFromRAM64</name>
         <value>0x3381</value>
         <object_component_ref idref="oc-151"/>
      </symbol>
      <symbol id="sm-173">
         <name>DL_Timer_setClockConfig</name>
         <value>0x347d</value>
         <object_component_ref idref="oc-117"/>
      </symbol>
      <symbol id="sm-174">
         <name>DL_Timer_setCaptureCompareValue</name>
         <value>0x3549</value>
         <object_component_ref idref="oc-d7"/>
      </symbol>
      <symbol id="sm-175">
         <name>DL_Timer_setCaptCompUpdateMethod</name>
         <value>0x3461</value>
         <object_component_ref idref="oc-11a"/>
      </symbol>
      <symbol id="sm-176">
         <name>DL_Timer_setCaptureCompareOutCtl</name>
         <value>0x34b1</value>
         <object_component_ref idref="oc-119"/>
      </symbol>
      <symbol id="sm-177">
         <name>DL_Timer_initFourCCPWMMode</name>
         <value>0x2b31</value>
         <object_component_ref idref="oc-118"/>
      </symbol>
      <symbol id="sm-181">
         <name>DL_VREF_configReference</name>
         <value>0x33fd</value>
         <object_component_ref idref="oc-e5"/>
      </symbol>
      <symbol id="sm-18c">
         <name>DL_SYSCTL_switchMCLKfromLFCLKtoSYSOSC</name>
         <value>0x32e9</value>
         <object_component_ref idref="oc-8d"/>
      </symbol>
      <symbol id="sm-197">
         <name>_c_int00_noargs</name>
         <value>0x3359</value>
         <object_component_ref idref="oc-5c"/>
      </symbol>
      <symbol id="sm-198">
         <name>__stack</name>
         <value>0x20000300</value>
         <object_component_ref idref="oc-1f"/>
      </symbol>
      <symbol id="sm-1a4">
         <name>__TI_auto_init_nopinit</name>
         <value>0x31e1</value>
         <object_component_ref idref="oc-b7"/>
      </symbol>
      <symbol id="sm-1ac">
         <name>_system_pre_init</name>
         <value>0x3597</value>
         <object_component_ref idref="oc-6d"/>
      </symbol>
      <symbol id="sm-1b6">
         <name>copy_in</name>
         <value>0x3195</value>
         <object_component_ref idref="oc-10e"/>
      </symbol>
      <symbol id="sm-1c0">
         <name>__TI_zero_init_nomemset</name>
         <value>0x34e1</value>
         <object_component_ref idref="oc-53"/>
      </symbol>
      <symbol id="sm-1c9">
         <name>__TI_decompress_none</name>
         <value>0x3535</value>
         <object_component_ref idref="oc-25"/>
      </symbol>
      <symbol id="sm-1d4">
         <name>__TI_decompress_lzss</name>
         <value>0x2e49</value>
         <object_component_ref idref="oc-21"/>
      </symbol>
      <symbol id="sm-1de">
         <name>abort</name>
         <value>0x3589</value>
         <object_component_ref idref="oc-a9"/>
      </symbol>
      <symbol id="sm-1e8">
         <name>HOSTexit</name>
         <value>0x358f</value>
         <object_component_ref idref="oc-102"/>
      </symbol>
      <symbol id="sm-1e9">
         <name>C$$EXIT</name>
         <value>0x358e</value>
         <object_component_ref idref="oc-102"/>
      </symbol>
      <symbol id="sm-1ef">
         <name>__aeabi_lmul</name>
         <value>0x33d9</value>
         <object_component_ref idref="oc-11d"/>
      </symbol>
      <symbol id="sm-1f0">
         <name>__muldi3</name>
         <value>0x33d9</value>
         <object_component_ref idref="oc-11d"/>
      </symbol>
      <symbol id="sm-1f6">
         <name>__aeabi_idiv</name>
         <value>0x3059</value>
         <object_component_ref idref="oc-143"/>
      </symbol>
      <symbol id="sm-1f7">
         <name>__aeabi_idivmod</name>
         <value>0x3059</value>
         <object_component_ref idref="oc-143"/>
      </symbol>
      <symbol id="sm-1fd">
         <name>__aeabi_memcpy</name>
         <value>0x3581</value>
         <object_component_ref idref="oc-4c"/>
      </symbol>
      <symbol id="sm-1fe">
         <name>__aeabi_memcpy4</name>
         <value>0x3581</value>
         <object_component_ref idref="oc-4c"/>
      </symbol>
      <symbol id="sm-1ff">
         <name>__aeabi_memcpy8</name>
         <value>0x3581</value>
         <object_component_ref idref="oc-4c"/>
      </symbol>
      <symbol id="sm-206">
         <name>__aeabi_memclr</name>
         <value>0x3569</value>
         <object_component_ref idref="oc-68"/>
      </symbol>
      <symbol id="sm-207">
         <name>__aeabi_memclr4</name>
         <value>0x3569</value>
         <object_component_ref idref="oc-68"/>
      </symbol>
      <symbol id="sm-208">
         <name>__aeabi_memclr8</name>
         <value>0x3569</value>
         <object_component_ref idref="oc-68"/>
      </symbol>
      <symbol id="sm-20e">
         <name>__aeabi_uidiv</name>
         <value>0x326d</value>
         <object_component_ref idref="oc-95"/>
      </symbol>
      <symbol id="sm-20f">
         <name>__aeabi_uidivmod</name>
         <value>0x326d</value>
         <object_component_ref idref="oc-95"/>
      </symbol>
      <symbol id="sm-215">
         <name>__aeabi_uldivmod</name>
         <value>0x3521</value>
         <object_component_ref idref="oc-121"/>
      </symbol>
      <symbol id="sm-21b">
         <name>__udivmoddi4</name>
         <value>0x2d0d</value>
         <object_component_ref idref="oc-165"/>
      </symbol>
      <symbol id="sm-221">
         <name>__muldsi3</name>
         <value>0x32ad</value>
         <object_component_ref idref="oc-160"/>
      </symbol>
      <symbol id="sm-227">
         <name>__aeabi_llsl</name>
         <value>0x3441</value>
         <object_component_ref idref="oc-170"/>
      </symbol>
      <symbol id="sm-228">
         <name>__ashldi3</name>
         <value>0x3441</value>
         <object_component_ref idref="oc-170"/>
      </symbol>
      <symbol id="sm-234">
         <name>__aeabi_idiv0</name>
         <value>0x30af</value>
         <object_component_ref idref="oc-f3"/>
      </symbol>
      <symbol id="sm-235">
         <name>__aeabi_ldiv0</name>
         <value>0x32e7</value>
         <object_component_ref idref="oc-16f"/>
      </symbol>
      <symbol id="sm-24e">
         <name>memcpy</name>
         <value>0x2daf</value>
         <object_component_ref idref="oc-81"/>
      </symbol>
      <symbol id="sm-25d">
         <name>memset</name>
         <value>0x2f95</value>
         <object_component_ref idref="oc-c8"/>
      </symbol>
      <symbol id="sm-25e">
         <name>__TI_static_base__</name>
         <value>0x0</value>
      </symbol>
      <symbol id="sm-264">
         <name>__mpu_init</name>
         <value>0x0</value>
      </symbol>
      <symbol id="sm-265">
         <name>_system_post_cinit</name>
         <value>0x0</value>
      </symbol>
   </symbol_table>
   <title>Link successful</title>
</link_info>
