******************************************************************************
            TI ARM Clang Linker PC v5.1.1                      
******************************************************************************
>> Linked Sat Aug  1 23:57:04 2026

OUTPUT FILE NAME:   <RMR.out>
ENTRY POINT SYMBOL: "_c_int00_noargs"  address: 00002db5


MEMORY CONFIGURATION

         name            origin    length      used     unused   attr    fill
----------------------  --------  ---------  --------  --------  ----  --------
  FLASH                 00000000   00004000  00003148  00000eb8  R  X
  SRAM                  20000000   00000400  000002f8  00000108  RW X
  BCR_CONFIG            41c00000   000000ff  00000000  000000ff  R   


SEGMENT ALLOCATION MAP

run origin  load origin   length   init length attrs members
----------  ----------- ---------- ----------- ----- -------
00000000    00000000    00003020   00003020    r-x
  00000000    00000000    000000c0   000000c0    r-- .intvecs
  000000c0    000000c0    00002f60   00002f60    r-x .text
00003080    00003080    000000c8   000000c8    r--
  00003080    00003080    00000048   00000048    r-- .rodata
  000030c8    000030c8    00000070   00000070    r-- .cinit
  00003138    00003138    00000010   00000010    r-- .binit
20000000    20000000    00000194   00000000    rw-
  20000000    20000000    00000113   00000000    rw- .data
  20000114    20000114    00000080   00000000    rw- .bss
20000198    00003020    00000060   00000060    r-x
  20000198    00003020    00000060   00000060    r-x .TI.ramfunc
200001f8    200001f8    00000005   00000000    rw-
  200001f8    200001f8    00000005   00000000    rw- .TI.noinit
20000300    20000300    00000100   00000000    rw-
  20000300    20000300    00000100   00000000    rw- .stack


SECTION ALLOCATION MAP

 output                                  attributes/
section   page    origin      length       input sections
--------  ----  ----------  ----------   ----------------
.intvecs   0    00000000    000000c0     
                  00000000    000000c0     startup_mspm0c110x_ticlang.o (.intvecs)

.text      0    000000c0    00002f60     
                  000000c0    000007f4     empty_mspm0c1104.o (.text.key_task)
                  000008b4    00000590     empty_mspm0c1104.o (.text.als_task)
                  00000e44    00000390     empty_mspm0c1104.o (.text.test_mode_task)
                  000011d4    00000320     empty_mspm0c1104.o (.text.main)
                  000014f4    000002b8     empty_mspm0c1104.o (.text.save_memory_to_flash)
                  000017ac    00000244     empty_mspm0c1104.o (.text.calculate_safe_brt)
                  000019f0    00000230     empty_mspm0c1104.o (.text.load_memory_from_flash)
                  00001c20    000001f4     empty_mspm0c1104.o (.text.protection_task)
                  00001e14    000001c8     empty_mspm0c1104.o (.text.pwm_output_task)
                  00001fdc    000001c0     empty_mspm0c1104.o (.text.scheduler_run)
                  0000219c    000001a4     empty_mspm0c1104.o (.text.i2c_write_byte)
                  00002340    0000016c     empty_mspm0c1104.o (.text.i2c_read_byte)
                  000024ac    00000104     driverlib.a : dl_timer.o (.text.DL_Timer_initFourCCPWMMode)
                  000025b0    000000e4     empty_mspm0c1104.o (.text.key_handle_both_long)
                  00002694    000000d8     driverlib.a : dl_flashctl.o (.text.DL_FlashCTL_unprotectSector)
                  0000276c    000000a2     libclang_rt.builtins.a : udivmoddi4.S.obj (.text)
                  0000280e    0000009a     libc.a : memcpy16.S.obj (.text:memcpy)
                  000028a8    0000007c            : copy_decompress_lzss.c.obj (.text:decompress:lzss)
                  00002924    00000074     ti_msp_dl_config.o (.text.SYSCFG_DL_PWM_0_init)
                  00002998    00000062     libc.a : memset16.S.obj (.text:memset)
                  000029fa    00000002     startup_mspm0c110x_ticlang.o (.text.Default_Handler)
                  000029fc    00000060     empty_mspm0c1104.o (.text.user_als_lux_to_brt_curve)
                  00002a5c    0000005c     empty_mspm0c1104.o (.text.i2c_start)
                  00002ab8    00000056     libclang_rt.builtins.a : aeabi_idivmod.S.obj (.text)
                  00002b0e    00000002                            : aeabi_div0.c.obj (.text.__aeabi_idiv0)
                  00002b10    00000054     ti_msp_dl_config.o (.text.SYSCFG_DL_GPIO_init)
                  00002b64    0000004c     ti_msp_dl_config.o (.text.SYSCFG_DL_ADC12_0_init)
                  00002bb0    0000004c     ti_msp_dl_config.o (.text.SYSCFG_DL_initPower)
                  00002bfc    0000004c     libc.a : cpy_tbl.c.obj (.text.copy_in)
                  00002c48    00000044            : autoinit.c.obj (.text:__TI_auto_init_nopinit)
                  00002c8c    00000040     driverlib.a : dl_adc12.o (.text.DL_ADC12_setClockConfig)
                  00002ccc    00000040     libclang_rt.builtins.a : aeabi_uidivmod.S.obj (.text)
                  00002d0c    0000003a                            : muldsi3.S.obj (.text)
                  00002d46    00000002                            : aeabi_div0.c.obj (.text.__aeabi_ldiv0)
                  00002d48    00000038     driverlib.a : dl_sysctl_mspm0c110x.o (.text.DL_SYSCTL_switchMCLKfromLFCLKtoSYSOSC)
                  00002d80    00000034     empty_mspm0c1104.o (.text.i2c_stop)
                  00002db4    00000028     libc.a : boot_cortex_m.c.obj (.text:_c_int00_noargs)
                  00002ddc    00000024     driverlib.a : dl_flashctl.o (.text.DL_FlashCTL_programMemoryFromRAM64)
                  00002e00    00000010                 : dl_flashctl.o (.tramp.DL_FlashCTL_executeCommandFromRAM.1)
                  00002e10    00000024     ti_msp_dl_config.o (.text.SYSCFG_DL_SYSCTL_init)
                  00002e34    00000024     ti_msp_dl_config.o (.text.SYSCFG_DL_init)
                  00002e58    00000024     libclang_rt.builtins.a : muldi3.S.obj (.text)
                  00002e7c    00000022     driverlib.a : dl_vref.o (.text.DL_VREF_configReference)
                  00002e9e    00000002     --HOLE-- [fill = 0]
                  00002ea0    0000001e     libclang_rt.builtins.a : ashldi3.S.obj (.text)
                  00002ebe    00000002     --HOLE-- [fill = 0]
                  00002ec0    0000001c     driverlib.a : dl_timer.o (.text.DL_Timer_setCaptCompUpdateMethod)
                  00002edc    0000001c                 : dl_timer.o (.text.DL_Timer_setClockConfig)
                  00002ef8    0000001a     libclang_rt.builtins.a : aeabi_memset.S.obj (.text)
                  00002f12    00000002     --HOLE-- [fill = 0]
                  00002f14    00000018     driverlib.a : dl_flashctl.o (.text.DL_FlashCTL_eraseMemoryFromRAM)
                  00002f2c    00000018                 : dl_timer.o (.text.DL_Timer_setCaptureCompareOutCtl)
                  00002f44    00000018     ti_msp_dl_config.o (.text.SYSCFG_DL_WWDT0_init)
                  00002f5c    00000016     libc.a : copy_zero_init.c.obj (.text:decompress:ZI:__TI_zero_init_nomemset)
                  00002f72    00000002     --HOLE-- [fill = 0]
                  00002f74    00000014     empty_mspm0c1104.o (.text.GPIOA_IRQHandler)
                  00002f88    00000014     ti_msp_dl_config.o (.text.SYSCFG_DL_VREF_init)
                  00002f9c    00000014     libclang_rt.builtins.a : aeabi_uldivmod.S.obj (.text)
                  00002fb0    00000012     libc.a : copy_decompress_none.c.obj (.text:decompress:none)
                  00002fc2    00000002     --HOLE-- [fill = 0]
                  00002fc4    00000010     driverlib.a : dl_timer.o (.text.DL_Timer_setCaptureCompareValue)
                  00002fd4    00000010     ti_msp_dl_config.o (.text.SYSCFG_DL_DEBUG_init)
                  00002fe4    00000010     empty_mspm0c1104.o (.text.SysTick_Handler)
                  00002ff4    0000000a     driverlib.a : dl_common.o (.text.DL_Common_delayCycles)
                  00002ffe    00000002     --HOLE-- [fill = 0]
                  00003000    00000008     libclang_rt.builtins.a : aeabi_memcpy.S.obj (.text)
                  00003008    00000006     libc.a : exit.c.obj (.text:abort)
                  0000300e    00000004     libsysbm.a : hostexit.c.obj (.text.HOSTexit)
                  00003012    00000004     startup_mspm0c110x_ticlang.o (.text.Reset_Handler)
                  00003016    00000004     libc.a : pre_init.c.obj (.text._system_pre_init)
                  0000301a    00000006     --HOLE-- [fill = 0]

.TI.ramfunc 
*          0    00003020    00000060     RUN ADDR = 20000198
                  00003020    00000060     driverlib.a : dl_flashctl.o (.TI.ramfunc)

.cinit     0    000030c8    00000070     
                  000030c8    00000038     (.cinit..data.load) [load image, compression = lzss]
                  00003100    0000000c     (__TI_handler_table)
                  0000310c    00000008     (.cinit..TI.noinit.load) [load image, compression = zero_init]
                  00003114    00000008     (.cinit..bss.load) [load image, compression = zero_init]
                  0000311c    00000018     (__TI_cinit_table)
                  00003134    00000004     --HOLE-- [fill = 0]

.rodata    0    00003080    00000048     
                  00003080    00000012     empty_mspm0c1104.o (.rodata.CFG_BRT_MAP)
                  00003092    00000010     empty_mspm0c1104.o (.rodata.g_fw_version_flash)
                  000030a2    0000000a     empty_mspm0c1104.o (.rodata.AUTO_OFFSET_PCT)
                  000030ac    00000008     ti_msp_dl_config.o (.rodata.gADC12_0ClockConfig)
                  000030b4    00000008     ti_msp_dl_config.o (.rodata.gPWM_0Config)
                  000030bc    00000008     ti_msp_dl_config.o (.rodata.gVREFConfig)
                  000030c4    00000003     ti_msp_dl_config.o (.rodata.gPWM_0ClockConfig)
                  000030c7    00000001     --HOLE-- [fill = 0]

.init_array 
*          0    00000000    00000000     UNINITIALIZED

.binit     0    00003138    00000010     
                  00003138    00000010     (.binit)

.TI.noinit 
*          0    200001f8    00000005     UNINITIALIZED
                  200001f8    00000005     empty_mspm0c1104.o (.TI.noinit)

.data      0    20000000    00000113     UNINITIALIZED
                  20000000    00000098     empty_mspm0c1104.o (.data.g_test_box)
                  20000098    00000008     empty_mspm0c1104.o (.data.g_anim)
                  200000a0    00000004     empty_mspm0c1104.o (.data.adc_task.adc_tick)
                  200000a4    00000004     empty_mspm0c1104.o (.data.als_err_start_tick)
                  200000a8    00000004     empty_mspm0c1104.o (.data.als_task.als_tick)
                  200000ac    00000004     empty_mspm0c1104.o (.data.als_task.lux_avg)
                  200000b0    00000004     empty_mspm0c1104.o (.data.brt_cache_last_vbatt)
                  200000b4    00000004     empty_mspm0c1104.o (.data.combo_timeout)
                  200000b8    00000004     empty_mspm0c1104.o (.data.current_nvm_slot)
                  200000bc    00000004     empty_mspm0c1104.o (.data.current_sector_addr)
                  200000c0    00000004     empty_mspm0c1104.o (.data.flash_mode_start_tick)
                  200000c4    00000004     empty_mspm0c1104.o (.data.g_tick_ms)
                  200000c8    00000004     empty_mspm0c1104.o (.data.g_vbatt_mv_filtered)
                  200000cc    00000004     empty_mspm0c1104.o (.data.g_vbatt_mv_raw)
                  200000d0    00000004     empty_mspm0c1104.o (.data.inactivity_sec)
                  200000d4    00000004     empty_mspm0c1104.o (.data.key_task.debug_boot_ms)
                  200000d8    00000004     empty_mspm0c1104.o (.data.last_user_action_tick)
                  200000dc    00000004     empty_mspm0c1104.o (.data.nvm_dirty_start_tick)
                  200000e0    00000004     empty_mspm0c1104.o (.data.protection_task.last_1s_tick)
                  200000e4    00000004     empty_mspm0c1104.o (.data.t_both_ms)
                  200000e8    00000004     empty_mspm0c1104.o (.data.t_minus_ms)
                  200000ec    00000004     empty_mspm0c1104.o (.data.t_plus_ms)
                  200000f0    00000002     empty_mspm0c1104.o (.data.als_task.last_als_brt)
                  200000f2    00000002     empty_mspm0c1104.o (.data.brt_cache_last_req)
                  200000f4    00000002     empty_mspm0c1104.o (.data.brt_cache_val)
                  200000f6    00000002     empty_mspm0c1104.o (.data.current_brt_calculated)
                  200000f8    00000002     empty_mspm0c1104.o (.data.current_pwm)
                  200000fa    00000002     empty_mspm0c1104.o (.data.g_last_applied_pwm)
                  200000fc    00000002     empty_mspm0c1104.o (.data.target_pwm)
                  200000fe    00000002     empty_mspm0c1104.o (.data.virtual_max_brt)
                  20000100    00000001     empty_mspm0c1104.o (.data.adc_task.first_read)
                  20000101    00000001     empty_mspm0c1104.o (.data.adc_task.is_converting)
                  20000102    00000001     empty_mspm0c1104.o (.data.als_task.als_err_cnt)
                  20000103    00000001     empty_mspm0c1104.o (.data.als_task.als_st)
                  20000104    00000001     empty_mspm0c1104.o (.data.both_combo_handled)
                  20000105    00000001     empty_mspm0c1104.o (.data.both_long_handled)
                  20000106    00000001     empty_mspm0c1104.o (.data.combo_state)
                  20000107    00000001     empty_mspm0c1104.o (.data.hist_minus)
                  20000108    00000001     empty_mspm0c1104.o (.data.hist_plus)
                  20000109    00000001     empty_mspm0c1104.o (.data.is_dimmed)
                  2000010a    00000001     empty_mspm0c1104.o (.data.is_overshot)
                  2000010b    00000001     empty_mspm0c1104.o (.data.nvm_dirty)
                  2000010c    00000001     empty_mspm0c1104.o (.data.prev_db_minus)
                  2000010d    00000001     empty_mspm0c1104.o (.data.prev_db_plus)
                  2000010e    00000001     empty_mspm0c1104.o (.data.protection_task.lvp_crit_cnt)
                  2000010f    00000001     empty_mspm0c1104.o (.data.protection_task.lvp_ext_cnt)
                  20000110    00000001     empty_mspm0c1104.o (.data.protection_task.pwr_loss_cnt)
                  20000111    00000001     empty_mspm0c1104.o (.data.sys_state)
                  20000112    00000001     empty_mspm0c1104.o (.data.test_mode_task.test_mode_active)

.bss       0    20000114    00000080     UNINITIALIZED
                  20000114    00000040     (.common:flash_shadow)
                  20000154    00000040     (.common:sys_memory)

.stack     0    20000300    00000100     UNINITIALIZED
                  20000300    00000004     libc.a : boot_cortex_m.c.obj (.stack)
                  20000304    000000fc     --HOLE--

__llvm_prf_cnts 
*          0    20000000    00000000     UNINITIALIZED

__llvm_prf_bits 
*          0    20000000    00000000     UNINITIALIZED

MODULE SUMMARY

       Module                         code    ro data   rw data
       ------                         ----    -------   -------
    .\
       empty_mspm0c1104.o             9700    44        408    
       startup_mspm0c110x_ticlang.o   6       192       0      
    +--+------------------------------+-------+---------+---------+
       Total:                         9706    236       408    
                                                               
    .\syscfg\
       ti_msp_dl_config.o             484     27        0      
    +--+------------------------------+-------+---------+---------+
       Total:                         484     27        0      
                                                               
    C:/ti/mspm0_sdk_2_11_00_07/source/ti/driverlib/lib/ticlang/m0p/mspm0c110x/driverlib.a
       dl_flashctl.o                  484     0         0      
       dl_timer.o                     356     0         0      
       dl_adc12.o                     64      0         0      
       dl_sysctl_mspm0c110x.o         56      0         0      
       dl_vref.o                      34      0         0      
       dl_common.o                    10      0         0      
    +--+------------------------------+-------+---------+---------+
       Total:                         1004    0         0      
                                                               
    C:\ti\ccs2100\ccs\tools\compiler\ti-cgt-armllvm_5.1.1.LTS\lib\armv6m-ti-none-eabi/c/libc.a
       memcpy16.S.obj                 154     0         0      
       copy_decompress_lzss.c.obj     124     0         0      
       memset16.S.obj                 98      0         0      
       cpy_tbl.c.obj                  76      0         0      
       autoinit.c.obj                 68      0         0      
       boot_cortex_m.c.obj            40      0         0      
       copy_zero_init.c.obj           22      0         0      
       copy_decompress_none.c.obj     18      0         0      
       exit.c.obj                     6       0         0      
       pre_init.c.obj                 4       0         0      
    +--+------------------------------+-------+---------+---------+
       Total:                         610     0         0      
                                                               
    C:\ti\ccs2100\ccs\tools\compiler\ti-cgt-armllvm_5.1.1.LTS\lib\armv6m-ti-none-eabi/c/libsysbm.a
       hostexit.c.obj                 4       0         0      
    +--+------------------------------+-------+---------+---------+
       Total:                         4       0         0      
                                                               
    C:\ti\ccs2100\ccs\tools\compiler\ti-cgt-armllvm_5.1.1.LTS\lib\armv6m-ti-none-eabi/libclang_rt.builtins.a
       udivmoddi4.S.obj               162     0         0      
       aeabi_idivmod.S.obj            86      0         0      
       aeabi_uidivmod.S.obj           64      0         0      
       muldsi3.S.obj                  58      0         0      
       muldi3.S.obj                   36      0         0      
       ashldi3.S.obj                  30      0         0      
       aeabi_memset.S.obj             26      0         0      
       aeabi_uldivmod.S.obj           20      0         0      
       aeabi_memcpy.S.obj             8       0         0      
       aeabi_div0.c.obj               4       0         0      
    +--+------------------------------+-------+---------+---------+
       Total:                         494     0         0      
                                                               
       Stack:                         0       0         256    
       Linker Generated:              0       124       0      
    +--+------------------------------+-------+---------+---------+
       Grand Total:                   12302   387       664    


LINKER GENERATED COPY TABLES

__TI_cinit_table @ 0000311c records: 3, size/record: 8, table size: 24
	.data: load addr=000030c8, load size=00000038 bytes, run addr=20000000, run size=00000113 bytes, compression=lzss
	.TI.noinit: load addr=0000310c, load size=00000008 bytes, run addr=200001f8, run size=00000005 bytes, compression=zero_init
	.bss: load addr=00003114, load size=00000008 bytes, run addr=20000114, run size=00000080 bytes, compression=zero_init
binit @ 00003138 records: 1, size/record: 12, table size: 16
	.TI.ramfunc: load addr=00003020, load size=00000060, run addr=20000198, run size=00000060, compression=none


LINKER GENERATED HANDLER TABLE

__TI_handler_table @ 00003100 records: 3, size/record: 4, table size: 12
	index: 0, handler: __TI_zero_init
	index: 1, handler: __TI_decompress_lzss
	index: 2, handler: __TI_decompress_none


FAR CALL TRAMPOLINES

callee name               trampoline name
   callee addr  tramp addr   call addr  call info
--------------  -----------  ---------  ----------------
DL_FlashCTL_executeCommandFromRAM  $Tramp$TT$L$PI$$DL_FlashCTL_executeCommandFromRAM
   20000199     00002e00     00002df4   driverlib.a : dl_flashctl.o (.text.DL_FlashCTL_programMemoryFromRAM64)
                             00002f22               : dl_flashctl.o (.text.DL_FlashCTL_eraseMemoryFromRAM)

[1 trampolines]
[2 trampoline calls]


GLOBAL SYMBOLS: SORTED ALPHABETICALLY BY Name 

address   name                                 
-------   ----                                 
000029fb  ADC0_IRQHandler                      
000030a2  AUTO_OFFSET_PCT                      
0000300e  C$$EXIT                              
00003080  CFG_BRT_MAP                          
00002c8d  DL_ADC12_setClockConfig              
00002ff5  DL_Common_delayCycles                
00002f15  DL_FlashCTL_eraseMemoryFromRAM       
00002ddd  DL_FlashCTL_programMemoryFromRAM64   
00002695  DL_FlashCTL_unprotectSector          
00002d49  DL_SYSCTL_switchMCLKfromLFCLKtoSYSOSC
000024ad  DL_Timer_initFourCCPWMMode           
00002ec1  DL_Timer_setCaptCompUpdateMethod     
00002f2d  DL_Timer_setCaptureCompareOutCtl     
00002fc5  DL_Timer_setCaptureCompareValue      
00002edd  DL_Timer_setClockConfig              
00002e7d  DL_VREF_configReference              
000029fb  DMA_IRQHandler                       
000029fb  Default_Handler                      
00002f75  GPIOA_IRQHandler                     
000029fb  GROUP0_IRQHandler                    
0000300f  HOSTexit                             
000029fb  HardFault_Handler                    
000029fb  I2C0_IRQHandler                      
000029fb  NMI_Handler                          
000029fb  PendSV_Handler                       
00003013  Reset_Handler                        
000029fb  SPI0_IRQHandler                      
000029fb  SVC_Handler                          
00002b65  SYSCFG_DL_ADC12_0_init               
00002fd5  SYSCFG_DL_DEBUG_init                 
00002b11  SYSCFG_DL_GPIO_init                  
00002925  SYSCFG_DL_PWM_0_init                 
00002e11  SYSCFG_DL_SYSCTL_init                
00002f89  SYSCFG_DL_VREF_init                  
00002f45  SYSCFG_DL_WWDT0_init                 
00002e35  SYSCFG_DL_init                       
00002bb1  SYSCFG_DL_initPower                  
00002fe5  SysTick_Handler                      
000029fb  TIMA0_IRQHandler                     
000029fb  TIMG14_IRQHandler                    
000029fb  TIMG8_IRQHandler                     
000029fb  UART0_IRQHandler                     
20000400  __STACK_END                          
00000100  __STACK_SIZE                         
00000000  __TI_ATRegion0_region_sz             
00000000  __TI_ATRegion0_src_addr              
00000000  __TI_ATRegion0_trg_addr              
00000000  __TI_ATRegion1_region_sz             
00000000  __TI_ATRegion1_src_addr              
00000000  __TI_ATRegion1_trg_addr              
00000000  __TI_ATRegion2_region_sz             
00000000  __TI_ATRegion2_src_addr              
00000000  __TI_ATRegion2_trg_addr              
0000311c  __TI_CINIT_Base                      
00003134  __TI_CINIT_Limit                     
00003134  __TI_CINIT_Warm                      
00003100  __TI_Handler_Table_Base              
0000310c  __TI_Handler_Table_Limit             
00002c49  __TI_auto_init_nopinit               
000028a9  __TI_decompress_lzss                 
00002fb1  __TI_decompress_none                 
ffffffff  __TI_pprof_out_hndl                  
ffffffff  __TI_prof_data_size                  
ffffffff  __TI_prof_data_start                 
00000000  __TI_static_base__                   
00003138  __TI_table_binit                     
00002f5d  __TI_zero_init_nomemset              
00002ab9  __aeabi_idiv                         
00002b0f  __aeabi_idiv0                        
00002ab9  __aeabi_idivmod                      
00002d47  __aeabi_ldiv0                        
00002ea1  __aeabi_llsl                         
00002e59  __aeabi_lmul                         
00002f07  __aeabi_memclr                       
00002f07  __aeabi_memclr4                      
00002f07  __aeabi_memclr8                      
00003001  __aeabi_memcpy                       
00003001  __aeabi_memcpy4                      
00003001  __aeabi_memcpy8                      
00002ef9  __aeabi_memset                       
00002ef9  __aeabi_memset4                      
00002ef9  __aeabi_memset8                      
00002ccd  __aeabi_uidiv                        
00002ccd  __aeabi_uidivmod                     
00002f9d  __aeabi_uldivmod                     
00002ea1  __ashldi3                            
00003138  __binit__                            
UNDEFED   __mpu_init                           
00002e59  __muldi3                             
00002d0d  __muldsi3                            
20000300  __stack                              
20000000  __start___llvm_prf_bits              
20000000  __start___llvm_prf_cnts              
20000000  __stop___llvm_prf_bits               
20000000  __stop___llvm_prf_cnts               
0000276d  __udivmoddi4                         
00002db5  _c_int00_noargs                      
UNDEFED   _system_post_cinit                   
00003017  _system_pre_init                     
00003009  abort                                
200000a4  als_err_start_tick                   
000008b5  als_task                             
00003138  binit                                
000017ad  calculate_safe_brt                   
00002bfd  copy_in                              
200000f6  current_brt_calculated               
200000b8  current_nvm_slot                     
200000f8  current_pwm                          
200000bc  current_sector_addr                  
200000c0  flash_mode_start_tick                
20000114  flash_shadow                         
20000098  g_anim                               
200001fc  g_flash_mode_used                    
00003092  g_fw_version_flash                   
200000fa  g_last_applied_pwm                   
200001f8  g_por_magic                          
20000000  g_test_box                           
200000c4  g_tick_ms                            
200000c8  g_vbatt_mv_filtered                  
200000cc  g_vbatt_mv_raw                       
00002341  i2c_read_byte                        
00002a5d  i2c_start                            
00002d81  i2c_stop                             
0000219d  i2c_write_byte                       
200000d0  inactivity_sec                       
00000000  interruptVectors                     
20000109  is_dimmed                            
2000010a  is_overshot                          
000000c1  key_task                             
200000d8  last_user_action_tick                
000019f1  load_memory_from_flash               
000011d5  main                                 
0000280f  memcpy                               
00002999  memset                               
2000010b  nvm_dirty                            
200000dc  nvm_dirty_start_tick                 
00001c21  protection_task                      
00001e15  pwm_output_task                      
000014f5  save_memory_to_flash                 
00001fdd  scheduler_run                        
20000154  sys_memory                           
20000111  sys_state                            
200000fc  target_pwm                           
00000e45  test_mode_task                       
200000fe  virtual_max_brt                      


GLOBAL SYMBOLS: SORTED BY Symbol Address 

address   name                                 
-------   ----                                 
00000000  __TI_ATRegion0_region_sz             
00000000  __TI_ATRegion0_src_addr              
00000000  __TI_ATRegion0_trg_addr              
00000000  __TI_ATRegion1_region_sz             
00000000  __TI_ATRegion1_src_addr              
00000000  __TI_ATRegion1_trg_addr              
00000000  __TI_ATRegion2_region_sz             
00000000  __TI_ATRegion2_src_addr              
00000000  __TI_ATRegion2_trg_addr              
00000000  __TI_static_base__                   
00000000  interruptVectors                     
000000c1  key_task                             
00000100  __STACK_SIZE                         
000008b5  als_task                             
00000e45  test_mode_task                       
000011d5  main                                 
000014f5  save_memory_to_flash                 
000017ad  calculate_safe_brt                   
000019f1  load_memory_from_flash               
00001c21  protection_task                      
00001e15  pwm_output_task                      
00001fdd  scheduler_run                        
0000219d  i2c_write_byte                       
00002341  i2c_read_byte                        
000024ad  DL_Timer_initFourCCPWMMode           
00002695  DL_FlashCTL_unprotectSector          
0000276d  __udivmoddi4                         
0000280f  memcpy                               
000028a9  __TI_decompress_lzss                 
00002925  SYSCFG_DL_PWM_0_init                 
00002999  memset                               
000029fb  ADC0_IRQHandler                      
000029fb  DMA_IRQHandler                       
000029fb  Default_Handler                      
000029fb  GROUP0_IRQHandler                    
000029fb  HardFault_Handler                    
000029fb  I2C0_IRQHandler                      
000029fb  NMI_Handler                          
000029fb  PendSV_Handler                       
000029fb  SPI0_IRQHandler                      
000029fb  SVC_Handler                          
000029fb  TIMA0_IRQHandler                     
000029fb  TIMG14_IRQHandler                    
000029fb  TIMG8_IRQHandler                     
000029fb  UART0_IRQHandler                     
00002a5d  i2c_start                            
00002ab9  __aeabi_idiv                         
00002ab9  __aeabi_idivmod                      
00002b0f  __aeabi_idiv0                        
00002b11  SYSCFG_DL_GPIO_init                  
00002b65  SYSCFG_DL_ADC12_0_init               
00002bb1  SYSCFG_DL_initPower                  
00002bfd  copy_in                              
00002c49  __TI_auto_init_nopinit               
00002c8d  DL_ADC12_setClockConfig              
00002ccd  __aeabi_uidiv                        
00002ccd  __aeabi_uidivmod                     
00002d0d  __muldsi3                            
00002d47  __aeabi_ldiv0                        
00002d49  DL_SYSCTL_switchMCLKfromLFCLKtoSYSOSC
00002d81  i2c_stop                             
00002db5  _c_int00_noargs                      
00002ddd  DL_FlashCTL_programMemoryFromRAM64   
00002e11  SYSCFG_DL_SYSCTL_init                
00002e35  SYSCFG_DL_init                       
00002e59  __aeabi_lmul                         
00002e59  __muldi3                             
00002e7d  DL_VREF_configReference              
00002ea1  __aeabi_llsl                         
00002ea1  __ashldi3                            
00002ec1  DL_Timer_setCaptCompUpdateMethod     
00002edd  DL_Timer_setClockConfig              
00002ef9  __aeabi_memset                       
00002ef9  __aeabi_memset4                      
00002ef9  __aeabi_memset8                      
00002f07  __aeabi_memclr                       
00002f07  __aeabi_memclr4                      
00002f07  __aeabi_memclr8                      
00002f15  DL_FlashCTL_eraseMemoryFromRAM       
00002f2d  DL_Timer_setCaptureCompareOutCtl     
00002f45  SYSCFG_DL_WWDT0_init                 
00002f5d  __TI_zero_init_nomemset              
00002f75  GPIOA_IRQHandler                     
00002f89  SYSCFG_DL_VREF_init                  
00002f9d  __aeabi_uldivmod                     
00002fb1  __TI_decompress_none                 
00002fc5  DL_Timer_setCaptureCompareValue      
00002fd5  SYSCFG_DL_DEBUG_init                 
00002fe5  SysTick_Handler                      
00002ff5  DL_Common_delayCycles                
00003001  __aeabi_memcpy                       
00003001  __aeabi_memcpy4                      
00003001  __aeabi_memcpy8                      
00003009  abort                                
0000300e  C$$EXIT                              
0000300f  HOSTexit                             
00003013  Reset_Handler                        
00003017  _system_pre_init                     
00003080  CFG_BRT_MAP                          
00003092  g_fw_version_flash                   
000030a2  AUTO_OFFSET_PCT                      
00003100  __TI_Handler_Table_Base              
0000310c  __TI_Handler_Table_Limit             
0000311c  __TI_CINIT_Base                      
00003134  __TI_CINIT_Limit                     
00003134  __TI_CINIT_Warm                      
00003138  __TI_table_binit                     
00003138  __binit__                            
00003138  binit                                
20000000  __start___llvm_prf_bits              
20000000  __start___llvm_prf_cnts              
20000000  __stop___llvm_prf_bits               
20000000  __stop___llvm_prf_cnts               
20000000  g_test_box                           
20000098  g_anim                               
200000a4  als_err_start_tick                   
200000b8  current_nvm_slot                     
200000bc  current_sector_addr                  
200000c0  flash_mode_start_tick                
200000c4  g_tick_ms                            
200000c8  g_vbatt_mv_filtered                  
200000cc  g_vbatt_mv_raw                       
200000d0  inactivity_sec                       
200000d8  last_user_action_tick                
200000dc  nvm_dirty_start_tick                 
200000f6  current_brt_calculated               
200000f8  current_pwm                          
200000fa  g_last_applied_pwm                   
200000fc  target_pwm                           
200000fe  virtual_max_brt                      
20000109  is_dimmed                            
2000010a  is_overshot                          
2000010b  nvm_dirty                            
20000111  sys_state                            
20000114  flash_shadow                         
20000154  sys_memory                           
200001f8  g_por_magic                          
200001fc  g_flash_mode_used                    
20000300  __stack                              
20000400  __STACK_END                          
ffffffff  __TI_pprof_out_hndl                  
ffffffff  __TI_prof_data_size                  
ffffffff  __TI_prof_data_start                 
UNDEFED   __mpu_init                           
UNDEFED   _system_post_cinit                   

[145 symbols]
