<?xml version="1.0" encoding="ISO-8859-1" ?>
<link_info>
   <banner>TI ARM Clang Linker PC v5.1.1.LTS</banner>
   <copyright>Copyright (c) 1996-2018 Texas Instruments Incorporated</copyright>
   <command_line>C:\ti\ccs2100\ccs\tools\compiler\ti-cgt-armllvm_5.1.1.LTS\bin\tiarmlnk -IC:\ti\ccs2100\ccs\tools\compiler\ti-cgt-armllvm_5.1.1.LTS\lib -o RMR.out --cg_opt_level=2 -mRMR.map -iC:/ti/mspm0_sdk_2_11_00_07/source -iC:/Users/Nalani/workspace_v12/RMR/Release/syscfg -iC:/ti/ccs2100/ccs/tools/compiler/ti-cgt-armllvm_5.1.1.LTS/lib --diag_wrap=off --display_error_number --warn_sections --xml_link_info=RMR_linkInfo.xml --rom_model ./empty_mspm0c1104.o ./syscfg/ti_msp_dl_config.o ./startup_mspm0c110x_ticlang.o ../device_linker.cmd -ldevice.cmd.genlibs -llibc.a --start-group -llibc++.a -llibc++abi.a -llibc.a -llibsys.a -llibsysbm.a -llibclang_rt.builtins.a -llibclang_rt.profile.a --end-group</command_line>
   <link_time>0x6a6e1750</link_time>
   <link_errors>0x0</link_errors>
   <output_file>C:\Users\Nalani\workspace_v12\RMR\Release\RMR.out</output_file>
   <entry_point>
      <name>_c_int00_noargs</name>
      <address>0x2db5</address>
   </entry_point>
   <input_file_list>
      <input_file id="fl-1">
         <path>C:\Users\Nalani\workspace_v12\RMR\Release\.\</path>
         <kind>object</kind>
         <file>empty_mspm0c1104.o</file>
         <name>empty_mspm0c1104.o</name>
      </input_file>
      <input_file id="fl-2">
         <path>C:\Users\Nalani\workspace_v12\RMR\Release\.\syscfg\</path>
         <kind>object</kind>
         <file>ti_msp_dl_config.o</file>
         <name>ti_msp_dl_config.o</name>
      </input_file>
      <input_file id="fl-3">
         <path>C:\Users\Nalani\workspace_v12\RMR\Release\.\</path>
         <kind>object</kind>
         <file>startup_mspm0c110x_ticlang.o</file>
         <name>startup_mspm0c110x_ticlang.o</name>
      </input_file>
      <input_file id="fl-10">
         <path>C:\Users\Nalani\workspace_v12\RMR\Release\</path>
         <kind>object</kind>
         <file>&lt;internal&gt;</file>
         <name>&lt;internal&gt;</name>
      </input_file>
      <input_file id="fl-11">
         <path>C:\ti\mspm0_sdk_2_11_00_07\source\ti\driverlib\lib\ticlang\m0p\mspm0c110x\</path>
         <kind>archive</kind>
         <file>driverlib.a</file>
         <name>dl_adc12.o</name>
      </input_file>
      <input_file id="fl-12">
         <path>C:\ti\mspm0_sdk_2_11_00_07\source\ti\driverlib\lib\ticlang\m0p\mspm0c110x\</path>
         <kind>archive</kind>
         <file>driverlib.a</file>
         <name>dl_common.o</name>
      </input_file>
      <input_file id="fl-13">
         <path>C:\ti\mspm0_sdk_2_11_00_07\source\ti\driverlib\lib\ticlang\m0p\mspm0c110x\</path>
         <kind>archive</kind>
         <file>driverlib.a</file>
         <name>dl_flashctl.o</name>
      </input_file>
      <input_file id="fl-14">
         <path>C:\ti\mspm0_sdk_2_11_00_07\source\ti\driverlib\lib\ticlang\m0p\mspm0c110x\</path>
         <kind>archive</kind>
         <file>driverlib.a</file>
         <name>dl_timer.o</name>
      </input_file>
      <input_file id="fl-15">
         <path>C:\ti\mspm0_sdk_2_11_00_07\source\ti\driverlib\lib\ticlang\m0p\mspm0c110x\</path>
         <kind>archive</kind>
         <file>driverlib.a</file>
         <name>dl_vref.o</name>
      </input_file>
      <input_file id="fl-16">
         <path>C:\ti\mspm0_sdk_2_11_00_07\source\ti\driverlib\lib\ticlang\m0p\mspm0c110x\</path>
         <kind>archive</kind>
         <file>driverlib.a</file>
         <name>dl_sysctl_mspm0c110x.o</name>
      </input_file>
      <input_file id="fl-33">
         <path>C:\ti\ccs2100\ccs\tools\compiler\ti-cgt-armllvm_5.1.1.LTS\lib\armv6m-ti-none-eabi\c\</path>
         <kind>archive</kind>
         <file>libc.a</file>
         <name>boot_cortex_m.c.obj</name>
      </input_file>
      <input_file id="fl-34">
         <path>C:\ti\ccs2100\ccs\tools\compiler\ti-cgt-armllvm_5.1.1.LTS\lib\armv6m-ti-none-eabi\c\</path>
         <kind>archive</kind>
         <file>libc.a</file>
         <name>mathacl_init.c.obj</name>
      </input_file>
      <input_file id="fl-35">
         <path>C:\ti\ccs2100\ccs\tools\compiler\ti-cgt-armllvm_5.1.1.LTS\lib\armv6m-ti-none-eabi\c\</path>
         <kind>archive</kind>
         <file>libc.a</file>
         <name>autoinit.c.obj</name>
      </input_file>
      <input_file id="fl-36">
         <path>C:\ti\ccs2100\ccs\tools\compiler\ti-cgt-armllvm_5.1.1.LTS\lib\armv6m-ti-none-eabi\c\</path>
         <kind>archive</kind>
         <file>libc.a</file>
         <name>pre_init.c.obj</name>
      </input_file>
      <input_file id="fl-37">
         <path>C:\ti\ccs2100\ccs\tools\compiler\ti-cgt-armllvm_5.1.1.LTS\lib\armv6m-ti-none-eabi\c\</path>
         <kind>archive</kind>
         <file>libc.a</file>
         <name>cpy_tbl.c.obj</name>
      </input_file>
      <input_file id="fl-38">
         <path>C:\ti\ccs2100\ccs\tools\compiler\ti-cgt-armllvm_5.1.1.LTS\lib\armv6m-ti-none-eabi\c\</path>
         <kind>archive</kind>
         <file>libc.a</file>
         <name>copy_zero_init.c.obj</name>
      </input_file>
      <input_file id="fl-39">
         <path>C:\ti\ccs2100\ccs\tools\compiler\ti-cgt-armllvm_5.1.1.LTS\lib\armv6m-ti-none-eabi\c\</path>
         <kind>archive</kind>
         <file>libc.a</file>
         <name>copy_decompress_none.c.obj</name>
      </input_file>
      <input_file id="fl-3a">
         <path>C:\ti\ccs2100\ccs\tools\compiler\ti-cgt-armllvm_5.1.1.LTS\lib\armv6m-ti-none-eabi\c\</path>
         <kind>archive</kind>
         <file>libc.a</file>
         <name>copy_decompress_lzss.c.obj</name>
      </input_file>
      <input_file id="fl-3b">
         <path>C:\ti\ccs2100\ccs\tools\compiler\ti-cgt-armllvm_5.1.1.LTS\lib\armv6m-ti-none-eabi\c\</path>
         <kind>archive</kind>
         <file>libc.a</file>
         <name>exit.c.obj</name>
      </input_file>
      <input_file id="fl-3c">
         <path>C:\ti\ccs2100\ccs\tools\compiler\ti-cgt-armllvm_5.1.1.LTS\lib\armv6m-ti-none-eabi\c\</path>
         <kind>archive</kind>
         <file>libc.a</file>
         <name>_lock.c.obj</name>
      </input_file>
      <input_file id="fl-3d">
         <path>C:\ti\ccs2100\ccs\tools\compiler\ti-cgt-armllvm_5.1.1.LTS\lib\armv6m-ti-none-eabi\c\</path>
         <kind>archive</kind>
         <file>libc.a</file>
         <name>args_main.c.obj</name>
      </input_file>
      <input_file id="fl-131">
         <path>C:\ti\ccs2100\ccs\tools\compiler\ti-cgt-armllvm_5.1.1.LTS\lib\armv6m-ti-none-eabi\c\</path>
         <kind>archive</kind>
         <file>libsysbm.a</file>
         <name>hostexit.c.obj</name>
      </input_file>
      <input_file id="fl-132">
         <path>C:\ti\ccs2100\ccs\tools\compiler\ti-cgt-armllvm_5.1.1.LTS\lib\armv6m-ti-none-eabi\</path>
         <kind>archive</kind>
         <file>libclang_rt.builtins.a</file>
         <name>muldi3.S.obj</name>
      </input_file>
      <input_file id="fl-133">
         <path>C:\ti\ccs2100\ccs\tools\compiler\ti-cgt-armllvm_5.1.1.LTS\lib\armv6m-ti-none-eabi\</path>
         <kind>archive</kind>
         <file>libclang_rt.builtins.a</file>
         <name>aeabi_idivmod.S.obj</name>
      </input_file>
      <input_file id="fl-134">
         <path>C:\ti\ccs2100\ccs\tools\compiler\ti-cgt-armllvm_5.1.1.LTS\lib\armv6m-ti-none-eabi\</path>
         <kind>archive</kind>
         <file>libclang_rt.builtins.a</file>
         <name>aeabi_uidivmod.S.obj</name>
      </input_file>
      <input_file id="fl-135">
         <path>C:\ti\ccs2100\ccs\tools\compiler\ti-cgt-armllvm_5.1.1.LTS\lib\armv6m-ti-none-eabi\</path>
         <kind>archive</kind>
         <file>libclang_rt.builtins.a</file>
         <name>aeabi_uldivmod.S.obj</name>
      </input_file>
      <input_file id="fl-136">
         <path>C:\ti\ccs2100\ccs\tools\compiler\ti-cgt-armllvm_5.1.1.LTS\lib\armv6m-ti-none-eabi\</path>
         <kind>archive</kind>
         <file>libclang_rt.builtins.a</file>
         <name>aeabi_memcpy.S.obj</name>
      </input_file>
      <input_file id="fl-137">
         <path>C:\ti\ccs2100\ccs\tools\compiler\ti-cgt-armllvm_5.1.1.LTS\lib\armv6m-ti-none-eabi\</path>
         <kind>archive</kind>
         <file>libclang_rt.builtins.a</file>
         <name>aeabi_memset.S.obj</name>
      </input_file>
      <input_file id="fl-138">
         <path>C:\ti\ccs2100\ccs\tools\compiler\ti-cgt-armllvm_5.1.1.LTS\lib\armv6m-ti-none-eabi\</path>
         <kind>archive</kind>
         <file>libclang_rt.builtins.a</file>
         <name>udivmoddi4.S.obj</name>
      </input_file>
      <input_file id="fl-139">
         <path>C:\ti\ccs2100\ccs\tools\compiler\ti-cgt-armllvm_5.1.1.LTS\lib\armv6m-ti-none-eabi\</path>
         <kind>archive</kind>
         <file>libclang_rt.builtins.a</file>
         <name>muldsi3.S.obj</name>
      </input_file>
      <input_file id="fl-13a">
         <path>C:\ti\ccs2100\ccs\tools\compiler\ti-cgt-armllvm_5.1.1.LTS\lib\armv6m-ti-none-eabi\</path>
         <kind>archive</kind>
         <file>libclang_rt.builtins.a</file>
         <name>ashldi3.S.obj</name>
      </input_file>
      <input_file id="fl-13b">
         <path>C:\ti\ccs2100\ccs\tools\compiler\ti-cgt-armllvm_5.1.1.LTS\lib\armv6m-ti-none-eabi\</path>
         <kind>archive</kind>
         <file>libclang_rt.builtins.a</file>
         <name>aeabi_div0.c.obj</name>
      </input_file>
      <input_file id="fl-13c">
         <path>C:\ti\ccs2100\ccs\tools\compiler\ti-cgt-armllvm_5.1.1.LTS\lib\armv6m-ti-none-eabi\c\</path>
         <kind>archive</kind>
         <file>libc.a</file>
         <name>memcpy16.S.obj</name>
      </input_file>
      <input_file id="fl-13d">
         <path>C:\ti\ccs2100\ccs\tools\compiler\ti-cgt-armllvm_5.1.1.LTS\lib\armv6m-ti-none-eabi\c\</path>
         <kind>archive</kind>
         <file>libc.a</file>
         <name>memset16.S.obj</name>
      </input_file>
   </input_file_list>
   <object_component_list>
      <object_component id="oc-1b">
         <name>.intvecs</name>
         <load_address>0x0</load_address>
         <readonly>true</readonly>
         <run_address>0x0</run_address>
         <size>0xc0</size>
         <alignment>0x4</alignment>
         <input_file_ref idref="fl-3"/>
      </object_component>
      <object_component id="oc-f8">
         <name>.text.key_task</name>
         <load_address>0xc0</load_address>
         <readonly>true</readonly>
         <executable>true</executable>
         <run_address>0xc0</run_address>
         <size>0x7f4</size>
         <alignment>0x4</alignment>
         <input_file_ref idref="fl-1"/>
      </object_component>
      <object_component id="oc-f9">
         <name>.text.als_task</name>
         <load_address>0x8b4</load_address>
         <readonly>true</readonly>
         <executable>true</executable>
         <run_address>0x8b4</run_address>
         <size>0x590</size>
         <alignment>0x4</alignment>
         <input_file_ref idref="fl-1"/>
      </object_component>
      <object_component id="oc-fa">
         <name>.text.test_mode_task</name>
         <load_address>0xe44</load_address>
         <readonly>true</readonly>
         <executable>true</executable>
         <run_address>0xe44</run_address>
         <size>0x390</size>
         <alignment>0x4</alignment>
         <input_file_ref idref="fl-1"/>
      </object_component>
      <object_component id="oc-6e">
         <name>.text.main</name>
         <load_address>0x11d4</load_address>
         <readonly>true</readonly>
         <executable>true</executable>
         <run_address>0x11d4</run_address>
         <size>0x320</size>
         <alignment>0x4</alignment>
         <input_file_ref idref="fl-1"/>
      </object_component>
      <object_component id="oc-fb">
         <name>.text.save_memory_to_flash</name>
         <load_address>0x14f4</load_address>
         <readonly>true</readonly>
         <executable>true</executable>
         <run_address>0x14f4</run_address>
         <size>0x2b8</size>
         <alignment>0x4</alignment>
         <input_file_ref idref="fl-1"/>
      </object_component>
      <object_component id="oc-d3">
         <name>.text.calculate_safe_brt</name>
         <load_address>0x17ac</load_address>
         <readonly>true</readonly>
         <executable>true</executable>
         <run_address>0x17ac</run_address>
         <size>0x244</size>
         <alignment>0x4</alignment>
         <input_file_ref idref="fl-1"/>
      </object_component>
      <object_component id="oc-88">
         <name>.text.load_memory_from_flash</name>
         <load_address>0x19f0</load_address>
         <readonly>true</readonly>
         <executable>true</executable>
         <run_address>0x19f0</run_address>
         <size>0x230</size>
         <alignment>0x4</alignment>
         <input_file_ref idref="fl-1"/>
      </object_component>
      <object_component id="oc-f7">
         <name>.text.protection_task</name>
         <load_address>0x1c20</load_address>
         <readonly>true</readonly>
         <executable>true</executable>
         <run_address>0x1c20</run_address>
         <size>0x1f4</size>
         <alignment>0x4</alignment>
         <input_file_ref idref="fl-1"/>
      </object_component>
      <object_component id="oc-89">
         <name>.text.pwm_output_task</name>
         <load_address>0x1e14</load_address>
         <readonly>true</readonly>
         <executable>true</executable>
         <run_address>0x1e14</run_address>
         <size>0x1c8</size>
         <alignment>0x4</alignment>
         <input_file_ref idref="fl-1"/>
      </object_component>
      <object_component id="oc-96">
         <name>.text.scheduler_run</name>
         <load_address>0x1fdc</load_address>
         <readonly>true</readonly>
         <executable>true</executable>
         <run_address>0x1fdc</run_address>
         <size>0x1c0</size>
         <alignment>0x4</alignment>
         <input_file_ref idref="fl-1"/>
      </object_component>
      <object_component id="oc-13c">
         <name>.text.i2c_write_byte</name>
         <load_address>0x219c</load_address>
         <readonly>true</readonly>
         <executable>true</executable>
         <run_address>0x219c</run_address>
         <size>0x1a4</size>
         <alignment>0x4</alignment>
         <input_file_ref idref="fl-1"/>
      </object_component>
      <object_component id="oc-13f">
         <name>.text.i2c_read_byte</name>
         <load_address>0x2340</load_address>
         <readonly>true</readonly>
         <executable>true</executable>
         <run_address>0x2340</run_address>
         <size>0x16c</size>
         <alignment>0x4</alignment>
         <input_file_ref idref="fl-1"/>
      </object_component>
      <object_component id="oc-116">
         <name>.text.DL_Timer_initFourCCPWMMode</name>
         <load_address>0x24ac</load_address>
         <readonly>true</readonly>
         <executable>true</executable>
         <run_address>0x24ac</run_address>
         <size>0x104</size>
         <alignment>0x4</alignment>
         <input_file_ref idref="fl-14"/>
      </object_component>
      <object_component id="oc-132">
         <name>.text.key_handle_both_long</name>
         <load_address>0x25b0</load_address>
         <readonly>true</readonly>
         <executable>true</executable>
         <run_address>0x25b0</run_address>
         <size>0xe4</size>
         <alignment>0x4</alignment>
         <input_file_ref idref="fl-1"/>
      </object_component>
      <object_component id="oc-14c">
         <name>.text.DL_FlashCTL_unprotectSector</name>
         <load_address>0x2694</load_address>
         <readonly>true</readonly>
         <executable>true</executable>
         <run_address>0x2694</run_address>
         <size>0xd8</size>
         <alignment>0x4</alignment>
         <input_file_ref idref="fl-13"/>
      </object_component>
      <object_component id="oc-167">
         <name>.text</name>
         <load_address>0x276c</load_address>
         <readonly>true</readonly>
         <executable>true</executable>
         <run_address>0x276c</run_address>
         <size>0xa2</size>
         <alignment>0x4</alignment>
         <input_file_ref idref="fl-138"/>
      </object_component>
      <object_component id="oc-7e">
         <name>.text:memcpy</name>
         <load_address>0x280e</load_address>
         <readonly>true</readonly>
         <executable>true</executable>
         <run_address>0x280e</run_address>
         <size>0x9a</size>
         <alignment>0x1</alignment>
         <input_file_ref idref="fl-13c"/>
      </object_component>
      <object_component id="oc-1f">
         <name>.text:decompress:lzss</name>
         <load_address>0x28a8</load_address>
         <readonly>true</readonly>
         <executable>true</executable>
         <run_address>0x28a8</run_address>
         <size>0x7c</size>
         <alignment>0x4</alignment>
         <input_file_ref idref="fl-3a"/>
      </object_component>
      <object_component id="oc-c9">
         <name>.text.SYSCFG_DL_PWM_0_init</name>
         <load_address>0x2924</load_address>
         <readonly>true</readonly>
         <executable>true</executable>
         <run_address>0x2924</run_address>
         <size>0x74</size>
         <alignment>0x4</alignment>
         <input_file_ref idref="fl-2"/>
      </object_component>
      <object_component id="oc-c4">
         <name>.text:memset</name>
         <load_address>0x2998</load_address>
         <readonly>true</readonly>
         <executable>true</executable>
         <run_address>0x2998</run_address>
         <size>0x62</size>
         <alignment>0x1</alignment>
         <input_file_ref idref="fl-13d"/>
      </object_component>
      <object_component id="oc-3b">
         <name>.text.Default_Handler</name>
         <load_address>0x29fa</load_address>
         <readonly>true</readonly>
         <executable>true</executable>
         <run_address>0x29fa</run_address>
         <size>0x2</size>
         <alignment>0x2</alignment>
         <input_file_ref idref="fl-3"/>
      </object_component>
      <object_component id="oc-140">
         <name>.text.user_als_lux_to_brt_curve</name>
         <load_address>0x29fc</load_address>
         <readonly>true</readonly>
         <executable>true</executable>
         <run_address>0x29fc</run_address>
         <size>0x60</size>
         <alignment>0x4</alignment>
         <input_file_ref idref="fl-1"/>
      </object_component>
      <object_component id="oc-13e">
         <name>.text.i2c_start</name>
         <load_address>0x2a5c</load_address>
         <readonly>true</readonly>
         <executable>true</executable>
         <run_address>0x2a5c</run_address>
         <size>0x5c</size>
         <alignment>0x4</alignment>
         <input_file_ref idref="fl-1"/>
      </object_component>
      <object_component id="oc-141">
         <name>.text</name>
         <load_address>0x2ab8</load_address>
         <readonly>true</readonly>
         <executable>true</executable>
         <run_address>0x2ab8</run_address>
         <size>0x56</size>
         <alignment>0x4</alignment>
         <input_file_ref idref="fl-133"/>
      </object_component>
      <object_component id="oc-f1">
         <name>.text.__aeabi_idiv0</name>
         <load_address>0x2b0e</load_address>
         <readonly>true</readonly>
         <executable>true</executable>
         <run_address>0x2b0e</run_address>
         <size>0x2</size>
         <alignment>0x2</alignment>
         <input_file_ref idref="fl-13b"/>
      </object_component>
      <object_component id="oc-c6">
         <name>.text.SYSCFG_DL_GPIO_init</name>
         <load_address>0x2b10</load_address>
         <readonly>true</readonly>
         <executable>true</executable>
         <run_address>0x2b10</run_address>
         <size>0x54</size>
         <alignment>0x4</alignment>
         <input_file_ref idref="fl-2"/>
      </object_component>
      <object_component id="oc-90">
         <name>.text.SYSCFG_DL_ADC12_0_init</name>
         <load_address>0x2b64</load_address>
         <readonly>true</readonly>
         <executable>true</executable>
         <run_address>0x2b64</run_address>
         <size>0x4c</size>
         <alignment>0x4</alignment>
         <input_file_ref idref="fl-2"/>
      </object_component>
      <object_component id="oc-c5">
         <name>.text.SYSCFG_DL_initPower</name>
         <load_address>0x2bb0</load_address>
         <readonly>true</readonly>
         <executable>true</executable>
         <run_address>0x2bb0</run_address>
         <size>0x4c</size>
         <alignment>0x4</alignment>
         <input_file_ref idref="fl-2"/>
      </object_component>
      <object_component id="oc-10c">
         <name>.text.copy_in</name>
         <load_address>0x2bfc</load_address>
         <readonly>true</readonly>
         <executable>true</executable>
         <run_address>0x2bfc</run_address>
         <size>0x4c</size>
         <alignment>0x4</alignment>
         <input_file_ref idref="fl-37"/>
      </object_component>
      <object_component id="oc-b3">
         <name>.text:__TI_auto_init_nopinit</name>
         <load_address>0x2c48</load_address>
         <readonly>true</readonly>
         <executable>true</executable>
         <run_address>0x2c48</run_address>
         <size>0x44</size>
         <alignment>0x4</alignment>
         <input_file_ref idref="fl-35"/>
      </object_component>
      <object_component id="oc-ea">
         <name>.text.DL_ADC12_setClockConfig</name>
         <load_address>0x2c8c</load_address>
         <readonly>true</readonly>
         <executable>true</executable>
         <run_address>0x2c8c</run_address>
         <size>0x40</size>
         <alignment>0x4</alignment>
         <input_file_ref idref="fl-11"/>
      </object_component>
      <object_component id="oc-92">
         <name>.text</name>
         <load_address>0x2ccc</load_address>
         <readonly>true</readonly>
         <executable>true</executable>
         <run_address>0x2ccc</run_address>
         <size>0x40</size>
         <alignment>0x4</alignment>
         <input_file_ref idref="fl-134"/>
      </object_component>
      <object_component id="oc-162">
         <name>.text</name>
         <load_address>0x2d0c</load_address>
         <readonly>true</readonly>
         <executable>true</executable>
         <run_address>0x2d0c</run_address>
         <size>0x3a</size>
         <alignment>0x4</alignment>
         <input_file_ref idref="fl-139"/>
      </object_component>
      <object_component id="oc-171">
         <name>.text.__aeabi_ldiv0</name>
         <load_address>0x2d46</load_address>
         <readonly>true</readonly>
         <executable>true</executable>
         <run_address>0x2d46</run_address>
         <size>0x2</size>
         <alignment>0x2</alignment>
         <input_file_ref idref="fl-13b"/>
      </object_component>
      <object_component id="oc-8a">
         <name>.text.DL_SYSCTL_switchMCLKfromLFCLKtoSYSOSC</name>
         <load_address>0x2d48</load_address>
         <readonly>true</readonly>
         <executable>true</executable>
         <run_address>0x2d48</run_address>
         <size>0x38</size>
         <alignment>0x4</alignment>
         <input_file_ref idref="fl-16"/>
      </object_component>
      <object_component id="oc-13d">
         <name>.text.i2c_stop</name>
         <load_address>0x2d80</load_address>
         <readonly>true</readonly>
         <executable>true</executable>
         <run_address>0x2d80</run_address>
         <size>0x34</size>
         <alignment>0x4</alignment>
         <input_file_ref idref="fl-1"/>
      </object_component>
      <object_component id="oc-5a">
         <name>.text:_c_int00_noargs</name>
         <load_address>0x2db4</load_address>
         <readonly>true</readonly>
         <executable>true</executable>
         <run_address>0x2db4</run_address>
         <size>0x28</size>
         <alignment>0x4</alignment>
         <input_file_ref idref="fl-33"/>
      </object_component>
      <object_component id="oc-153">
         <name>.text.DL_FlashCTL_programMemoryFromRAM64</name>
         <load_address>0x2ddc</load_address>
         <readonly>true</readonly>
         <executable>true</executable>
         <run_address>0x2ddc</run_address>
         <size>0x24</size>
         <alignment>0x4</alignment>
         <input_file_ref idref="fl-13"/>
      </object_component>
      <object_component id="oc-1bc">
         <name>.tramp.DL_FlashCTL_executeCommandFromRAM.1</name>
         <load_address>0x2e00</load_address>
         <readonly>true</readonly>
         <executable>true</executable>
         <run_address>0x2e00</run_address>
         <size>0x10</size>
         <alignment>0x4</alignment>
         <input_file_ref idref="fl-13"/>
      </object_component>
      <object_component id="oc-c8">
         <name>.text.SYSCFG_DL_SYSCTL_init</name>
         <load_address>0x2e10</load_address>
         <readonly>true</readonly>
         <executable>true</executable>
         <run_address>0x2e10</run_address>
         <size>0x24</size>
         <alignment>0x4</alignment>
         <input_file_ref idref="fl-2"/>
      </object_component>
      <object_component id="oc-83">
         <name>.text.SYSCFG_DL_init</name>
         <load_address>0x2e34</load_address>
         <readonly>true</readonly>
         <executable>true</executable>
         <run_address>0x2e34</run_address>
         <size>0x24</size>
         <alignment>0x2</alignment>
         <input_file_ref idref="fl-2"/>
      </object_component>
      <object_component id="oc-11b">
         <name>.text</name>
         <load_address>0x2e58</load_address>
         <readonly>true</readonly>
         <executable>true</executable>
         <run_address>0x2e58</run_address>
         <size>0x24</size>
         <alignment>0x4</alignment>
         <input_file_ref idref="fl-132"/>
      </object_component>
      <object_component id="oc-e3">
         <name>.text.DL_VREF_configReference</name>
         <load_address>0x2e7c</load_address>
         <readonly>true</readonly>
         <executable>true</executable>
         <run_address>0x2e7c</run_address>
         <size>0x22</size>
         <alignment>0x2</alignment>
         <input_file_ref idref="fl-15"/>
      </object_component>
      <object_component id="oc-172">
         <name>.text</name>
         <load_address>0x2ea0</load_address>
         <readonly>true</readonly>
         <executable>true</executable>
         <run_address>0x2ea0</run_address>
         <size>0x1e</size>
         <alignment>0x4</alignment>
         <input_file_ref idref="fl-13a"/>
      </object_component>
      <object_component id="oc-118">
         <name>.text.DL_Timer_setCaptCompUpdateMethod</name>
         <load_address>0x2ec0</load_address>
         <readonly>true</readonly>
         <executable>true</executable>
         <run_address>0x2ec0</run_address>
         <size>0x1c</size>
         <alignment>0x4</alignment>
         <input_file_ref idref="fl-14"/>
      </object_component>
      <object_component id="oc-115">
         <name>.text.DL_Timer_setClockConfig</name>
         <load_address>0x2edc</load_address>
         <readonly>true</readonly>
         <executable>true</executable>
         <run_address>0x2edc</run_address>
         <size>0x1c</size>
         <alignment>0x4</alignment>
         <input_file_ref idref="fl-14"/>
      </object_component>
      <object_component id="oc-66">
         <name>.text</name>
         <load_address>0x2ef8</load_address>
         <readonly>true</readonly>
         <executable>true</executable>
         <run_address>0x2ef8</run_address>
         <size>0x1a</size>
         <alignment>0x4</alignment>
         <input_file_ref idref="fl-137"/>
      </object_component>
      <object_component id="oc-152">
         <name>.text.DL_FlashCTL_eraseMemoryFromRAM</name>
         <load_address>0x2f14</load_address>
         <readonly>true</readonly>
         <executable>true</executable>
         <run_address>0x2f14</run_address>
         <size>0x18</size>
         <alignment>0x4</alignment>
         <input_file_ref idref="fl-13"/>
      </object_component>
      <object_component id="oc-117">
         <name>.text.DL_Timer_setCaptureCompareOutCtl</name>
         <load_address>0x2f2c</load_address>
         <readonly>true</readonly>
         <executable>true</executable>
         <run_address>0x2f2c</run_address>
         <size>0x18</size>
         <alignment>0x4</alignment>
         <input_file_ref idref="fl-14"/>
      </object_component>
      <object_component id="oc-ca">
         <name>.text.SYSCFG_DL_WWDT0_init</name>
         <load_address>0x2f44</load_address>
         <readonly>true</readonly>
         <executable>true</executable>
         <run_address>0x2f44</run_address>
         <size>0x18</size>
         <alignment>0x4</alignment>
         <input_file_ref idref="fl-2"/>
      </object_component>
      <object_component id="oc-51">
         <name>.text:decompress:ZI:__TI_zero_init_nomemset</name>
         <load_address>0x2f5c</load_address>
         <readonly>true</readonly>
         <executable>true</executable>
         <run_address>0x2f5c</run_address>
         <size>0x16</size>
         <alignment>0x2</alignment>
         <input_file_ref idref="fl-38"/>
      </object_component>
      <object_component id="oc-3e">
         <name>.text.GPIOA_IRQHandler</name>
         <load_address>0x2f74</load_address>
         <readonly>true</readonly>
         <executable>true</executable>
         <run_address>0x2f74</run_address>
         <size>0x14</size>
         <alignment>0x4</alignment>
         <input_file_ref idref="fl-1"/>
      </object_component>
      <object_component id="oc-8f">
         <name>.text.SYSCFG_DL_VREF_init</name>
         <load_address>0x2f88</load_address>
         <readonly>true</readonly>
         <executable>true</executable>
         <run_address>0x2f88</run_address>
         <size>0x14</size>
         <alignment>0x4</alignment>
         <input_file_ref idref="fl-2"/>
      </object_component>
      <object_component id="oc-11f">
         <name>.text</name>
         <load_address>0x2f9c</load_address>
         <readonly>true</readonly>
         <executable>true</executable>
         <run_address>0x2f9c</run_address>
         <size>0x14</size>
         <alignment>0x4</alignment>
         <input_file_ref idref="fl-135"/>
      </object_component>
      <object_component id="oc-23">
         <name>.text:decompress:none</name>
         <load_address>0x2fb0</load_address>
         <readonly>true</readonly>
         <executable>true</executable>
         <run_address>0x2fb0</run_address>
         <size>0x12</size>
         <alignment>0x2</alignment>
         <input_file_ref idref="fl-39"/>
      </object_component>
      <object_component id="oc-d4">
         <name>.text.DL_Timer_setCaptureCompareValue</name>
         <load_address>0x2fc4</load_address>
         <readonly>true</readonly>
         <executable>true</executable>
         <run_address>0x2fc4</run_address>
         <size>0x10</size>
         <alignment>0x4</alignment>
         <input_file_ref idref="fl-14"/>
      </object_component>
      <object_component id="oc-c7">
         <name>.text.SYSCFG_DL_DEBUG_init</name>
         <load_address>0x2fd4</load_address>
         <readonly>true</readonly>
         <executable>true</executable>
         <run_address>0x2fd4</run_address>
         <size>0x10</size>
         <alignment>0x4</alignment>
         <input_file_ref idref="fl-2"/>
      </object_component>
      <object_component id="oc-3c">
         <name>.text.SysTick_Handler</name>
         <load_address>0x2fe4</load_address>
         <readonly>true</readonly>
         <executable>true</executable>
         <run_address>0x2fe4</run_address>
         <size>0x10</size>
         <alignment>0x4</alignment>
         <input_file_ref idref="fl-1"/>
      </object_component>
      <object_component id="oc-111">
         <name>.text.DL_Common_delayCycles</name>
         <load_address>0x2ff4</load_address>
         <readonly>true</readonly>
         <executable>true</executable>
         <run_address>0x2ff4</run_address>
         <size>0xa</size>
         <alignment>0x2</alignment>
         <input_file_ref idref="fl-12"/>
      </object_component>
      <object_component id="oc-4a">
         <name>.text</name>
         <load_address>0x3000</load_address>
         <readonly>true</readonly>
         <executable>true</executable>
         <run_address>0x3000</run_address>
         <size>0x8</size>
         <alignment>0x4</alignment>
         <input_file_ref idref="fl-136"/>
      </object_component>
      <object_component id="oc-a5">
         <name>.text:abort</name>
         <load_address>0x3008</load_address>
         <readonly>true</readonly>
         <executable>true</executable>
         <run_address>0x3008</run_address>
         <size>0x6</size>
         <alignment>0x2</alignment>
         <input_file_ref idref="fl-3b"/>
      </object_component>
      <object_component id="oc-100">
         <name>.text.HOSTexit</name>
         <load_address>0x300e</load_address>
         <readonly>true</readonly>
         <executable>true</executable>
         <run_address>0x300e</run_address>
         <size>0x4</size>
         <alignment>0x2</alignment>
         <input_file_ref idref="fl-131"/>
      </object_component>
      <object_component id="oc-37">
         <name>.text.Reset_Handler</name>
         <load_address>0x3012</load_address>
         <readonly>true</readonly>
         <executable>true</executable>
         <run_address>0x3012</run_address>
         <size>0x4</size>
         <alignment>0x2</alignment>
         <input_file_ref idref="fl-3"/>
      </object_component>
      <object_component id="oc-6a">
         <name>.text._system_pre_init</name>
         <load_address>0x3016</load_address>
         <readonly>true</readonly>
         <executable>true</executable>
         <run_address>0x3016</run_address>
         <size>0x4</size>
         <alignment>0x2</alignment>
         <input_file_ref idref="fl-36"/>
      </object_component>
      <object_component id="oc-1b8">
         <name>.cinit..data.load</name>
         <load_address>0x30c8</load_address>
         <readonly>true</readonly>
         <run_address>0x30c8</run_address>
         <size>0x38</size>
         <alignment>0x1</alignment>
      </object_component>
      <object_component id="oc-1b5">
         <name>__TI_handler_table</name>
         <load_address>0x3100</load_address>
         <readonly>true</readonly>
         <run_address>0x3100</run_address>
         <size>0xc</size>
         <alignment>0x4</alignment>
      </object_component>
      <object_component id="oc-1b7">
         <name>.cinit..TI.noinit.load</name>
         <load_address>0x310c</load_address>
         <readonly>true</readonly>
         <run_address>0x310c</run_address>
         <size>0x8</size>
         <alignment>0x4</alignment>
      </object_component>
      <object_component id="oc-1b9">
         <name>.cinit..bss.load</name>
         <load_address>0x3114</load_address>
         <readonly>true</readonly>
         <run_address>0x3114</run_address>
         <size>0x8</size>
         <alignment>0x4</alignment>
      </object_component>
      <object_component id="oc-1b6">
         <name>__TI_cinit_table</name>
         <load_address>0x311c</load_address>
         <readonly>true</readonly>
         <run_address>0x311c</run_address>
         <size>0x18</size>
         <alignment>0x4</alignment>
      </object_component>
      <object_component id="oc-dc">
         <name>.rodata.CFG_BRT_MAP</name>
         <load_address>0x3080</load_address>
         <readonly>true</readonly>
         <run_address>0x3080</run_address>
         <size>0x12</size>
         <alignment>0x2</alignment>
         <input_file_ref idref="fl-1"/>
      </object_component>
      <object_component id="oc-1a">
         <name>.rodata.g_fw_version_flash</name>
         <load_address>0x3092</load_address>
         <readonly>true</readonly>
         <run_address>0x3092</run_address>
         <size>0x10</size>
         <alignment>0x1</alignment>
         <input_file_ref idref="fl-1"/>
      </object_component>
      <object_component id="oc-149">
         <name>.rodata.AUTO_OFFSET_PCT</name>
         <load_address>0x30a2</load_address>
         <readonly>true</readonly>
         <run_address>0x30a2</run_address>
         <size>0xa</size>
         <alignment>0x2</alignment>
         <input_file_ref idref="fl-1"/>
      </object_component>
      <object_component id="oc-f0">
         <name>.rodata.gADC12_0ClockConfig</name>
         <load_address>0x30ac</load_address>
         <readonly>true</readonly>
         <run_address>0x30ac</run_address>
         <size>0x8</size>
         <alignment>0x4</alignment>
         <input_file_ref idref="fl-2"/>
      </object_component>
      <object_component id="oc-11a">
         <name>.rodata.gPWM_0Config</name>
         <load_address>0x30b4</load_address>
         <readonly>true</readonly>
         <run_address>0x30b4</run_address>
         <size>0x8</size>
         <alignment>0x4</alignment>
         <input_file_ref idref="fl-2"/>
      </object_component>
      <object_component id="oc-e9">
         <name>.rodata.gVREFConfig</name>
         <load_address>0x30bc</load_address>
         <readonly>true</readonly>
         <run_address>0x30bc</run_address>
         <size>0x8</size>
         <alignment>0x2</alignment>
         <input_file_ref idref="fl-2"/>
      </object_component>
      <object_component id="oc-119">
         <name>.rodata.gPWM_0ClockConfig</name>
         <load_address>0x30c4</load_address>
         <readonly>true</readonly>
         <run_address>0x30c4</run_address>
         <size>0x3</size>
         <alignment>0x1</alignment>
         <input_file_ref idref="fl-2"/>
      </object_component>
      <object_component id="oc-180">
         <name>.binit</name>
         <load_address>0x3138</load_address>
         <readonly>true</readonly>
         <run_address>0x3138</run_address>
         <size>0x10</size>
         <alignment>0x4</alignment>
      </object_component>
      <object_component id="oc-16f">
         <name>.TI.ramfunc</name>
         <load_address>0x3020</load_address>
         <readonly>true</readonly>
         <executable>true</executable>
         <run_address>0x20000198</run_address>
         <size>0x60</size>
         <alignment>0x4</alignment>
         <input_file_ref idref="fl-13"/>
      </object_component>
      <object_component id="oc-97">
         <name>.TI.noinit</name>
         <uninitialized>true</uninitialized>
         <readwrite>true</readwrite>
         <run_address>0x200001f8</run_address>
         <size>0x5</size>
         <alignment>0x4</alignment>
         <input_file_ref idref="fl-1"/>
      </object_component>
      <object_component id="oc-9a">
         <name>.data.sys_state</name>
         <load_address>0x20000111</load_address>
         <readwrite>true</readwrite>
         <run_address>0x20000111</run_address>
         <size>0x1</size>
         <alignment>0x1</alignment>
         <input_file_ref idref="fl-1"/>
      </object_component>
      <object_component id="oc-18">
         <name>.data.g_test_box</name>
         <load_address>0x20000000</load_address>
         <readwrite>true</readwrite>
         <run_address>0x20000000</run_address>
         <size>0x98</size>
         <alignment>0x4</alignment>
         <input_file_ref idref="fl-1"/>
      </object_component>
      <object_component id="oc-61">
         <name>.data.g_tick_ms</name>
         <load_address>0x200000c4</load_address>
         <readwrite>true</readwrite>
         <run_address>0x200000c4</run_address>
         <size>0x4</size>
         <alignment>0x4</alignment>
         <input_file_ref idref="fl-1"/>
      </object_component>
      <object_component id="oc-a1">
         <name>.data.g_vbatt_mv_raw</name>
         <load_address>0x200000cc</load_address>
         <readwrite>true</readwrite>
         <run_address>0x200000cc</run_address>
         <size>0x4</size>
         <alignment>0x4</alignment>
         <input_file_ref idref="fl-1"/>
      </object_component>
      <object_component id="oc-a2">
         <name>.data.g_vbatt_mv_filtered</name>
         <load_address>0x200000c8</load_address>
         <readwrite>true</readwrite>
         <run_address>0x200000c8</run_address>
         <size>0x4</size>
         <alignment>0x4</alignment>
         <input_file_ref idref="fl-1"/>
      </object_component>
      <object_component id="oc-cd">
         <name>.data.current_sector_addr</name>
         <load_address>0x200000bc</load_address>
         <readwrite>true</readwrite>
         <run_address>0x200000bc</run_address>
         <size>0x4</size>
         <alignment>0x4</alignment>
         <input_file_ref idref="fl-1"/>
      </object_component>
      <object_component id="oc-ce">
         <name>.data.current_nvm_slot</name>
         <load_address>0x200000b8</load_address>
         <readwrite>true</readwrite>
         <run_address>0x200000b8</run_address>
         <size>0x4</size>
         <alignment>0x4</alignment>
         <input_file_ref idref="fl-1"/>
      </object_component>
      <object_component id="oc-d0">
         <name>.data.nvm_dirty</name>
         <load_address>0x2000010b</load_address>
         <readwrite>true</readwrite>
         <run_address>0x2000010b</run_address>
         <size>0x1</size>
         <alignment>0x1</alignment>
         <input_file_ref idref="fl-1"/>
      </object_component>
      <object_component id="oc-db">
         <name>.data.nvm_dirty_start_tick</name>
         <load_address>0x200000dc</load_address>
         <readwrite>true</readwrite>
         <run_address>0x200000dc</run_address>
         <size>0x4</size>
         <alignment>0x4</alignment>
         <input_file_ref idref="fl-1"/>
      </object_component>
      <object_component id="oc-df">
         <name>.data.g_anim</name>
         <load_address>0x20000098</load_address>
         <readwrite>true</readwrite>
         <run_address>0x20000098</run_address>
         <size>0x8</size>
         <alignment>0x4</alignment>
         <input_file_ref idref="fl-1"/>
      </object_component>
      <object_component id="oc-98">
         <name>.data.current_pwm</name>
         <load_address>0x200000f8</load_address>
         <readwrite>true</readwrite>
         <run_address>0x200000f8</run_address>
         <size>0x2</size>
         <alignment>0x2</alignment>
         <input_file_ref idref="fl-1"/>
      </object_component>
      <object_component id="oc-99">
         <name>.data.target_pwm</name>
         <load_address>0x200000fc</load_address>
         <readwrite>true</readwrite>
         <run_address>0x200000fc</run_address>
         <size>0x2</size>
         <alignment>0x2</alignment>
         <input_file_ref idref="fl-1"/>
      </object_component>
      <object_component id="oc-dd">
         <name>.data.current_brt_calculated</name>
         <load_address>0x200000f6</load_address>
         <readwrite>true</readwrite>
         <run_address>0x200000f6</run_address>
         <size>0x2</size>
         <alignment>0x2</alignment>
         <input_file_ref idref="fl-1"/>
      </object_component>
      <object_component id="oc-a3">
         <name>.data.g_last_applied_pwm</name>
         <load_address>0x200000fa</load_address>
         <readwrite>true</readwrite>
         <run_address>0x200000fa</run_address>
         <size>0x2</size>
         <alignment>0x2</alignment>
         <input_file_ref idref="fl-1"/>
      </object_component>
      <object_component id="oc-a4">
         <name>.data.inactivity_sec</name>
         <load_address>0x200000d0</load_address>
         <readwrite>true</readwrite>
         <run_address>0x200000d0</run_address>
         <size>0x4</size>
         <alignment>0x4</alignment>
         <input_file_ref idref="fl-1"/>
      </object_component>
      <object_component id="oc-ff">
         <name>.data.last_user_action_tick</name>
         <load_address>0x200000d8</load_address>
         <readwrite>true</readwrite>
         <run_address>0x200000d8</run_address>
         <size>0x4</size>
         <alignment>0x4</alignment>
         <input_file_ref idref="fl-1"/>
      </object_component>
      <object_component id="oc-de">
         <name>.data.flash_mode_start_tick</name>
         <load_address>0x200000c0</load_address>
         <readwrite>true</readwrite>
         <run_address>0x200000c0</run_address>
         <size>0x4</size>
         <alignment>0x4</alignment>
         <input_file_ref idref="fl-1"/>
      </object_component>
      <object_component id="oc-da">
         <name>.data.als_err_start_tick</name>
         <load_address>0x200000a4</load_address>
         <readwrite>true</readwrite>
         <run_address>0x200000a4</run_address>
         <size>0x4</size>
         <alignment>0x4</alignment>
         <input_file_ref idref="fl-1"/>
      </object_component>
      <object_component id="oc-131">
         <name>.data.is_dimmed</name>
         <load_address>0x20000109</load_address>
         <readwrite>true</readwrite>
         <run_address>0x20000109</run_address>
         <size>0x1</size>
         <alignment>0x1</alignment>
         <input_file_ref idref="fl-1"/>
      </object_component>
      <object_component id="oc-13b">
         <name>.data.virtual_max_brt</name>
         <load_address>0x200000fe</load_address>
         <readwrite>true</readwrite>
         <run_address>0x200000fe</run_address>
         <size>0x2</size>
         <alignment>0x2</alignment>
         <input_file_ref idref="fl-1"/>
      </object_component>
      <object_component id="oc-13a">
         <name>.data.is_overshot</name>
         <load_address>0x2000010a</load_address>
         <readwrite>true</readwrite>
         <run_address>0x2000010a</run_address>
         <size>0x1</size>
         <alignment>0x1</alignment>
         <input_file_ref idref="fl-1"/>
      </object_component>
      <object_component id="oc-d2">
         <name>.data.brt_cache_last_vbatt</name>
         <load_address>0x200000b0</load_address>
         <readwrite>true</readwrite>
         <run_address>0x200000b0</run_address>
         <size>0x4</size>
         <alignment>0x4</alignment>
         <input_file_ref idref="fl-1"/>
      </object_component>
      <object_component id="oc-d1">
         <name>.data.brt_cache_last_req</name>
         <load_address>0x200000f2</load_address>
         <readwrite>true</readwrite>
         <run_address>0x200000f2</run_address>
         <size>0x2</size>
         <alignment>0x2</alignment>
         <input_file_ref idref="fl-1"/>
      </object_component>
      <object_component id="oc-123">
         <name>.data.brt_cache_val</name>
         <load_address>0x200000f4</load_address>
         <readwrite>true</readwrite>
         <run_address>0x200000f4</run_address>
         <size>0x2</size>
         <alignment>0x2</alignment>
         <input_file_ref idref="fl-1"/>
      </object_component>
      <object_component id="oc-145">
         <name>.data.als_task.als_st</name>
         <load_address>0x20000103</load_address>
         <readwrite>true</readwrite>
         <run_address>0x20000103</run_address>
         <size>0x1</size>
         <alignment>0x1</alignment>
         <input_file_ref idref="fl-1"/>
      </object_component>
      <object_component id="oc-148">
         <name>.data.als_task.als_tick</name>
         <load_address>0x200000a8</load_address>
         <readwrite>true</readwrite>
         <run_address>0x200000a8</run_address>
         <size>0x4</size>
         <alignment>0x4</alignment>
         <input_file_ref idref="fl-1"/>
      </object_component>
      <object_component id="oc-14a">
         <name>.data.als_task.als_err_cnt</name>
         <load_address>0x20000102</load_address>
         <readwrite>true</readwrite>
         <run_address>0x20000102</run_address>
         <size>0x1</size>
         <alignment>0x1</alignment>
         <input_file_ref idref="fl-1"/>
      </object_component>
      <object_component id="oc-146">
         <name>.data.als_task.lux_avg</name>
         <load_address>0x200000ac</load_address>
         <readwrite>true</readwrite>
         <run_address>0x200000ac</run_address>
         <size>0x4</size>
         <alignment>0x4</alignment>
         <input_file_ref idref="fl-1"/>
      </object_component>
      <object_component id="oc-147">
         <name>.data.als_task.last_als_brt</name>
         <load_address>0x200000f0</load_address>
         <readwrite>true</readwrite>
         <run_address>0x200000f0</run_address>
         <size>0x2</size>
         <alignment>0x2</alignment>
         <input_file_ref idref="fl-1"/>
      </object_component>
      <object_component id="oc-fd">
         <name>.data.adc_task.adc_tick</name>
         <load_address>0x200000a0</load_address>
         <readwrite>true</readwrite>
         <run_address>0x200000a0</run_address>
         <size>0x4</size>
         <alignment>0x4</alignment>
         <input_file_ref idref="fl-1"/>
      </object_component>
      <object_component id="oc-fc">
         <name>.data.adc_task.is_converting</name>
         <load_address>0x20000101</load_address>
         <readwrite>true</readwrite>
         <run_address>0x20000101</run_address>
         <size>0x1</size>
         <alignment>0x1</alignment>
         <input_file_ref idref="fl-1"/>
      </object_component>
      <object_component id="oc-fe">
         <name>.data.adc_task.first_read</name>
         <load_address>0x20000100</load_address>
         <readwrite>true</readwrite>
         <run_address>0x20000100</run_address>
         <size>0x1</size>
         <alignment>0x1</alignment>
         <input_file_ref idref="fl-1"/>
      </object_component>
      <object_component id="oc-12d">
         <name>.data.protection_task.pwr_loss_cnt</name>
         <load_address>0x20000110</load_address>
         <readwrite>true</readwrite>
         <run_address>0x20000110</run_address>
         <size>0x1</size>
         <alignment>0x1</alignment>
         <input_file_ref idref="fl-1"/>
      </object_component>
      <object_component id="oc-12f">
         <name>.data.protection_task.lvp_crit_cnt</name>
         <load_address>0x2000010e</load_address>
         <readwrite>true</readwrite>
         <run_address>0x2000010e</run_address>
         <size>0x1</size>
         <alignment>0x1</alignment>
         <input_file_ref idref="fl-1"/>
      </object_component>
      <object_component id="oc-12e">
         <name>.data.protection_task.lvp_ext_cnt</name>
         <load_address>0x2000010f</load_address>
         <readwrite>true</readwrite>
         <run_address>0x2000010f</run_address>
         <size>0x1</size>
         <alignment>0x1</alignment>
         <input_file_ref idref="fl-1"/>
      </object_component>
      <object_component id="oc-130">
         <name>.data.protection_task.last_1s_tick</name>
         <load_address>0x200000e0</load_address>
         <readwrite>true</readwrite>
         <run_address>0x200000e0</run_address>
         <size>0x4</size>
         <alignment>0x4</alignment>
         <input_file_ref idref="fl-1"/>
      </object_component>
      <object_component id="oc-9b">
         <name>.data.hist_minus</name>
         <load_address>0x20000107</load_address>
         <readwrite>true</readwrite>
         <run_address>0x20000107</run_address>
         <size>0x1</size>
         <alignment>0x1</alignment>
         <input_file_ref idref="fl-1"/>
      </object_component>
      <object_component id="oc-9c">
         <name>.data.hist_plus</name>
         <load_address>0x20000108</load_address>
         <readwrite>true</readwrite>
         <run_address>0x20000108</run_address>
         <size>0x1</size>
         <alignment>0x1</alignment>
         <input_file_ref idref="fl-1"/>
      </object_component>
      <object_component id="oc-9d">
         <name>.data.t_minus_ms</name>
         <load_address>0x200000e8</load_address>
         <readwrite>true</readwrite>
         <run_address>0x200000e8</run_address>
         <size>0x4</size>
         <alignment>0x4</alignment>
         <input_file_ref idref="fl-1"/>
      </object_component>
      <object_component id="oc-9e">
         <name>.data.t_plus_ms</name>
         <load_address>0x200000ec</load_address>
         <readwrite>true</readwrite>
         <run_address>0x200000ec</run_address>
         <size>0x4</size>
         <alignment>0x4</alignment>
         <input_file_ref idref="fl-1"/>
      </object_component>
      <object_component id="oc-9f">
         <name>.data.t_both_ms</name>
         <load_address>0x200000e4</load_address>
         <readwrite>true</readwrite>
         <run_address>0x200000e4</run_address>
         <size>0x4</size>
         <alignment>0x4</alignment>
         <input_file_ref idref="fl-1"/>
      </object_component>
      <object_component id="oc-133">
         <name>.data.key_task.debug_boot_ms</name>
         <load_address>0x200000d4</load_address>
         <readwrite>true</readwrite>
         <run_address>0x200000d4</run_address>
         <size>0x4</size>
         <alignment>0x4</alignment>
         <input_file_ref idref="fl-1"/>
      </object_component>
      <object_component id="oc-135">
         <name>.data.prev_db_minus</name>
         <load_address>0x2000010c</load_address>
         <readwrite>true</readwrite>
         <run_address>0x2000010c</run_address>
         <size>0x1</size>
         <alignment>0x1</alignment>
         <input_file_ref idref="fl-1"/>
      </object_component>
      <object_component id="oc-134">
         <name>.data.prev_db_plus</name>
         <load_address>0x2000010d</load_address>
         <readwrite>true</readwrite>
         <run_address>0x2000010d</run_address>
         <size>0x1</size>
         <alignment>0x1</alignment>
         <input_file_ref idref="fl-1"/>
      </object_component>
      <object_component id="oc-137">
         <name>.data.combo_state</name>
         <load_address>0x20000106</load_address>
         <readwrite>true</readwrite>
         <run_address>0x20000106</run_address>
         <size>0x1</size>
         <alignment>0x1</alignment>
         <input_file_ref idref="fl-1"/>
      </object_component>
      <object_component id="oc-139">
         <name>.data.combo_timeout</name>
         <load_address>0x200000b4</load_address>
         <readwrite>true</readwrite>
         <run_address>0x200000b4</run_address>
         <size>0x4</size>
         <alignment>0x4</alignment>
         <input_file_ref idref="fl-1"/>
      </object_component>
      <object_component id="oc-14b">
         <name>.data.test_mode_task.test_mode_active</name>
         <load_address>0x20000112</load_address>
         <readwrite>true</readwrite>
         <run_address>0x20000112</run_address>
         <size>0x1</size>
         <alignment>0x1</alignment>
         <input_file_ref idref="fl-1"/>
      </object_component>
      <object_component id="oc-136">
         <name>.data.both_long_handled</name>
         <load_address>0x20000105</load_address>
         <readwrite>true</readwrite>
         <run_address>0x20000105</run_address>
         <size>0x1</size>
         <alignment>0x1</alignment>
         <input_file_ref idref="fl-1"/>
      </object_component>
      <object_component id="oc-138">
         <name>.data.both_combo_handled</name>
         <load_address>0x20000104</load_address>
         <readwrite>true</readwrite>
         <run_address>0x20000104</run_address>
         <size>0x1</size>
         <alignment>0x1</alignment>
         <input_file_ref idref="fl-1"/>
      </object_component>
      <object_component id="oc-a0">
         <name>.common:sys_memory</name>
         <uninitialized>true</uninitialized>
         <readwrite>true</readwrite>
         <run_address>0x20000154</run_address>
         <size>0x40</size>
         <alignment>0x4</alignment>
      </object_component>
      <object_component id="oc-cf">
         <name>.common:flash_shadow</name>
         <uninitialized>true</uninitialized>
         <readwrite>true</readwrite>
         <run_address>0x20000114</run_address>
         <size>0x40</size>
         <alignment>0x4</alignment>
      </object_component>
      <object_component id="oc-1d">
         <name>.stack</name>
         <uninitialized>true</uninitialized>
         <readwrite>true</readwrite>
         <run_address>0x20000300</run_address>
         <size>0x4</size>
         <alignment>0x4</alignment>
         <input_file_ref idref="fl-33"/>
      </object_component>
      <object_component id="oc-1bb">
         <name>.stack</name>
         <uninitialized>true</uninitialized>
         <readwrite>true</readwrite>
         <run_address>0x20000300</run_address>
         <size>0x0</size>
         <alignment>0x8</alignment>
      </object_component>
      <object_component id="oc-36">
         <name>.debug_loc</name>
         <load_address>0x0</load_address>
         <run_address>0x0</run_address>
         <size>0x1d58</size>
         <alignment>0x1</alignment>
         <input_file_ref idref="fl-1"/>
      </object_component>
      <object_component id="oc-91">
         <name>.debug_loc</name>
         <load_address>0x1d58</load_address>
         <run_address>0x1d58</run_address>
         <size>0x8d</size>
         <alignment>0x1</alignment>
         <input_file_ref idref="fl-2"/>
      </object_component>
      <object_component id="oc-eb">
         <name>.debug_loc</name>
         <load_address>0x1de5</load_address>
         <run_address>0x1de5</run_address>
         <size>0xc7</size>
         <alignment>0x1</alignment>
         <input_file_ref idref="fl-11"/>
      </object_component>
      <object_component id="oc-161">
         <name>.debug_loc</name>
         <load_address>0x1eac</load_address>
         <run_address>0x1eac</run_address>
         <size>0x13</size>
         <alignment>0x1</alignment>
         <input_file_ref idref="fl-12"/>
      </object_component>
      <object_component id="oc-14d">
         <name>.debug_loc</name>
         <load_address>0x1ebf</load_address>
         <run_address>0x1ebf</run_address>
         <size>0x46a0</size>
         <alignment>0x1</alignment>
         <input_file_ref idref="fl-13"/>
      </object_component>
      <object_component id="oc-d8">
         <name>.debug_loc</name>
         <load_address>0x655f</load_address>
         <run_address>0x655f</run_address>
         <size>0x1b12</size>
         <alignment>0x1</alignment>
         <input_file_ref idref="fl-14"/>
      </object_component>
      <object_component id="oc-e6">
         <name>.debug_loc</name>
         <load_address>0x8071</load_address>
         <run_address>0x8071</run_address>
         <size>0xa0</size>
         <alignment>0x1</alignment>
         <input_file_ref idref="fl-15"/>
      </object_component>
      <object_component id="oc-e2">
         <name>.debug_loc</name>
         <load_address>0x8111</load_address>
         <run_address>0x8111</run_address>
         <size>0x1a4</size>
         <alignment>0x1</alignment>
         <input_file_ref idref="fl-16"/>
      </object_component>
      <object_component id="oc-45">
         <name>.debug_loc</name>
         <load_address>0x82b5</load_address>
         <run_address>0x82b5</run_address>
         <size>0xd8</size>
         <alignment>0x1</alignment>
         <input_file_ref idref="fl-33"/>
      </object_component>
      <object_component id="oc-b0">
         <name>.debug_loc</name>
         <load_address>0x838d</load_address>
         <run_address>0x838d</run_address>
         <size>0x45a</size>
         <alignment>0x1</alignment>
         <input_file_ref idref="fl-35"/>
      </object_component>
      <object_component id="oc-15e">
         <name>.debug_loc</name>
         <load_address>0x87e7</load_address>
         <run_address>0x87e7</run_address>
         <size>0x102</size>
         <alignment>0x1</alignment>
         <input_file_ref idref="fl-37"/>
      </object_component>
      <object_component id="oc-54">
         <name>.debug_loc</name>
         <load_address>0x88e9</load_address>
         <run_address>0x88e9</run_address>
         <size>0x16c</size>
         <alignment>0x1</alignment>
         <input_file_ref idref="fl-38"/>
      </object_component>
      <object_component id="oc-50">
         <name>.debug_loc</name>
         <load_address>0x8a55</load_address>
         <run_address>0x8a55</run_address>
         <size>0x6f</size>
         <alignment>0x1</alignment>
         <input_file_ref idref="fl-39"/>
      </object_component>
      <object_component id="oc-48">
         <name>.debug_loc</name>
         <load_address>0x8ac4</load_address>
         <run_address>0x8ac4</run_address>
         <size>0x172</size>
         <alignment>0x1</alignment>
         <input_file_ref idref="fl-3a"/>
      </object_component>
      <object_component id="oc-ab">
         <name>.debug_loc</name>
         <load_address>0x8c36</load_address>
         <run_address>0x8c36</run_address>
         <size>0x26</size>
         <alignment>0x1</alignment>
         <input_file_ref idref="fl-3b"/>
      </object_component>
      <object_component id="oc-12c">
         <name>.debug_loc</name>
         <load_address>0x8c5c</load_address>
         <run_address>0x8c5c</run_address>
         <size>0x20</size>
         <alignment>0x1</alignment>
         <input_file_ref idref="fl-13b"/>
      </object_component>
      <object_component id="oc-32">
         <name>.debug_abbrev</name>
         <load_address>0x0</load_address>
         <run_address>0x0</run_address>
         <size>0x3b7</size>
         <alignment>0x1</alignment>
         <input_file_ref idref="fl-1"/>
      </object_component>
      <object_component id="oc-cb">
         <name>.debug_abbrev</name>
         <load_address>0x3b7</load_address>
         <run_address>0x3b7</run_address>
         <size>0x1d6</size>
         <alignment>0x1</alignment>
         <input_file_ref idref="fl-2"/>
      </object_component>
      <object_component id="oc-3f">
         <name>.debug_abbrev</name>
         <load_address>0x58d</load_address>
         <run_address>0x58d</run_address>
         <size>0x6d</size>
         <alignment>0x1</alignment>
         <input_file_ref idref="fl-3"/>
      </object_component>
      <object_component id="oc-128">
         <name>.debug_abbrev</name>
         <load_address>0x5fa</load_address>
         <run_address>0x5fa</run_address>
         <size>0x171</size>
         <alignment>0x1</alignment>
         <input_file_ref idref="fl-11"/>
      </object_component>
      <object_component id="oc-15f">
         <name>.debug_abbrev</name>
         <load_address>0x76b</load_address>
         <run_address>0x76b</run_address>
         <size>0x62</size>
         <alignment>0x1</alignment>
         <input_file_ref idref="fl-12"/>
      </object_component>
      <object_component id="oc-16d">
         <name>.debug_abbrev</name>
         <load_address>0x7cd</load_address>
         <run_address>0x7cd</run_address>
         <size>0x2e6</size>
         <alignment>0x1</alignment>
         <input_file_ref idref="fl-13"/>
      </object_component>
      <object_component id="oc-124">
         <name>.debug_abbrev</name>
         <load_address>0xab3</load_address>
         <run_address>0xab3</run_address>
         <size>0x2a4</size>
         <alignment>0x1</alignment>
         <input_file_ref idref="fl-14"/>
      </object_component>
      <object_component id="oc-126">
         <name>.debug_abbrev</name>
         <load_address>0xd57</load_address>
         <run_address>0xd57</run_address>
         <size>0xd6</size>
         <alignment>0x1</alignment>
         <input_file_ref idref="fl-15"/>
      </object_component>
      <object_component id="oc-e0">
         <name>.debug_abbrev</name>
         <load_address>0xe2d</load_address>
         <run_address>0xe2d</run_address>
         <size>0x1d1</size>
         <alignment>0x1</alignment>
         <input_file_ref idref="fl-16"/>
      </object_component>
      <object_component id="oc-41">
         <name>.debug_abbrev</name>
         <load_address>0xffe</load_address>
         <run_address>0xffe</run_address>
         <size>0xaf</size>
         <alignment>0x1</alignment>
         <input_file_ref idref="fl-33"/>
      </object_component>
      <object_component id="oc-10a">
         <name>.debug_abbrev</name>
         <load_address>0x10ad</load_address>
         <run_address>0x10ad</run_address>
         <size>0x172</size>
         <alignment>0x1</alignment>
         <input_file_ref idref="fl-35"/>
      </object_component>
      <object_component id="oc-81">
         <name>.debug_abbrev</name>
         <load_address>0x121f</load_address>
         <run_address>0x121f</run_address>
         <size>0x39</size>
         <alignment>0x1</alignment>
         <input_file_ref idref="fl-36"/>
      </object_component>
      <object_component id="oc-15c">
         <name>.debug_abbrev</name>
         <load_address>0x1258</load_address>
         <run_address>0x1258</run_address>
         <size>0xda</size>
         <alignment>0x1</alignment>
         <input_file_ref idref="fl-37"/>
      </object_component>
      <object_component id="oc-64">
         <name>.debug_abbrev</name>
         <load_address>0x1332</load_address>
         <run_address>0x1332</run_address>
         <size>0xc2</size>
         <alignment>0x1</alignment>
         <input_file_ref idref="fl-38"/>
      </object_component>
      <object_component id="oc-4e">
         <name>.debug_abbrev</name>
         <load_address>0x13f4</load_address>
         <run_address>0x13f4</run_address>
         <size>0x70</size>
         <alignment>0x1</alignment>
         <input_file_ref idref="fl-39"/>
      </object_component>
      <object_component id="oc-46">
         <name>.debug_abbrev</name>
         <load_address>0x1464</load_address>
         <run_address>0x1464</run_address>
         <size>0x8d</size>
         <alignment>0x1</alignment>
         <input_file_ref idref="fl-3a"/>
      </object_component>
      <object_component id="oc-104">
         <name>.debug_abbrev</name>
         <load_address>0x14f1</load_address>
         <run_address>0x14f1</run_address>
         <size>0x98</size>
         <alignment>0x1</alignment>
         <input_file_ref idref="fl-3b"/>
      </object_component>
      <object_component id="oc-154">
         <name>.debug_abbrev</name>
         <load_address>0x1589</load_address>
         <run_address>0x1589</run_address>
         <size>0x2c</size>
         <alignment>0x1</alignment>
         <input_file_ref idref="fl-131"/>
      </object_component>
      <object_component id="oc-166">
         <name>.debug_abbrev</name>
         <load_address>0x15b5</load_address>
         <run_address>0x15b5</run_address>
         <size>0x27</size>
         <alignment>0x1</alignment>
         <input_file_ref idref="fl-132"/>
      </object_component>
      <object_component id="oc-16c">
         <name>.debug_abbrev</name>
         <load_address>0x15dc</load_address>
         <run_address>0x15dc</run_address>
         <size>0x27</size>
         <alignment>0x1</alignment>
         <input_file_ref idref="fl-133"/>
      </object_component>
      <object_component id="oc-f6">
         <name>.debug_abbrev</name>
         <load_address>0x1603</load_address>
         <run_address>0x1603</run_address>
         <size>0x27</size>
         <alignment>0x1</alignment>
         <input_file_ref idref="fl-134"/>
      </object_component>
      <object_component id="oc-16b">
         <name>.debug_abbrev</name>
         <load_address>0x162a</load_address>
         <run_address>0x162a</run_address>
         <size>0x27</size>
         <alignment>0x1</alignment>
         <input_file_ref idref="fl-135"/>
      </object_component>
      <object_component id="oc-63">
         <name>.debug_abbrev</name>
         <load_address>0x1651</load_address>
         <run_address>0x1651</run_address>
         <size>0x27</size>
         <alignment>0x1</alignment>
         <input_file_ref idref="fl-136"/>
      </object_component>
      <object_component id="oc-80">
         <name>.debug_abbrev</name>
         <load_address>0x1678</load_address>
         <run_address>0x1678</run_address>
         <size>0x27</size>
         <alignment>0x1</alignment>
         <input_file_ref idref="fl-137"/>
      </object_component>
      <object_component id="oc-176">
         <name>.debug_abbrev</name>
         <load_address>0x169f</load_address>
         <run_address>0x169f</run_address>
         <size>0x27</size>
         <alignment>0x1</alignment>
         <input_file_ref idref="fl-138"/>
      </object_component>
      <object_component id="oc-170">
         <name>.debug_abbrev</name>
         <load_address>0x16c6</load_address>
         <run_address>0x16c6</run_address>
         <size>0x27</size>
         <alignment>0x1</alignment>
         <input_file_ref idref="fl-139"/>
      </object_component>
      <object_component id="oc-177">
         <name>.debug_abbrev</name>
         <load_address>0x16ed</load_address>
         <run_address>0x16ed</run_address>
         <size>0x27</size>
         <alignment>0x1</alignment>
         <input_file_ref idref="fl-13a"/>
      </object_component>
      <object_component id="oc-12a">
         <name>.debug_abbrev</name>
         <load_address>0x1714</load_address>
         <run_address>0x1714</run_address>
         <size>0x59</size>
         <alignment>0x1</alignment>
         <input_file_ref idref="fl-13b"/>
      </object_component>
      <object_component id="oc-be">
         <name>.debug_abbrev</name>
         <load_address>0x176d</load_address>
         <run_address>0x176d</run_address>
         <size>0x25</size>
         <alignment>0x1</alignment>
         <input_file_ref idref="fl-13c"/>
      </object_component>
      <object_component id="oc-110">
         <name>.debug_abbrev</name>
         <load_address>0x1792</load_address>
         <run_address>0x1792</run_address>
         <size>0x25</size>
         <alignment>0x1</alignment>
         <input_file_ref idref="fl-13d"/>
      </object_component>
      <object_component id="oc-1be">
         <name>.debug_abbrev</name>
         <load_address>0x17b7</load_address>
         <run_address>0x17b7</run_address>
         <size>0x23</size>
         <alignment>0x0</alignment>
      </object_component>
      <object_component id="oc-19">
         <name>.debug_info</name>
         <load_address>0x0</load_address>
         <run_address>0x0</run_address>
         <size>0x5db5</size>
         <alignment>0x1</alignment>
         <input_file_ref idref="fl-1"/>
      </object_component>
      <object_component id="oc-84">
         <name>.debug_info</name>
         <load_address>0x5db5</load_address>
         <run_address>0x5db5</run_address>
         <size>0x2a37</size>
         <alignment>0x1</alignment>
         <input_file_ref idref="fl-2"/>
      </object_component>
      <object_component id="oc-1c">
         <name>.debug_info</name>
         <load_address>0x87ec</load_address>
         <run_address>0x87ec</run_address>
         <size>0x80</size>
         <alignment>0x1</alignment>
         <input_file_ref idref="fl-3"/>
      </object_component>
      <object_component id="oc-ee">
         <name>.debug_info</name>
         <load_address>0x886c</load_address>
         <run_address>0x886c</run_address>
         <size>0x745</size>
         <alignment>0x1</alignment>
         <input_file_ref idref="fl-11"/>
      </object_component>
      <object_component id="oc-112">
         <name>.debug_info</name>
         <load_address>0x8fb1</load_address>
         <run_address>0x8fb1</run_address>
         <size>0x75</size>
         <alignment>0x1</alignment>
         <input_file_ref idref="fl-12"/>
      </object_component>
      <object_component id="oc-14e">
         <name>.debug_info</name>
         <load_address>0x9026</load_address>
         <run_address>0x9026</run_address>
         <size>0x5084</size>
         <alignment>0x1</alignment>
         <input_file_ref idref="fl-13"/>
      </object_component>
      <object_component id="oc-d9">
         <name>.debug_info</name>
         <load_address>0xe0aa</load_address>
         <run_address>0xe0aa</run_address>
         <size>0x3344</size>
         <alignment>0x1</alignment>
         <input_file_ref idref="fl-14"/>
      </object_component>
      <object_component id="oc-e4">
         <name>.debug_info</name>
         <load_address>0x113ee</load_address>
         <run_address>0x113ee</run_address>
         <size>0x368</size>
         <alignment>0x1</alignment>
         <input_file_ref idref="fl-15"/>
      </object_component>
      <object_component id="oc-8b">
         <name>.debug_info</name>
         <load_address>0x11756</load_address>
         <run_address>0x11756</run_address>
         <size>0x809</size>
         <alignment>0x1</alignment>
         <input_file_ref idref="fl-16"/>
      </object_component>
      <object_component id="oc-1e">
         <name>.debug_info</name>
         <load_address>0x11f5f</load_address>
         <run_address>0x11f5f</run_address>
         <size>0x423</size>
         <alignment>0x1</alignment>
         <input_file_ref idref="fl-33"/>
      </object_component>
      <object_component id="oc-ad">
         <name>.debug_info</name>
         <load_address>0x12382</load_address>
         <run_address>0x12382</run_address>
         <size>0x796</size>
         <alignment>0x1</alignment>
         <input_file_ref idref="fl-35"/>
      </object_component>
      <object_component id="oc-6b">
         <name>.debug_info</name>
         <load_address>0x12b18</load_address>
         <run_address>0x12b18</run_address>
         <size>0x46</size>
         <alignment>0x1</alignment>
         <input_file_ref idref="fl-36"/>
      </object_component>
      <object_component id="oc-10d">
         <name>.debug_info</name>
         <load_address>0x12b5e</load_address>
         <run_address>0x12b5e</run_address>
         <size>0x1b1</size>
         <alignment>0x1</alignment>
         <input_file_ref idref="fl-37"/>
      </object_component>
      <object_component id="oc-55">
         <name>.debug_info</name>
         <load_address>0x12d0f</load_address>
         <run_address>0x12d0f</run_address>
         <size>0x192</size>
         <alignment>0x1</alignment>
         <input_file_ref idref="fl-38"/>
      </object_component>
      <object_component id="oc-24">
         <name>.debug_info</name>
         <load_address>0x12ea1</load_address>
         <run_address>0x12ea1</run_address>
         <size>0xc6</size>
         <alignment>0x1</alignment>
         <input_file_ref idref="fl-39"/>
      </object_component>
      <object_component id="oc-21">
         <name>.debug_info</name>
         <load_address>0x12f67</load_address>
         <run_address>0x12f67</run_address>
         <size>0x17c</size>
         <alignment>0x1</alignment>
         <input_file_ref idref="fl-3a"/>
      </object_component>
      <object_component id="oc-a8">
         <name>.debug_info</name>
         <load_address>0x130e3</load_address>
         <run_address>0x130e3</run_address>
         <size>0xf8</size>
         <alignment>0x1</alignment>
         <input_file_ref idref="fl-3b"/>
      </object_component>
      <object_component id="oc-102">
         <name>.debug_info</name>
         <load_address>0x131db</load_address>
         <run_address>0x131db</run_address>
         <size>0x3b</size>
         <alignment>0x1</alignment>
         <input_file_ref idref="fl-131"/>
      </object_component>
      <object_component id="oc-11e">
         <name>.debug_info</name>
         <load_address>0x13216</load_address>
         <run_address>0x13216</run_address>
         <size>0x184</size>
         <alignment>0x1</alignment>
         <input_file_ref idref="fl-132"/>
      </object_component>
      <object_component id="oc-144">
         <name>.debug_info</name>
         <load_address>0x1339a</load_address>
         <run_address>0x1339a</run_address>
         <size>0x1b0</size>
         <alignment>0x1</alignment>
         <input_file_ref idref="fl-133"/>
      </object_component>
      <object_component id="oc-94">
         <name>.debug_info</name>
         <load_address>0x1354a</load_address>
         <run_address>0x1354a</run_address>
         <size>0x1b3</size>
         <alignment>0x1</alignment>
         <input_file_ref idref="fl-134"/>
      </object_component>
      <object_component id="oc-120">
         <name>.debug_info</name>
         <load_address>0x136fd</load_address>
         <run_address>0x136fd</run_address>
         <size>0x194</size>
         <alignment>0x1</alignment>
         <input_file_ref idref="fl-135"/>
      </object_component>
      <object_component id="oc-4c">
         <name>.debug_info</name>
         <load_address>0x13891</load_address>
         <run_address>0x13891</run_address>
         <size>0x190</size>
         <alignment>0x1</alignment>
         <input_file_ref idref="fl-136"/>
      </object_component>
      <object_component id="oc-69">
         <name>.debug_info</name>
         <load_address>0x13a21</load_address>
         <run_address>0x13a21</run_address>
         <size>0x1b0</size>
         <alignment>0x1</alignment>
         <input_file_ref idref="fl-137"/>
      </object_component>
      <object_component id="oc-16a">
         <name>.debug_info</name>
         <load_address>0x13bd1</load_address>
         <run_address>0x13bd1</run_address>
         <size>0x18c</size>
         <alignment>0x1</alignment>
         <input_file_ref idref="fl-138"/>
      </object_component>
      <object_component id="oc-163">
         <name>.debug_info</name>
         <load_address>0x13d5d</load_address>
         <run_address>0x13d5d</run_address>
         <size>0x186</size>
         <alignment>0x1</alignment>
         <input_file_ref idref="fl-139"/>
      </object_component>
      <object_component id="oc-174">
         <name>.debug_info</name>
         <load_address>0x13ee3</load_address>
         <run_address>0x13ee3</run_address>
         <size>0x186</size>
         <alignment>0x1</alignment>
         <input_file_ref idref="fl-13a"/>
      </object_component>
      <object_component id="oc-f2">
         <name>.debug_info</name>
         <load_address>0x14069</load_address>
         <run_address>0x14069</run_address>
         <size>0x85</size>
         <alignment>0x1</alignment>
         <input_file_ref idref="fl-13b"/>
      </object_component>
      <object_component id="oc-7c">
         <name>.debug_info</name>
         <load_address>0x140ee</load_address>
         <run_address>0x140ee</run_address>
         <size>0x2f3</size>
         <alignment>0x1</alignment>
         <input_file_ref idref="fl-13c"/>
      </object_component>
      <object_component id="oc-c3">
         <name>.debug_info</name>
         <load_address>0x143e1</load_address>
         <run_address>0x143e1</run_address>
         <size>0x23d</size>
         <alignment>0x1</alignment>
         <input_file_ref idref="fl-13d"/>
      </object_component>
      <object_component id="oc-1bd">
         <name>.debug_info</name>
         <load_address>0x1461e</load_address>
         <run_address>0x1461e</run_address>
         <size>0x10e</size>
         <alignment>0x0</alignment>
      </object_component>
      <object_component id="oc-35">
         <name>.debug_ranges</name>
         <load_address>0x0</load_address>
         <run_address>0x0</run_address>
         <size>0x828</size>
         <alignment>0x1</alignment>
         <input_file_ref idref="fl-1"/>
      </object_component>
      <object_component id="oc-85">
         <name>.debug_ranges</name>
         <load_address>0x828</load_address>
         <run_address>0x828</run_address>
         <size>0x50</size>
         <alignment>0x1</alignment>
         <input_file_ref idref="fl-2"/>
      </object_component>
      <object_component id="oc-38">
[...]
      </symbol>
      <symbol id="sm-b4">
         <name>SysTick_Handler</name>
         <value>0x2fe5</value>
         <object_component_ref idref="oc-3c"/>
      </symbol>
      <symbol id="sm-b5">
         <name>g_tick_ms</name>
         <value>0x200000c4</value>
         <object_component_ref idref="oc-61"/>
      </symbol>
      <symbol id="sm-b6">
         <name>sys_memory</name>
         <value>0x20000154</value>
      </symbol>
      <symbol id="sm-b7">
         <name>load_memory_from_flash</name>
         <value>0x19f1</value>
         <object_component_ref idref="oc-88"/>
      </symbol>
      <symbol id="sm-b8">
         <name>current_sector_addr</name>
         <value>0x200000bc</value>
         <object_component_ref idref="oc-cd"/>
      </symbol>
      <symbol id="sm-b9">
         <name>current_nvm_slot</name>
         <value>0x200000b8</value>
         <object_component_ref idref="oc-ce"/>
      </symbol>
      <symbol id="sm-ba">
         <name>flash_shadow</name>
         <value>0x20000114</value>
      </symbol>
      <symbol id="sm-bb">
         <name>nvm_dirty</name>
         <value>0x2000010b</value>
         <object_component_ref idref="oc-d0"/>
      </symbol>
      <symbol id="sm-bc">
         <name>save_memory_to_flash</name>
         <value>0x14f5</value>
         <object_component_ref idref="oc-fb"/>
      </symbol>
      <symbol id="sm-bd">
         <name>sys_state</name>
         <value>0x20000111</value>
         <object_component_ref idref="oc-9a"/>
      </symbol>
      <symbol id="sm-be">
         <name>last_user_action_tick</name>
         <value>0x200000d8</value>
         <object_component_ref idref="oc-ff"/>
      </symbol>
      <symbol id="sm-bf">
         <name>nvm_dirty_start_tick</name>
         <value>0x200000dc</value>
         <object_component_ref idref="oc-db"/>
      </symbol>
      <symbol id="sm-c0">
         <name>calculate_safe_brt</name>
         <value>0x17ad</value>
         <object_component_ref idref="oc-d3"/>
      </symbol>
      <symbol id="sm-c1">
         <name>g_vbatt_mv_filtered</name>
         <value>0x200000c8</value>
         <object_component_ref idref="oc-a2"/>
      </symbol>
      <symbol id="sm-c2">
         <name>g_test_box</name>
         <value>0x20000000</value>
         <object_component_ref idref="oc-18"/>
      </symbol>
      <symbol id="sm-c3">
         <name>current_pwm</name>
         <value>0x200000f8</value>
         <object_component_ref idref="oc-98"/>
      </symbol>
      <symbol id="sm-c4">
         <name>current_brt_calculated</name>
         <value>0x200000f6</value>
         <object_component_ref idref="oc-dd"/>
      </symbol>
      <symbol id="sm-c5">
         <name>target_pwm</name>
         <value>0x200000fc</value>
         <object_component_ref idref="oc-99"/>
      </symbol>
      <symbol id="sm-c6">
         <name>pwm_output_task</name>
         <value>0x1e15</value>
         <object_component_ref idref="oc-89"/>
      </symbol>
      <symbol id="sm-c7">
         <name>als_err_start_tick</name>
         <value>0x200000a4</value>
         <object_component_ref idref="oc-da"/>
      </symbol>
      <symbol id="sm-c8">
         <name>CFG_BRT_MAP</name>
         <value>0x3080</value>
         <object_component_ref idref="oc-dc"/>
      </symbol>
      <symbol id="sm-c9">
         <name>flash_mode_start_tick</name>
         <value>0x200000c0</value>
         <object_component_ref idref="oc-de"/>
      </symbol>
      <symbol id="sm-ca">
         <name>g_anim</name>
         <value>0x20000098</value>
         <object_component_ref idref="oc-df"/>
      </symbol>
      <symbol id="sm-cb">
         <name>g_last_applied_pwm</name>
         <value>0x200000fa</value>
         <object_component_ref idref="oc-a3"/>
      </symbol>
      <symbol id="sm-cc">
         <name>i2c_stop</name>
         <value>0x2d81</value>
         <object_component_ref idref="oc-13d"/>
      </symbol>
      <symbol id="sm-cd">
         <name>i2c_start</name>
         <value>0x2a5d</value>
         <object_component_ref idref="oc-13e"/>
      </symbol>
      <symbol id="sm-ce">
         <name>i2c_write_byte</name>
         <value>0x219d</value>
         <object_component_ref idref="oc-13c"/>
      </symbol>
      <symbol id="sm-cf">
         <name>i2c_read_byte</name>
         <value>0x2341</value>
         <object_component_ref idref="oc-13f"/>
      </symbol>
      <symbol id="sm-d0">
         <name>als_task</name>
         <value>0x8b5</value>
         <object_component_ref idref="oc-f9"/>
      </symbol>
      <symbol id="sm-d1">
         <name>is_dimmed</name>
         <value>0x20000109</value>
         <object_component_ref idref="oc-131"/>
      </symbol>
      <symbol id="sm-d2">
         <name>AUTO_OFFSET_PCT</name>
         <value>0x30a2</value>
         <object_component_ref idref="oc-149"/>
      </symbol>
      <symbol id="sm-d3">
         <name>g_vbatt_mv_raw</name>
         <value>0x200000cc</value>
         <object_component_ref idref="oc-a1"/>
      </symbol>
      <symbol id="sm-d4">
         <name>protection_task</name>
         <value>0x1c21</value>
         <object_component_ref idref="oc-f7"/>
      </symbol>
      <symbol id="sm-d5">
         <name>inactivity_sec</name>
         <value>0x200000d0</value>
         <object_component_ref idref="oc-a4"/>
      </symbol>
      <symbol id="sm-d6">
         <name>key_task</name>
         <value>0xc1</value>
         <object_component_ref idref="oc-f8"/>
      </symbol>
      <symbol id="sm-d7">
         <name>g_flash_mode_used</name>
         <value>0x200001fc</value>
         <object_component_ref idref="oc-97"/>
      </symbol>
      <symbol id="sm-d8">
         <name>is_overshot</name>
         <value>0x2000010a</value>
         <object_component_ref idref="oc-13a"/>
      </symbol>
      <symbol id="sm-d9">
         <name>virtual_max_brt</name>
         <value>0x200000fe</value>
         <object_component_ref idref="oc-13b"/>
      </symbol>
      <symbol id="sm-da">
         <name>test_mode_task</name>
         <value>0xe45</value>
         <object_component_ref idref="oc-fa"/>
      </symbol>
      <symbol id="sm-db">
         <name>GPIOA_IRQHandler</name>
         <value>0x2f75</value>
         <object_component_ref idref="oc-3e"/>
      </symbol>
      <symbol id="sm-dc">
         <name>scheduler_run</name>
         <value>0x1fdd</value>
         <object_component_ref idref="oc-96"/>
      </symbol>
      <symbol id="sm-dd">
         <name>main</name>
         <value>0x11d5</value>
         <object_component_ref idref="oc-6e"/>
      </symbol>
      <symbol id="sm-de">
         <name>g_por_magic</name>
         <value>0x200001f8</value>
         <object_component_ref idref="oc-97"/>
      </symbol>
      <symbol id="sm-df">
         <name>g_fw_version_flash</name>
         <value>0x3092</value>
         <object_component_ref idref="oc-1a"/>
      </symbol>
      <symbol id="sm-109">
         <name>SYSCFG_DL_init</name>
         <value>0x2e35</value>
         <object_component_ref idref="oc-83"/>
      </symbol>
      <symbol id="sm-10a">
         <name>SYSCFG_DL_initPower</name>
         <value>0x2bb1</value>
         <object_component_ref idref="oc-c5"/>
      </symbol>
      <symbol id="sm-10b">
         <name>SYSCFG_DL_GPIO_init</name>
         <value>0x2b11</value>
         <object_component_ref idref="oc-c6"/>
      </symbol>
      <symbol id="sm-10c">
         <name>SYSCFG_DL_DEBUG_init</name>
         <value>0x2fd5</value>
         <object_component_ref idref="oc-c7"/>
      </symbol>
      <symbol id="sm-10d">
         <name>SYSCFG_DL_SYSCTL_init</name>
         <value>0x2e11</value>
         <object_component_ref idref="oc-c8"/>
      </symbol>
      <symbol id="sm-10e">
         <name>SYSCFG_DL_PWM_0_init</name>
         <value>0x2925</value>
         <object_component_ref idref="oc-c9"/>
      </symbol>
      <symbol id="sm-10f">
         <name>SYSCFG_DL_ADC12_0_init</name>
         <value>0x2b65</value>
         <object_component_ref idref="oc-90"/>
      </symbol>
      <symbol id="sm-110">
         <name>SYSCFG_DL_VREF_init</name>
         <value>0x2f89</value>
         <object_component_ref idref="oc-8f"/>
      </symbol>
      <symbol id="sm-111">
         <name>SYSCFG_DL_WWDT0_init</name>
         <value>0x2f45</value>
         <object_component_ref idref="oc-ca"/>
      </symbol>
      <symbol id="sm-11c">
         <name>Default_Handler</name>
         <value>0x29fb</value>
         <object_component_ref idref="oc-3b"/>
      </symbol>
      <symbol id="sm-11d">
         <name>Reset_Handler</name>
         <value>0x3013</value>
         <object_component_ref idref="oc-37"/>
      </symbol>
      <symbol id="sm-11e">
         <name>interruptVectors</name>
         <value>0x0</value>
         <object_component_ref idref="oc-1b"/>
      </symbol>
      <symbol id="sm-11f">
         <name>NMI_Handler</name>
         <value>0x29fb</value>
         <object_component_ref idref="oc-3b"/>
      </symbol>
      <symbol id="sm-120">
         <name>HardFault_Handler</name>
         <value>0x29fb</value>
         <object_component_ref idref="oc-3b"/>
      </symbol>
      <symbol id="sm-121">
         <name>SVC_Handler</name>
         <value>0x29fb</value>
         <object_component_ref idref="oc-3b"/>
      </symbol>
      <symbol id="sm-122">
         <name>PendSV_Handler</name>
         <value>0x29fb</value>
         <object_component_ref idref="oc-3b"/>
      </symbol>
      <symbol id="sm-123">
         <name>GROUP0_IRQHandler</name>
         <value>0x29fb</value>
         <object_component_ref idref="oc-3b"/>
      </symbol>
      <symbol id="sm-124">
         <name>TIMG8_IRQHandler</name>
         <value>0x29fb</value>
         <object_component_ref idref="oc-3b"/>
      </symbol>
      <symbol id="sm-125">
         <name>ADC0_IRQHandler</name>
         <value>0x29fb</value>
         <object_component_ref idref="oc-3b"/>
      </symbol>
      <symbol id="sm-126">
         <name>SPI0_IRQHandler</name>
         <value>0x29fb</value>
         <object_component_ref idref="oc-3b"/>
      </symbol>
      <symbol id="sm-127">
         <name>UART0_IRQHandler</name>
         <value>0x29fb</value>
         <object_component_ref idref="oc-3b"/>
      </symbol>
      <symbol id="sm-128">
         <name>TIMG14_IRQHandler</name>
         <value>0x29fb</value>
         <object_component_ref idref="oc-3b"/>
      </symbol>
      <symbol id="sm-129">
         <name>TIMA0_IRQHandler</name>
         <value>0x29fb</value>
         <object_component_ref idref="oc-3b"/>
      </symbol>
      <symbol id="sm-12a">
         <name>I2C0_IRQHandler</name>
         <value>0x29fb</value>
         <object_component_ref idref="oc-3b"/>
      </symbol>
      <symbol id="sm-12b">
         <name>DMA_IRQHandler</name>
         <value>0x29fb</value>
         <object_component_ref idref="oc-3b"/>
      </symbol>
      <symbol id="sm-12c">
         <name>__TI_ATRegion0_src_addr</name>
         <value>0x0</value>
      </symbol>
      <symbol id="sm-12d">
         <name>__TI_ATRegion0_trg_addr</name>
         <value>0x0</value>
      </symbol>
      <symbol id="sm-12e">
         <name>__TI_ATRegion0_region_sz</name>
         <value>0x0</value>
      </symbol>
      <symbol id="sm-12f">
         <name>__TI_ATRegion1_src_addr</name>
         <value>0x0</value>
      </symbol>
      <symbol id="sm-130">
         <name>__TI_ATRegion1_trg_addr</name>
         <value>0x0</value>
      </symbol>
      <symbol id="sm-131">
         <name>__TI_ATRegion1_region_sz</name>
         <value>0x0</value>
      </symbol>
      <symbol id="sm-132">
         <name>__TI_ATRegion2_src_addr</name>
         <value>0x0</value>
      </symbol>
      <symbol id="sm-133">
         <name>__TI_ATRegion2_trg_addr</name>
         <value>0x0</value>
      </symbol>
      <symbol id="sm-134">
         <name>__TI_ATRegion2_region_sz</name>
         <value>0x0</value>
      </symbol>
      <symbol id="sm-13f">
         <name>DL_ADC12_setClockConfig</name>
         <value>0x2c8d</value>
         <object_component_ref idref="oc-ea"/>
      </symbol>
      <symbol id="sm-148">
         <name>DL_Common_delayCycles</name>
         <value>0x2ff5</value>
         <object_component_ref idref="oc-111"/>
      </symbol>
      <symbol id="sm-15d">
         <name>DL_FlashCTL_eraseMemoryFromRAM</name>
         <value>0x2f15</value>
         <object_component_ref idref="oc-152"/>
      </symbol>
      <symbol id="sm-15e">
         <name>DL_FlashCTL_unprotectSector</name>
         <value>0x2695</value>
         <object_component_ref idref="oc-14c"/>
      </symbol>
      <symbol id="sm-15f">
         <name>DL_FlashCTL_programMemoryFromRAM64</name>
         <value>0x2ddd</value>
         <object_component_ref idref="oc-153"/>
      </symbol>
      <symbol id="sm-179">
         <name>DL_Timer_setClockConfig</name>
         <value>0x2edd</value>
         <object_component_ref idref="oc-115"/>
      </symbol>
      <symbol id="sm-17a">
         <name>DL_Timer_setCaptureCompareValue</name>
         <value>0x2fc5</value>
         <object_component_ref idref="oc-d4"/>
      </symbol>
      <symbol id="sm-17b">
         <name>DL_Timer_setCaptCompUpdateMethod</name>
         <value>0x2ec1</value>
         <object_component_ref idref="oc-118"/>
      </symbol>
      <symbol id="sm-17c">
         <name>DL_Timer_setCaptureCompareOutCtl</name>
         <value>0x2f2d</value>
         <object_component_ref idref="oc-117"/>
      </symbol>
      <symbol id="sm-17d">
         <name>DL_Timer_initFourCCPWMMode</name>
         <value>0x24ad</value>
         <object_component_ref idref="oc-116"/>
      </symbol>
      <symbol id="sm-187">
         <name>DL_VREF_configReference</name>
         <value>0x2e7d</value>
         <object_component_ref idref="oc-e3"/>
      </symbol>
      <symbol id="sm-192">
         <name>DL_SYSCTL_switchMCLKfromLFCLKtoSYSOSC</name>
         <value>0x2d49</value>
         <object_component_ref idref="oc-8a"/>
      </symbol>
      <symbol id="sm-19d">
         <name>_c_int00_noargs</name>
         <value>0x2db5</value>
         <object_component_ref idref="oc-5a"/>
      </symbol>
      <symbol id="sm-19e">
         <name>__stack</name>
         <value>0x20000300</value>
         <object_component_ref idref="oc-1d"/>
      </symbol>
      <symbol id="sm-1aa">
         <name>__TI_auto_init_nopinit</name>
         <value>0x2c49</value>
         <object_component_ref idref="oc-b3"/>
      </symbol>
      <symbol id="sm-1b2">
         <name>_system_pre_init</name>
         <value>0x3017</value>
         <object_component_ref idref="oc-6a"/>
      </symbol>
      <symbol id="sm-1bc">
         <name>copy_in</name>
         <value>0x2bfd</value>
         <object_component_ref idref="oc-10c"/>
      </symbol>
      <symbol id="sm-1c6">
         <name>__TI_zero_init_nomemset</name>
         <value>0x2f5d</value>
         <object_component_ref idref="oc-51"/>
      </symbol>
      <symbol id="sm-1cf">
         <name>__TI_decompress_none</name>
         <value>0x2fb1</value>
         <object_component_ref idref="oc-23"/>
      </symbol>
      <symbol id="sm-1da">
         <name>__TI_decompress_lzss</name>
         <value>0x28a9</value>
         <object_component_ref idref="oc-1f"/>
      </symbol>
      <symbol id="sm-1e4">
         <name>abort</name>
         <value>0x3009</value>
         <object_component_ref idref="oc-a5"/>
      </symbol>
      <symbol id="sm-1ee">
         <name>HOSTexit</name>
         <value>0x300f</value>
         <object_component_ref idref="oc-100"/>
      </symbol>
      <symbol id="sm-1ef">
         <name>C$$EXIT</name>
         <value>0x300e</value>
         <object_component_ref idref="oc-100"/>
      </symbol>
      <symbol id="sm-1f5">
         <name>__aeabi_lmul</name>
         <value>0x2e59</value>
         <object_component_ref idref="oc-11b"/>
      </symbol>
      <symbol id="sm-1f6">
         <name>__muldi3</name>
         <value>0x2e59</value>
         <object_component_ref idref="oc-11b"/>
      </symbol>
      <symbol id="sm-1fc">
         <name>__aeabi_idiv</name>
         <value>0x2ab9</value>
         <object_component_ref idref="oc-141"/>
      </symbol>
      <symbol id="sm-1fd">
         <name>__aeabi_idivmod</name>
         <value>0x2ab9</value>
         <object_component_ref idref="oc-141"/>
      </symbol>
      <symbol id="sm-203">
         <name>__aeabi_uidiv</name>
         <value>0x2ccd</value>
         <object_component_ref idref="oc-92"/>
      </symbol>
      <symbol id="sm-204">
         <name>__aeabi_uidivmod</name>
         <value>0x2ccd</value>
         <object_component_ref idref="oc-92"/>
      </symbol>
      <symbol id="sm-20a">
         <name>__aeabi_uldivmod</name>
         <value>0x2f9d</value>
         <object_component_ref idref="oc-11f"/>
      </symbol>
      <symbol id="sm-210">
         <name>__aeabi_memcpy</name>
         <value>0x3001</value>
         <object_component_ref idref="oc-4a"/>
      </symbol>
      <symbol id="sm-211">
         <name>__aeabi_memcpy4</name>
         <value>0x3001</value>
         <object_component_ref idref="oc-4a"/>
      </symbol>
      <symbol id="sm-212">
         <name>__aeabi_memcpy8</name>
         <value>0x3001</value>
         <object_component_ref idref="oc-4a"/>
      </symbol>
      <symbol id="sm-218">
         <name>__aeabi_memset</name>
         <value>0x2ef9</value>
         <object_component_ref idref="oc-66"/>
      </symbol>
      <symbol id="sm-219">
         <name>__aeabi_memset4</name>
         <value>0x2ef9</value>
         <object_component_ref idref="oc-66"/>
      </symbol>
      <symbol id="sm-21a">
         <name>__aeabi_memset8</name>
         <value>0x2ef9</value>
         <object_component_ref idref="oc-66"/>
      </symbol>
      <symbol id="sm-21b">
         <name>__aeabi_memclr</name>
         <value>0x2f07</value>
         <object_component_ref idref="oc-66"/>
      </symbol>
      <symbol id="sm-21c">
         <name>__aeabi_memclr4</name>
         <value>0x2f07</value>
         <object_component_ref idref="oc-66"/>
      </symbol>
      <symbol id="sm-21d">
         <name>__aeabi_memclr8</name>
         <value>0x2f07</value>
         <object_component_ref idref="oc-66"/>
      </symbol>
      <symbol id="sm-223">
         <name>__udivmoddi4</name>
         <value>0x276d</value>
         <object_component_ref idref="oc-167"/>
      </symbol>
      <symbol id="sm-229">
         <name>__muldsi3</name>
         <value>0x2d0d</value>
         <object_component_ref idref="oc-162"/>
      </symbol>
      <symbol id="sm-22f">
         <name>__aeabi_llsl</name>
         <value>0x2ea1</value>
         <object_component_ref idref="oc-172"/>
      </symbol>
      <symbol id="sm-230">
         <name>__ashldi3</name>
         <value>0x2ea1</value>
         <object_component_ref idref="oc-172"/>
      </symbol>
      <symbol id="sm-23c">
         <name>__aeabi_idiv0</name>
         <value>0x2b0f</value>
         <object_component_ref idref="oc-f1"/>
      </symbol>
      <symbol id="sm-23d">
         <name>__aeabi_ldiv0</name>
         <value>0x2d47</value>
         <object_component_ref idref="oc-171"/>
      </symbol>
      <symbol id="sm-256">
         <name>memcpy</name>
         <value>0x280f</value>
         <object_component_ref idref="oc-7e"/>
      </symbol>
      <symbol id="sm-265">
         <name>memset</name>
         <value>0x2999</value>
         <object_component_ref idref="oc-c4"/>
      </symbol>
      <symbol id="sm-266">
         <name>__TI_static_base__</name>
         <value>0x0</value>
      </symbol>
      <symbol id="sm-26a">
         <name>__mpu_init</name>
         <value>0x0</value>
      </symbol>
      <symbol id="sm-26b">
         <name>_system_post_cinit</name>
         <value>0x0</value>
      </symbol>
   </symbol_table>
   <title>Link successful</title>
</link_info>
